******************************************************************************
                  TI ARM Linker PC v18.1.1                     
******************************************************************************
>> Linked Sat Apr 21 14:06:12 2018

OUTPUT FILE NAME:   <Servo_ADC_MPS432.out>
ENTRY POINT SYMBOL: "_c_int00_noargs"  address: 000010ad


MEMORY CONFIGURATION

         name            origin    length      used     unused   attr    fill
----------------------  --------  ---------  --------  --------  ----  --------
  MAIN                  00000000   00020000  00001300  0001ed00  R  X
  INFO                  00200000   00004000  00000000  00004000  R  X
  SRAM_CODE             01000000   00008000  00000261  00007d9f  RW X
  SRAM_DATA             20000000   00008000  00000261  00007d9f  RW  


SEGMENT ALLOCATION MAP

run origin  load origin   length   init length attrs members
----------  ----------- ---------- ----------- ----- -------
00000000    00000000    00001300   00001300    r-x
  00000000    00000000    000000e4   000000e4    r-- .intvecs
  000000e4    000000e4    0000111c   0000111c    r-x .text
  00001200    00001200    000000b0   000000b0    r-- .const
  000012b0    000012b0    00000050   00000050    r-- .cinit
20000000    20000000    00000062   00000000    rw-
  20000000    20000000    00000055   00000000    rw- .data
  20000056    20000056    0000000c   00000000    rw- .bss
20007e00    20007e00    00000200   00000000    rw-
  20007e00    20007e00    00000200   00000000    rw- .stack


SECTION ALLOCATION MAP

 output                                  attributes/
section   page    origin      length       input sections
--------  ----  ----------  ----------   ----------------
.intvecs   0    00000000    000000e4     
                  00000000    000000e4     startup_msp432p401m_ccs.obj (.intvecs:retain)

.text      0    000000e4    0000111c     
                  000000e4    0000032c     system_msp432p401m.obj (.text)
                  00000410    000001b6     rtsv7M4_T_le_v4SPD16_eabi.lib : fd_add_t2.asm.obj (.text)
                  000005c6    00000002     --HOLE-- [fill = 0]
                  000005c8    000001a0     TIMERA_Driver.obj (.text)
                  00000768    00000178     ADC_Driver.obj (.text)
                  000008e0    0000016c     main.obj (.text)
                  00000a4c    00000154     msp432p4xx_driverlib.lib : adc14_MSP432P4XX.obj (.text:_getIndexForMemRegister)
                  00000ba0    000000fc     rtsv7M4_T_le_v4SPD16_eabi.lib : fd_mul_t2.asm.obj (.text)
                  00000c9c    0000009c                                   : memcpy_t2.asm.obj (.text)
                  00000d38    00000078     msp432p4xx_driverlib.lib : adc14_MSP432P4XX.obj (.text:ADC14_configureMultiSequenceMode)
                  00000db0    0000006e     rtsv7M4_T_le_v4SPD16_eabi.lib : fd_tos_t2.asm.obj (.text)
                  00000e1e    00000002     --HOLE-- [fill = 0]
                  00000e20    0000006c     msp432p4xx_driverlib.lib : adc14_MSP432P4XX.obj (.text:ADC14_configureConversionMemory)
                  00000e8c    00000068     CS_Driver.obj (.text)
                  00000ef4    00000068     rtsv7M4_T_le_v4SPD16_eabi.lib : copy_decompress_lzss.c.obj (.text:decompress:lzss:__TI_decompress_lzss)
                  00000f5c    0000004c     msp432p4xx_driverlib.lib : gpio_MSP432P4XX.obj (.text:GPIO_setAsPeripheralModuleFunctionInputPin)
                  00000fa8    00000044                              : adc14_MSP432P4XX.obj (.text:ADC14_configureSingleSampleMode)
                  00000fec    00000044                              : adc14_MSP432P4XX.obj (.text:ADC14_getMultiSequenceResult)
                  00001030    00000044     rtsv7M4_T_le_v4SPD16_eabi.lib : autoinit.c.obj (.text:__TI_auto_init_nobinit_nopinit:__TI_auto_init_nobinit_nopinit)
                  00001074    00000038     msp432p4xx_driverlib.lib : adc14_MSP432P4XX.obj (.text:ADC14_initModule)
                  000010ac    00000038     rtsv7M4_T_le_v4SPD16_eabi.lib : boot_cortex_m.c.obj (.text:_c_int00_noargs:_c_int00_noargs)
                  000010e4    0000002c     msp432p4xx_driverlib.lib : adc14_MSP432P4XX.obj (.text:ADC14_enableConversion)
                  00001110    00000028                              : adc14_MSP432P4XX.obj (.text:ADC14_enableSampleTimer)
                  00001138    00000020                              : adc14_MSP432P4XX.obj (.text:ADC14_toggleConversionTrigger)
                  00001158    00000020     rtsv7M4_T_le_v4SPD16_eabi.lib : u_tofd_t2.asm.obj (.text)
                  00001178    00000018     msp432p4xx_driverlib.lib : adc14_MSP432P4XX.obj (.text:ADC14_getResult)
                  00001190    00000014                              : adc14_MSP432P4XX.obj (.text:ADC14_isBusy)
                  000011a4    00000014                              : adc14_MSP432P4XX.obj (.text:ADCIsConversionRunning)
                  000011b8    00000012     rtsv7M4_T_le_v4SPD16_eabi.lib : copy_zero_init.c.obj (.text:decompress:ZI:__TI_zero_init_nomemset:__TI_zero_init_nomemset)
                  000011ca    00000002     --HOLE-- [fill = 0]
                  000011cc    00000010     msp432p4xx_driverlib.lib : adc14_MSP432P4XX.obj (.text:ADC14_enableModule)
                  000011dc    0000000e     rtsv7M4_T_le_v4SPD16_eabi.lib : copy_decompress_none.c.obj (.text:decompress:none:__TI_decompress_none)
                  000011ea    0000000e     startup_msp432p401m_ccs.obj (.text)
                  000011f8    00000004     rtsv7M4_T_le_v4SPD16_eabi.lib : pre_init.c.obj (.text:_system_pre_init)
                  000011fc    00000004                                   : exit.c.obj (.text:abort:abort)

.const     0    00001200    000000b0     
                  00001200    00000080     msp432p4xx_driverlib.lib : adc14_MSP432P4XX.obj (.const:_ctlRegs)
                  00001280    00000030                              : gpio_MSP432P4XX.obj (.const:GPIO_PORT_TO_BASE)

.cinit     0    000012b0    00000050     
                  000012b0    0000002b     (.cinit..data.load) [load image, compression = lzss]
                  000012db    00000001     --HOLE-- [fill = 0]
                  000012dc    0000000c     (__TI_handler_table)
                  000012e8    00000008     (.cinit..bss.load) [load image, compression = zero_init]
                  000012f0    00000010     (__TI_cinit_table)

.init_array 
*          0    00000000    00000000     UNINITIALIZED

.binit     0    00000000    00000000     

.data      0    20000000    00000055     UNINITIALIZED
                  20000000    00000018     main.obj (.data:PWMConfig0)
                  20000018    00000018     main.obj (.data:PWMConfig1)
                  20000030    00000018     main.obj (.data:PWMConfig2)
                  20000048    00000008     TIMERA_Driver.obj (.data)
                  20000050    00000004     system_msp432p401m.obj (.data)
                  20000054    00000001     ADC_Driver.obj (.data)

.bss       0    20000056    0000000c     UNINITIALIZED
                  20000056    0000000c     (.common:ADC_Buffer)

.stack     0    20007e00    00000200     UNINITIALIZED
                  20007e00    00000004     rtsv7M4_T_le_v4SPD16_eabi.lib : boot_cortex_m.c.obj (.stack)
                  20007e04    000001fc     --HOLE--

MODULE SUMMARY

       Module                        code   ro data   rw data
       ------                        ----   -------   -------
    .\
       system_msp432p401m.obj        812    0         8      
       main.obj                      364    0         144    
       startup_msp432p401m_ccs.obj   14     228       0      
    +--+-----------------------------+------+---------+---------+
       Total:                        1190   228       152    
                                                             
    .\Hardware\
       TIMERA_Driver.obj             416    0         16     
       ADC_Driver.obj                376    0         26     
       CS_Driver.obj                 104    0         0      
    +--+-----------------------------+------+---------+---------+
       Total:                        896    0         42     
                                                             
    C:/ti/simplelink_msp432p4_sdk_2_10_00_14/source/ti/devices/msp432p4xx/driverlib/ccs/msp432p4xx_driverlib.lib
       adc14_MSP432P4XX.obj          956    128       0      
       gpio_MSP432P4XX.obj           76     48        0      
    +--+-----------------------------+------+---------+---------+
       Total:                        1032   176       0      
                                                             
    C:\ti\ccsv7\tools\compiler\ti-cgt-arm_18.1.1.LTS\lib\rtsv7M4_T_le_v4SPD16_eabi.lib
       fd_add_t2.asm.obj             438    0         0      
       fd_mul_t2.asm.obj             252    0         0      
       memcpy_t2.asm.obj             156    0         0      
       fd_tos_t2.asm.obj             110    0         0      
       copy_decompress_lzss.c.obj    104    0         0      
       autoinit.c.obj                68     0         0      
       boot_cortex_m.c.obj           56     0         0      
       u_tofd_t2.asm.obj             32     0         0      
       copy_zero_init.c.obj          18     0         0      
       copy_decompress_none.c.obj    14     0         0      
       exit.c.obj                    4      0         0      
       pre_init.c.obj                4      0         0      
    +--+-----------------------------+------+---------+---------+
       Total:                        1256   0         0      
                                                             
       Stack:                        0      0         1024   
       Linker Generated:             0      79        0      
    +--+-----------------------------+------+---------+---------+
       Grand Total:                  4374   483       1218   


LINKER GENERATED COPY TABLES

__TI_cinit_table @ 000012f0 records: 2, size/record: 8, table size: 16
	.data: load addr=000012b0, load size=0000002b bytes, run addr=20000000, run size=00000055 bytes, compression=lzss
	.bss: load addr=000012e8, load size=00000008 bytes, run addr=20000056, run size=0000000c bytes, compression=zero_init


LINKER GENERATED HANDLER TABLE

__TI_handler_table @ 000012dc records: 3, size/record: 4, table size: 12
	index: 0, handler: __TI_decompress_lzss
	index: 1, handler: __TI_decompress_none
	index: 2, handler: __TI_zero_init


GLOBAL SYMBOLS: SORTED ALPHABETICALLY BY Name 

address   name                                      
-------   ----                                      
0000089b  ADC14_IRQHandler                          
0000089b  ADC14_IRQHandler                          
00000e21  ADC14_configureConversionMemory           
00000d39  ADC14_configureMultiSequenceMode          
00000fa9  ADC14_configureSingleSampleMode           
000010e5  ADC14_enableConversion                    
000011cd  ADC14_enableModule                        
00001111  ADC14_enableSampleTimer                   
00000fed  ADC14_getMultiSequenceResult              
00001179  ADC14_getResult                           
00001075  ADC14_initModule                          
00001191  ADC14_isBusy                              
00001139  ADC14_toggleConversionTrigger             
20000056  ADC_Buffer                                
00000769  ADC_Enable                                
00000897  ADC_GetBuffer                             
00000815  ADC_InitMultiple                          
00000785  ADC_InitSingle                            
000007f5  ADC_Read                                  
0000086f  ADC_ReadMultiple                          
00000887  ADC_WaitSample                            
000011f7  AES256_IRQHandler                         
000011f7  BusFault_Handler                          
000011fd  C$$EXIT                                   
000011f7  COMP_E0_IRQHandler                        
000011f7  COMP_E1_IRQHandler                        
000011f7  CS_IRQHandler                             
00000e8d  CS_Init                                   
00000ec7  CS_PWM_Init                               
000011f7  DMA_ERR_IRQHandler                        
000011f7  DMA_INT0_IRQHandler                       
000011f7  DMA_INT1_IRQHandler                       
000011f7  DMA_INT2_IRQHandler                       
000011f7  DMA_INT3_IRQHandler                       
000011f7  DebugMon_Handler                          
000011f7  Default_Handler                           
000011f7  EUSCIA0_IRQHandler                        
000011f7  EUSCIA1_IRQHandler                        
000011f7  EUSCIA2_IRQHandler                        
000011f7  EUSCIA3_IRQHandler                        
000011f7  EUSCIB0_IRQHandler                        
000011f7  EUSCIB1_IRQHandler                        
000011f7  EUSCIB2_IRQHandler                        
000011f7  EUSCIB3_IRQHandler                        
000011f7  FLCTL_IRQHandler                          
000011f7  FPU_IRQHandler                            
00000f5d  GPIO_setAsPeripheralModuleFunctionInputPin
000011f7  HardFault_Handler                         
000011f7  MemManage_Handler                         
000011f7  NMI_Handler                               
000011f7  PCM_IRQHandler                            
000011f7  PORT1_IRQHandler                          
000011f7  PORT2_IRQHandler                          
000011f7  PORT3_IRQHandler                          
000011f7  PORT4_IRQHandler                          
000011f7  PORT5_IRQHandler                          
000011f7  PORT6_IRQHandler                          
000011f7  PSS_IRQHandler                            
20000000  PWMConfig0                                
20000018  PWMConfig1                                
20000030  PWMConfig2                                
000011f7  PendSV_Handler                            
000011f7  RTC_C_IRQHandler                          
000011eb  Reset_Handler                             
000011f7  SVC_Handler                               
20000054  Sample_Ready                              
000011f7  SysTick_Handler                           
20000050  SystemCoreClock                           
000000e5  SystemCoreClockUpdate                     
00000359  SystemInit                                
000011f7  T32_INT1_IRQHandler                       
000011f7  T32_INT2_IRQHandler                       
000011f7  T32_INTC_IRQHandler                       
00000711  TA0_0_IRQHandler                          
00000711  TA0_0_IRQHandler                          
000011f7  TA0_N_IRQHandler                          
00000731  TA1_0_IRQHandler                          
00000731  TA1_0_IRQHandler                          
000011f7  TA1_N_IRQHandler                          
000011f7  TA2_0_IRQHandler                          
000011f7  TA2_N_IRQHandler                          
000011f7  TA3_0_IRQHandler                          
000011f7  TA3_N_IRQHandler                          
000006f3  TIMERA_DutyCycle                          
000005c9  TIMERA_Init                               
00000687  TIMERA_RegisterCallback                   
000006b9  TIMERA_StartTimer                         
20000048  TIMER_A0_CB                               
2000004c  TIMER_A1_CB                               
000011f7  UsageFault_Handler                        
4000480c  WDTCTL_SYM                                
000011f7  WDT_A_IRQHandler                          
20008000  __STACK_END                               
00000200  __STACK_SIZE                              
000012f0  __TI_CINIT_Base                           
00001300  __TI_CINIT_Limit                          
000012dc  __TI_Handler_Table_Base                   
000012e8  __TI_Handler_Table_Limit                  
00001031  __TI_auto_init_nobinit_nopinit            
00000ef5  __TI_decompress_lzss                      
000011dd  __TI_decompress_none                      
ffffffff  __TI_pprof_out_hndl                       
ffffffff  __TI_prof_data_size                       
ffffffff  __TI_prof_data_start                      
00000000  __TI_static_base__                        
000011b9  __TI_zero_init_nomemset                   
00000db1  __aeabi_d2f                               
0000041b  __aeabi_dadd                              
00000ba1  __aeabi_dmul                              
00000411  __aeabi_dsub                              
00000c9d  __aeabi_memcpy                            
00000c9d  __aeabi_memcpy4                           
00000c9d  __aeabi_memcpy8                           
00001159  __aeabi_ui2d                              
ffffffff  __binit__                                 
ffffffff  __c_args__                                
UNDEFED   __mpu_init                                
20007e00  __stack                                   
000010ad  _c_int00_noargs                           
UNDEFED   _system_post_cinit                        
000011f9  _system_pre_init                          
000011fd  abort                                     
ffffffff  binit                                     
00000000  interruptVectors                          
000008e1  main                                      
00000c9d  memcpy                                    


GLOBAL SYMBOLS: SORTED BY Symbol Address 

address   name                                      
-------   ----                                      
00000000  __TI_static_base__                        
00000000  interruptVectors                          
000000e5  SystemCoreClockUpdate                     
00000200  __STACK_SIZE                              
00000359  SystemInit                                
00000411  __aeabi_dsub                              
0000041b  __aeabi_dadd                              
000005c9  TIMERA_Init                               
00000687  TIMERA_RegisterCallback                   
000006b9  TIMERA_StartTimer                         
000006f3  TIMERA_DutyCycle                          
00000711  TA0_0_IRQHandler                          
00000711  TA0_0_IRQHandler                          
00000731  TA1_0_IRQHandler                          
00000731  TA1_0_IRQHandler                          
00000769  ADC_Enable                                
00000785  ADC_InitSingle                            
000007f5  ADC_Read                                  
00000815  ADC_InitMultiple                          
0000086f  ADC_ReadMultiple                          
00000887  ADC_WaitSample                            
00000897  ADC_GetBuffer                             
0000089b  ADC14_IRQHandler                          
0000089b  ADC14_IRQHandler                          
000008e1  main                                      
00000ba1  __aeabi_dmul                              
00000c9d  __aeabi_memcpy                            
00000c9d  __aeabi_memcpy4                           
00000c9d  __aeabi_memcpy8                           
00000c9d  memcpy                                    
00000d39  ADC14_configureMultiSequenceMode          
00000db1  __aeabi_d2f                               
00000e21  ADC14_configureConversionMemory           
00000e8d  CS_Init                                   
00000ec7  CS_PWM_Init                               
00000ef5  __TI_decompress_lzss                      
00000f5d  GPIO_setAsPeripheralModuleFunctionInputPin
00000fa9  ADC14_configureSingleSampleMode           
00000fed  ADC14_getMultiSequenceResult              
00001031  __TI_auto_init_nobinit_nopinit            
00001075  ADC14_initModule                          
000010ad  _c_int00_noargs                           
000010e5  ADC14_enableConversion                    
00001111  ADC14_enableSampleTimer                   
00001139  ADC14_toggleConversionTrigger             
00001159  __aeabi_ui2d                              
00001179  ADC14_getResult                           
00001191  ADC14_isBusy                              
000011b9  __TI_zero_init_nomemset                   
000011cd  ADC14_enableModule                        
000011dd  __TI_decompress_none                      
000011eb  Reset_Handler                             
000011f7  AES256_IRQHandler                         
000011f7  BusFault_Handler                          
000011f7  COMP_E0_IRQHandler                        
000011f7  COMP_E1_IRQHandler                        
000011f7  CS_IRQHandler                             
000011f7  DMA_ERR_IRQHandler                        
000011f7  DMA_INT0_IRQHandler                       
000011f7  DMA_INT1_IRQHandler                       
000011f7  DMA_INT2_IRQHandler                       
000011f7  DMA_INT3_IRQHandler                       
000011f7  DebugMon_Handler                          
000011f7  Default_Handler                           
000011f7  EUSCIA0_IRQHandler                        
000011f7  EUSCIA1_IRQHandler                        
000011f7  EUSCIA2_IRQHandler                        
000011f7  EUSCIA3_IRQHandler                        
000011f7  EUSCIB0_IRQHandler                        
000011f7  EUSCIB1_IRQHandler                        
000011f7  EUSCIB2_IRQHandler                        
000011f7  EUSCIB3_IRQHandler                        
000011f7  FLCTL_IRQHandler                          
000011f7  FPU_IRQHandler                            
000011f7  HardFault_Handler                         
000011f7  MemManage_Handler                         
000011f7  NMI_Handler                               
000011f7  PCM_IRQHandler                            
000011f7  PORT1_IRQHandler                          
000011f7  PORT2_IRQHandler                          
000011f7  PORT3_IRQHandler                          
000011f7  PORT4_IRQHandler                          
000011f7  PORT5_IRQHandler                          
000011f7  PORT6_IRQHandler                          
000011f7  PSS_IRQHandler                            
000011f7  PendSV_Handler                            
000011f7  RTC_C_IRQHandler                          
000011f7  SVC_Handler                               
000011f7  SysTick_Handler                           
000011f7  T32_INT1_IRQHandler                       
000011f7  T32_INT2_IRQHandler                       
000011f7  T32_INTC_IRQHandler                       
000011f7  TA0_N_IRQHandler                          
000011f7  TA1_N_IRQHandler                          
000011f7  TA2_0_IRQHandler                          
000011f7  TA2_N_IRQHandler                          
000011f7  TA3_0_IRQHandler                          
000011f7  TA3_N_IRQHandler                          
000011f7  UsageFault_Handler                        
000011f7  WDT_A_IRQHandler                          
000011f9  _system_pre_init                          
000011fd  C$$EXIT                                   
000011fd  abort                                     
000012dc  __TI_Handler_Table_Base                   
000012e8  __TI_Handler_Table_Limit                  
000012f0  __TI_CINIT_Base                           
00001300  __TI_CINIT_Limit                          
20000000  PWMConfig0                                
20000018  PWMConfig1                                
20000030  PWMConfig2                                
20000048  TIMER_A0_CB                               
2000004c  TIMER_A1_CB                               
20000050  SystemCoreClock                           
20000054  Sample_Ready                              
20000056  ADC_Buffer                                
20007e00  __stack                                   
20008000  __STACK_END                               
4000480c  WDTCTL_SYM                                
ffffffff  __TI_pprof_out_hndl                       
ffffffff  __TI_prof_data_size                       
ffffffff  __TI_prof_data_start                      
ffffffff  __binit__                                 
ffffffff  __c_args__                                
ffffffff  binit                                     
UNDEFED   __mpu_init                                
UNDEFED   _system_post_cinit                        

[126 symbols]
