******************************************************************************
                  TI ARM Linker PC v18.1.1                     
******************************************************************************
>> Linked Mon Apr 30 13:55:35 2018

OUTPUT FILE NAME:   <Servo_ADC_MPS432.out>
ENTRY POINT SYMBOL: "_c_int00_noargs"  address: 000010c1


MEMORY CONFIGURATION

         name            origin    length      used     unused   attr    fill
----------------------  --------  ---------  --------  --------  ----  --------
  MAIN                  00000000   00020000  00001314  0001ecec  R  X
  INFO                  00200000   00004000  00000000  00004000  R  X
  SRAM_CODE             01000000   00008000  00000264  00007d9c  RW X
  SRAM_DATA             20000000   00008000  00000264  00007d9c  RW  


SEGMENT ALLOCATION MAP

run origin  load origin   length   init length attrs members
----------  ----------- ---------- ----------- ----- -------
00000000    00000000    00001318   00001318    r-x
  00000000    00000000    000000e4   000000e4    r-- .intvecs
  000000e4    000000e4    00001130   00001130    r-x .text
  00001214    00001214    000000b0   000000b0    r-- .const
  000012c8    000012c8    00000050   00000050    r-- .cinit
20000000    20000000    00000064   00000000    rw-
  20000000    20000000    00000058   00000000    rw- .data
  20000058    20000058    0000000c   00000000    rw- .bss
20007e00    20007e00    00000200   00000000    rw-
  20007e00    20007e00    00000200   00000000    rw- .stack


SECTION ALLOCATION MAP

 output                                  attributes/
section   page    origin      length       input sections
--------  ----  ----------  ----------   ----------------
.intvecs   0    00000000    000000e4     
                  00000000    000000e4     startup_msp432p401m_ccs.obj (.intvecs:retain)

.text      0    000000e4    00001130     
                  000000e4    0000032c     system_msp432p401m.obj (.text)
                  00000410    000001bc     TIMERA_Driver.obj (.text)
                  000005cc    000001b6     rtsv7M4_T_le_v4SPD16_eabi.lib : fd_add_t2.asm.obj (.text)
                  00000782    00000002     --HOLE-- [fill = 0]
                  00000784    00000188     ADC_Driver.obj (.text)
                  0000090c    00000154     msp432p4xx_driverlib.lib : adc14_MSP432P4XX.obj (.text:_getIndexForMemRegister)
                  00000a60    00000154     main.obj (.text)
                  00000bb4    000000fc     rtsv7M4_T_le_v4SPD16_eabi.lib : fd_mul_t2.asm.obj (.text)
                  00000cb0    0000009c                                   : memcpy_t2.asm.obj (.text)
                  00000d4c    00000078     msp432p4xx_driverlib.lib : adc14_MSP432P4XX.obj (.text:ADC14_configureMultiSequenceMode)
                  00000dc4    0000006e     rtsv7M4_T_le_v4SPD16_eabi.lib : fd_tos_t2.asm.obj (.text)
                  00000e32    00000002     --HOLE-- [fill = 0]
                  00000e34    0000006c     msp432p4xx_driverlib.lib : adc14_MSP432P4XX.obj (.text:ADC14_configureConversionMemory)
                  00000ea0    00000068     CS_Driver.obj (.text)
                  00000f08    00000068     rtsv7M4_T_le_v4SPD16_eabi.lib : copy_decompress_lzss.c.obj (.text:decompress:lzss:__TI_decompress_lzss)
                  00000f70    0000004c     msp432p4xx_driverlib.lib : gpio_MSP432P4XX.obj (.text:GPIO_setAsPeripheralModuleFunctionInputPin)
                  00000fbc    00000044                              : adc14_MSP432P4XX.obj (.text:ADC14_configureSingleSampleMode)
                  00001000    00000044                              : adc14_MSP432P4XX.obj (.text:ADC14_getMultiSequenceResult)
                  00001044    00000044     rtsv7M4_T_le_v4SPD16_eabi.lib : autoinit.c.obj (.text:__TI_auto_init_nobinit_nopinit:__TI_auto_init_nobinit_nopinit)
                  00001088    00000038     msp432p4xx_driverlib.lib : adc14_MSP432P4XX.obj (.text:ADC14_initModule)
                  000010c0    00000038     rtsv7M4_T_le_v4SPD16_eabi.lib : boot_cortex_m.c.obj (.text:_c_int00_noargs:_c_int00_noargs)
                  000010f8    0000002c     msp432p4xx_driverlib.lib : adc14_MSP432P4XX.obj (.text:ADC14_enableConversion)
                  00001124    00000028                              : adc14_MSP432P4XX.obj (.text:ADC14_enableSampleTimer)
                  0000114c    00000020                              : adc14_MSP432P4XX.obj (.text:ADC14_toggleConversionTrigger)
                  0000116c    00000020     rtsv7M4_T_le_v4SPD16_eabi.lib : u_tofd_t2.asm.obj (.text)
                  0000118c    00000018     msp432p4xx_driverlib.lib : adc14_MSP432P4XX.obj (.text:ADC14_getResult)
                  000011a4    00000014                              : adc14_MSP432P4XX.obj (.text:ADC14_isBusy)
                  000011b8    00000014                              : adc14_MSP432P4XX.obj (.text:ADCIsConversionRunning)
                  000011cc    00000012     rtsv7M4_T_le_v4SPD16_eabi.lib : copy_zero_init.c.obj (.text:decompress:ZI:__TI_zero_init_nomemset:__TI_zero_init_nomemset)
                  000011de    00000002     --HOLE-- [fill = 0]
                  000011e0    00000010     msp432p4xx_driverlib.lib : adc14_MSP432P4XX.obj (.text:ADC14_enableModule)
                  000011f0    0000000e     rtsv7M4_T_le_v4SPD16_eabi.lib : copy_decompress_none.c.obj (.text:decompress:none:__TI_decompress_none)
                  000011fe    0000000e     startup_msp432p401m_ccs.obj (.text)
                  0000120c    00000004     rtsv7M4_T_le_v4SPD16_eabi.lib : pre_init.c.obj (.text:_system_pre_init)
                  00001210    00000004                                   : exit.c.obj (.text:abort:abort)

.const     0    00001214    000000b0     
                  00001214    00000080     msp432p4xx_driverlib.lib : adc14_MSP432P4XX.obj (.const:_ctlRegs)
                  00001294    00000030                              : gpio_MSP432P4XX.obj (.const:GPIO_PORT_TO_BASE)

.cinit     0    000012c8    00000050     
                  000012c8    0000002a     (.cinit..data.load) [load image, compression = lzss]
                  000012f2    00000002     --HOLE-- [fill = 0]
                  000012f4    0000000c     (__TI_handler_table)
                  00001300    00000008     (.cinit..bss.load) [load image, compression = zero_init]
                  00001308    00000010     (__TI_cinit_table)

.init_array 
*          0    00000000    00000000     UNINITIALIZED

.binit     0    00000000    00000000     

.data      0    20000000    00000058     UNINITIALIZED
                  20000000    00000018     main.obj (.data:PWMConfig0)
                  20000018    00000018     main.obj (.data:PWMConfig1)
                  20000030    00000018     main.obj (.data:PWMConfig2)
                  20000048    00000008     TIMERA_Driver.obj (.data)
                  20000050    00000004     ADC_Driver.obj (.data)
                  20000054    00000004     system_msp432p401m.obj (.data)

.bss       0    20000058    0000000c     UNINITIALIZED
                  20000058    0000000c     (.common:ADC_Buffer)

.stack     0    20007e00    00000200     UNINITIALIZED
                  20007e00    00000004     rtsv7M4_T_le_v4SPD16_eabi.lib : boot_cortex_m.c.obj (.stack)
                  20007e04    000001fc     --HOLE--

MODULE SUMMARY

       Module                        code   ro data   rw data
       ------                        ----   -------   -------
    .\
       system_msp432p401m.obj        812    0         8      
       main.obj                      340    0         144    
       startup_msp432p401m_ccs.obj   14     228       0      
    +--+-----------------------------+------+---------+---------+
       Total:                        1166   228       152    
                                                             
    .\Hardware\
       TIMERA_Driver.obj             444    0         16     
       ADC_Driver.obj                392    0         32     
       CS_Driver.obj                 104    0         0      
    +--+-----------------------------+------+---------+---------+
       Total:                        940    0         48     
                                                             
    C:/ti/simplelink_msp432p4_sdk_2_10_00_14/source/ti/devices/msp432p4xx/driverlib/ccs/msp432p4xx_driverlib.lib
       adc14_MSP432P4XX.obj          956    128       0      
       gpio_MSP432P4XX.obj           76     48        0      
    +--+-----------------------------+------+---------+---------+
       Total:                        1032   176       0      
                                                             
    C:\ti\ccsv7\tools\compiler\ti-cgt-arm_18.1.1.LTS\lib\rtsv7M4_T_le_v4SPD16_eabi.lib
       fd_add_t2.asm.obj             438    0         0      
       fd_mul_t2.asm.obj             252    0         0      
       memcpy_t2.asm.obj             156    0         0      
       fd_tos_t2.asm.obj             110    0         0      
       copy_decompress_lzss.c.obj    104    0         0      
       autoinit.c.obj                68     0         0      
       boot_cortex_m.c.obj           56     0         0      
       u_tofd_t2.asm.obj             32     0         0      
       copy_zero_init.c.obj          18     0         0      
       copy_decompress_none.c.obj    14     0         0      
       exit.c.obj                    4      0         0      
       pre_init.c.obj                4      0         0      
    +--+-----------------------------+------+---------+---------+
       Total:                        1256   0         0      
                                                             
       Stack:                        0      0         1024   
       Linker Generated:             0      78        0      
    +--+-----------------------------+------+---------+---------+
       Grand Total:                  4394   482       1224   


LINKER GENERATED COPY TABLES

__TI_cinit_table @ 00001308 records: 2, size/record: 8, table size: 16
	.data: load addr=000012c8, load size=0000002a bytes, run addr=20000000, run size=00000058 bytes, compression=lzss
	.bss: load addr=00001300, load size=00000008 bytes, run addr=20000058, run size=0000000c bytes, compression=zero_init


LINKER GENERATED HANDLER TABLE

__TI_handler_table @ 000012f4 records: 3, size/record: 4, table size: 12
	index: 0, handler: __TI_decompress_lzss
	index: 1, handler: __TI_decompress_none
	index: 2, handler: __TI_zero_init


GLOBAL SYMBOLS: SORTED ALPHABETICALLY BY Name 

address   name                                      
-------   ----                                      
000008b7  ADC14_IRQHandler                          
000008b7  ADC14_IRQHandler                          
00000e35  ADC14_configureConversionMemory           
00000d4d  ADC14_configureMultiSequenceMode          
00000fbd  ADC14_configureSingleSampleMode           
000010f9  ADC14_enableConversion                    
000011e1  ADC14_enableModule                        
00001125  ADC14_enableSampleTimer                   
00001001  ADC14_getMultiSequenceResult              
0000118d  ADC14_getResult                           
00001089  ADC14_initModule                          
000011a5  ADC14_isBusy                              
0000114d  ADC14_toggleConversionTrigger             
20000058  ADC_Buffer                                
20000050  ADC_Callback                              
00000785  ADC_Enable                                
000008a3  ADC_GetBuffer                             
00000831  ADC_InitMultiple                          
000007a1  ADC_InitSingle                            
00000811  ADC_Read                                  
0000088b  ADC_ReadMultiple                          
000008a7  ADC_RegisterCallback                      
0000120b  AES256_IRQHandler                         
0000120b  BusFault_Handler                          
00001211  C$$EXIT                                   
0000120b  COMP_E0_IRQHandler                        
0000120b  COMP_E1_IRQHandler                        
0000120b  CS_IRQHandler                             
00000ea1  CS_Init                                   
00000edb  CS_PWM_Init                               
0000120b  DMA_ERR_IRQHandler                        
0000120b  DMA_INT0_IRQHandler                       
0000120b  DMA_INT1_IRQHandler                       
0000120b  DMA_INT2_IRQHandler                       
0000120b  DMA_INT3_IRQHandler                       
0000120b  DebugMon_Handler                          
0000120b  Default_Handler                           
0000120b  EUSCIA0_IRQHandler                        
0000120b  EUSCIA1_IRQHandler                        
0000120b  EUSCIA2_IRQHandler                        
0000120b  EUSCIA3_IRQHandler                        
0000120b  EUSCIB0_IRQHandler                        
0000120b  EUSCIB1_IRQHandler                        
0000120b  EUSCIB2_IRQHandler                        
0000120b  EUSCIB3_IRQHandler                        
0000120b  FLCTL_IRQHandler                          
0000120b  FPU_IRQHandler                            
00000f71  GPIO_setAsPeripheralModuleFunctionInputPin
0000120b  HardFault_Handler                         
0000120b  MemManage_Handler                         
0000120b  NMI_Handler                               
0000120b  PCM_IRQHandler                            
0000120b  PORT1_IRQHandler                          
0000120b  PORT2_IRQHandler                          
0000120b  PORT3_IRQHandler                          
0000120b  PORT4_IRQHandler                          
0000120b  PORT5_IRQHandler                          
0000120b  PORT6_IRQHandler                          
0000120b  PSS_IRQHandler                            
20000000  PWMConfig0                                
20000018  PWMConfig1                                
20000030  PWMConfig2                                
0000120b  PendSV_Handler                            
00000a61  Queue_Hardware                            
0000120b  RTC_C_IRQHandler                          
000011ff  Reset_Handler                             
0000120b  SVC_Handler                               
0000120b  SysTick_Handler                           
20000054  SystemCoreClock                           
000000e5  SystemCoreClockUpdate                     
00000359  SystemInit                                
0000120b  T32_INT1_IRQHandler                       
0000120b  T32_INT2_IRQHandler                       
0000120b  T32_INTC_IRQHandler                       
00000577  TA0_0_IRQHandler                          
00000577  TA0_0_IRQHandler                          
0000120b  TA0_N_IRQHandler                          
00000597  TA1_0_IRQHandler                          
00000597  TA1_0_IRQHandler                          
0000120b  TA1_N_IRQHandler                          
0000120b  TA2_0_IRQHandler                          
0000120b  TA2_N_IRQHandler                          
0000120b  TA3_0_IRQHandler                          
0000120b  TA3_N_IRQHandler                          
00000559  TIMERA_DutyCycle                          
00000411  TIMERA_Init                               
000004ed  TIMERA_RegisterCallback                   
0000051f  TIMERA_StartTimer                         
20000048  TIMER_A0_CB                               
2000004c  TIMER_A1_CB                               
0000120b  UsageFault_Handler                        
4000480c  WDTCTL_SYM                                
0000120b  WDT_A_IRQHandler                          
20008000  __STACK_END                               
00000200  __STACK_SIZE                              
00001308  __TI_CINIT_Base                           
00001318  __TI_CINIT_Limit                          
000012f4  __TI_Handler_Table_Base                   
00001300  __TI_Handler_Table_Limit                  
00001045  __TI_auto_init_nobinit_nopinit            
00000f09  __TI_decompress_lzss                      
000011f1  __TI_decompress_none                      
ffffffff  __TI_pprof_out_hndl                       
ffffffff  __TI_prof_data_size                       
ffffffff  __TI_prof_data_start                      
00000000  __TI_static_base__                        
000011cd  __TI_zero_init_nomemset                   
00000dc5  __aeabi_d2f                               
000005d7  __aeabi_dadd                              
00000bb5  __aeabi_dmul                              
000005cd  __aeabi_dsub                              
00000cb1  __aeabi_memcpy                            
00000cb1  __aeabi_memcpy4                           
00000cb1  __aeabi_memcpy8                           
0000116d  __aeabi_ui2d                              
ffffffff  __binit__                                 
ffffffff  __c_args__                                
UNDEFED   __mpu_init                                
20007e00  __stack                                   
000010c1  _c_int00_noargs                           
UNDEFED   _system_post_cinit                        
0000120d  _system_pre_init                          
00001211  abort                                     
ffffffff  binit                                     
00000000  interruptVectors                          
00000a6f  main                                      
00000cb1  memcpy                                    


GLOBAL SYMBOLS: SORTED BY Symbol Address 

address   name                                      
-------   ----                                      
00000000  __TI_static_base__                        
00000000  interruptVectors                          
000000e5  SystemCoreClockUpdate                     
00000200  __STACK_SIZE                              
00000359  SystemInit                                
00000411  TIMERA_Init                               
000004ed  TIMERA_RegisterCallback                   
0000051f  TIMERA_StartTimer                         
00000559  TIMERA_DutyCycle                          
00000577  TA0_0_IRQHandler                          
00000577  TA0_0_IRQHandler                          
00000597  TA1_0_IRQHandler                          
00000597  TA1_0_IRQHandler                          
000005cd  __aeabi_dsub                              
000005d7  __aeabi_dadd                              
00000785  ADC_Enable                                
000007a1  ADC_InitSingle                            
00000811  ADC_Read                                  
00000831  ADC_InitMultiple                          
0000088b  ADC_ReadMultiple                          
000008a3  ADC_GetBuffer                             
000008a7  ADC_RegisterCallback                      
000008b7  ADC14_IRQHandler                          
000008b7  ADC14_IRQHandler                          
00000a61  Queue_Hardware                            
00000a6f  main                                      
00000bb5  __aeabi_dmul                              
00000cb1  __aeabi_memcpy                            
00000cb1  __aeabi_memcpy4                           
00000cb1  __aeabi_memcpy8                           
00000cb1  memcpy                                    
00000d4d  ADC14_configureMultiSequenceMode          
00000dc5  __aeabi_d2f                               
00000e35  ADC14_configureConversionMemory           
00000ea1  CS_Init                                   
00000edb  CS_PWM_Init                               
00000f09  __TI_decompress_lzss                      
00000f71  GPIO_setAsPeripheralModuleFunctionInputPin
00000fbd  ADC14_configureSingleSampleMode           
00001001  ADC14_getMultiSequenceResult              
00001045  __TI_auto_init_nobinit_nopinit            
00001089  ADC14_initModule                          
000010c1  _c_int00_noargs                           
000010f9  ADC14_enableConversion                    
00001125  ADC14_enableSampleTimer                   
0000114d  ADC14_toggleConversionTrigger             
0000116d  __aeabi_ui2d                              
0000118d  ADC14_getResult                           
000011a5  ADC14_isBusy                              
000011cd  __TI_zero_init_nomemset                   
000011e1  ADC14_enableModule                        
000011f1  __TI_decompress_none                      
000011ff  Reset_Handler                             
0000120b  AES256_IRQHandler                         
0000120b  BusFault_Handler                          
0000120b  COMP_E0_IRQHandler                        
0000120b  COMP_E1_IRQHandler                        
0000120b  CS_IRQHandler                             
0000120b  DMA_ERR_IRQHandler                        
0000120b  DMA_INT0_IRQHandler                       
0000120b  DMA_INT1_IRQHandler                       
0000120b  DMA_INT2_IRQHandler                       
0000120b  DMA_INT3_IRQHandler                       
0000120b  DebugMon_Handler                          
0000120b  Default_Handler                           
0000120b  EUSCIA0_IRQHandler                        
0000120b  EUSCIA1_IRQHandler                        
0000120b  EUSCIA2_IRQHandler                        
0000120b  EUSCIA3_IRQHandler                        
0000120b  EUSCIB0_IRQHandler                        
0000120b  EUSCIB1_IRQHandler                        
0000120b  EUSCIB2_IRQHandler                        
0000120b  EUSCIB3_IRQHandler                        
0000120b  FLCTL_IRQHandler                          
0000120b  FPU_IRQHandler                            
0000120b  HardFault_Handler                         
0000120b  MemManage_Handler                         
0000120b  NMI_Handler                               
0000120b  PCM_IRQHandler                            
0000120b  PORT1_IRQHandler                          
0000120b  PORT2_IRQHandler                          
0000120b  PORT3_IRQHandler                          
0000120b  PORT4_IRQHandler                          
0000120b  PORT5_IRQHandler                          
0000120b  PORT6_IRQHandler                          
0000120b  PSS_IRQHandler                            
0000120b  PendSV_Handler                            
0000120b  RTC_C_IRQHandler                          
0000120b  SVC_Handler                               
0000120b  SysTick_Handler                           
0000120b  T32_INT1_IRQHandler                       
0000120b  T32_INT2_IRQHandler                       
0000120b  T32_INTC_IRQHandler                       
0000120b  TA0_N_IRQHandler                          
0000120b  TA1_N_IRQHandler                          
0000120b  TA2_0_IRQHandler                          
0000120b  TA2_N_IRQHandler                          
0000120b  TA3_0_IRQHandler                          
0000120b  TA3_N_IRQHandler                          
0000120b  UsageFault_Handler                        
0000120b  WDT_A_IRQHandler                          
0000120d  _system_pre_init                          
00001211  C$$EXIT                                   
00001211  abort                                     
000012f4  __TI_Handler_Table_Base                   
00001300  __TI_Handler_Table_Limit                  
00001308  __TI_CINIT_Base                           
00001318  __TI_CINIT_Limit                          
20000000  PWMConfig0                                
20000018  PWMConfig1                                
20000030  PWMConfig2                                
20000048  TIMER_A0_CB                               
2000004c  TIMER_A1_CB                               
20000050  ADC_Callback                              
20000054  SystemCoreClock                           
20000058  ADC_Buffer                                
20007e00  __stack                                   
20008000  __STACK_END                               
4000480c  WDTCTL_SYM                                
ffffffff  __TI_pprof_out_hndl                       
ffffffff  __TI_prof_data_size                       
ffffffff  __TI_prof_data_start                      
ffffffff  __binit__                                 
ffffffff  __c_args__                                
ffffffff  binit                                     
UNDEFED   __mpu_init                                
UNDEFED   _system_post_cinit                        

[127 symbols]
