<?xml version="1.0" encoding="ISO-8859-1" ?>
<link_info>
   <banner>TI ARM Linker PC v18.1.1.LTS</banner>
   <copyright>Copyright (c) 1996-2017 Texas Instruments Incorporated</copyright>
   <link_time>0x5ae8a8e1</link_time>
   <link_errors>0x0</link_errors>
   <output_file>Servo_ADC_MPS432.out</output_file>
   <entry_point>
      <name>_c_int00_noargs</name>
      <address>0x1331</address>
   </entry_point>
   <input_file_list>
      <input_file id="fl-2">
         <path>.\</path>
         <kind>object</kind>
         <file>main.obj</file>
         <name>main.obj</name>
      </input_file>
      <input_file id="fl-3">
         <path>.\</path>
         <kind>object</kind>
         <file>startup_msp432p401m_ccs.obj</file>
         <name>startup_msp432p401m_ccs.obj</name>
      </input_file>
      <input_file id="fl-4">
         <path>.\</path>
         <kind>object</kind>
         <file>system_msp432p401m.obj</file>
         <name>system_msp432p401m.obj</name>
      </input_file>
      <input_file id="fl-5">
         <path>.\Hardware\</path>
         <kind>object</kind>
         <file>ADC_Driver.obj</file>
         <name>ADC_Driver.obj</name>
      </input_file>
      <input_file id="fl-6">
         <path>.\Hardware\</path>
         <kind>object</kind>
         <file>CS_Driver.obj</file>
         <name>CS_Driver.obj</name>
      </input_file>
      <input_file id="fl-7">
         <path>.\Hardware\</path>
         <kind>object</kind>
         <file>TIMERA_Driver.obj</file>
         <name>TIMERA_Driver.obj</name>
      </input_file>
      <input_file id="fl-8">
         <path>.\Structures\</path>
         <kind>object</kind>
         <file>message.obj</file>
         <name>message.obj</name>
      </input_file>
      <input_file id="fl-9">
         <path>.\Structures\</path>
         <kind>object</kind>
         <file>queue.obj</file>
         <name>queue.obj</name>
      </input_file>
      <input_file id="fl-e">
         <kind>object</kind>
         <file>&lt;internal&gt;</file>
         <name>&lt;internal&gt;</name>
      </input_file>
      <input_file id="fl-c4">
         <path>C:\ti\ccsv7\tools\compiler\ti-cgt-arm_18.1.1.LTS\lib\</path>
         <kind>archive</kind>
         <file>rtsv7M4_T_le_v4SPD16_eabi.lib</file>
         <name>u_divt2.asm.obj</name>
      </input_file>
      <input_file id="fl-c5">
         <path>C:\ti\ccsv7\tools\compiler\ti-cgt-arm_18.1.1.LTS\lib\</path>
         <kind>archive</kind>
         <file>rtsv7M4_T_le_v4SPD16_eabi.lib</file>
         <name>fd_add_t2.asm.obj</name>
      </input_file>
      <input_file id="fl-c6">
         <path>C:\ti\ccsv7\tools\compiler\ti-cgt-arm_18.1.1.LTS\lib\</path>
         <kind>archive</kind>
         <file>rtsv7M4_T_le_v4SPD16_eabi.lib</file>
         <name>fd_mul_t2.asm.obj</name>
      </input_file>
      <input_file id="fl-c7">
         <path>C:\ti\ccsv7\tools\compiler\ti-cgt-arm_18.1.1.LTS\lib\</path>
         <kind>archive</kind>
         <file>rtsv7M4_T_le_v4SPD16_eabi.lib</file>
         <name>fd_tos_t2.asm.obj</name>
      </input_file>
      <input_file id="fl-c8">
         <path>C:\ti\ccsv7\tools\compiler\ti-cgt-arm_18.1.1.LTS\lib\</path>
         <kind>archive</kind>
         <file>rtsv7M4_T_le_v4SPD16_eabi.lib</file>
         <name>memcpy_t2.asm.obj</name>
      </input_file>
      <input_file id="fl-c9">
         <path>C:\ti\ccsv7\tools\compiler\ti-cgt-arm_18.1.1.LTS\lib\</path>
         <kind>archive</kind>
         <file>rtsv7M4_T_le_v4SPD16_eabi.lib</file>
         <name>u_tofd_t2.asm.obj</name>
      </input_file>
      <input_file id="fl-ca">
         <path>C:\ti\ccsv7\tools\compiler\ti-cgt-arm_18.1.1.LTS\lib\</path>
         <kind>archive</kind>
         <file>rtsv7M4_T_le_v4SPD16_eabi.lib</file>
         <name>copy_zero_init.c.obj</name>
      </input_file>
      <input_file id="fl-cb">
         <path>C:\ti\ccsv7\tools\compiler\ti-cgt-arm_18.1.1.LTS\lib\</path>
         <kind>archive</kind>
         <file>rtsv7M4_T_le_v4SPD16_eabi.lib</file>
         <name>copy_decompress_none.c.obj</name>
      </input_file>
      <input_file id="fl-cc">
         <path>C:\ti\ccsv7\tools\compiler\ti-cgt-arm_18.1.1.LTS\lib\</path>
         <kind>archive</kind>
         <file>rtsv7M4_T_le_v4SPD16_eabi.lib</file>
         <name>copy_decompress_lzss.c.obj</name>
      </input_file>
      <input_file id="fl-cd">
         <path>C:\ti\ccsv7\tools\compiler\ti-cgt-arm_18.1.1.LTS\lib\</path>
         <kind>archive</kind>
         <file>rtsv7M4_T_le_v4SPD16_eabi.lib</file>
         <name>boot_cortex_m.c.obj</name>
      </input_file>
      <input_file id="fl-ce">
         <path>C:\ti\ccsv7\tools\compiler\ti-cgt-arm_18.1.1.LTS\lib\</path>
         <kind>archive</kind>
         <file>rtsv7M4_T_le_v4SPD16_eabi.lib</file>
         <name>exit.c.obj</name>
      </input_file>
      <input_file id="fl-cf">
         <path>C:\ti\ccsv7\tools\compiler\ti-cgt-arm_18.1.1.LTS\lib\</path>
         <kind>archive</kind>
         <file>rtsv7M4_T_le_v4SPD16_eabi.lib</file>
         <name>_lock.c.obj</name>
      </input_file>
      <input_file id="fl-d0">
         <path>C:\ti\ccsv7\tools\compiler\ti-cgt-arm_18.1.1.LTS\lib\</path>
         <kind>archive</kind>
         <file>rtsv7M4_T_le_v4SPD16_eabi.lib</file>
         <name>args_main.c.obj</name>
      </input_file>
      <input_file id="fl-d1">
         <path>C:\ti\ccsv7\tools\compiler\ti-cgt-arm_18.1.1.LTS\lib\</path>
         <kind>archive</kind>
         <file>rtsv7M4_T_le_v4SPD16_eabi.lib</file>
         <name>div0.asm.obj</name>
      </input_file>
      <input_file id="fl-d2">
         <path>C:\ti\ccsv7\tools\compiler\ti-cgt-arm_18.1.1.LTS\lib\</path>
         <kind>archive</kind>
         <file>rtsv7M4_T_le_v4SPD16_eabi.lib</file>
         <name>memset_t2.asm.obj</name>
      </input_file>
      <input_file id="fl-d3">
         <path>C:\ti\ccsv7\tools\compiler\ti-cgt-arm_18.1.1.LTS\lib\</path>
         <kind>archive</kind>
         <file>rtsv7M4_T_le_v4SPD16_eabi.lib</file>
         <name>autoinit.c.obj</name>
      </input_file>
      <input_file id="fl-d4">
         <path>C:\ti\ccsv7\tools\compiler\ti-cgt-arm_18.1.1.LTS\lib\</path>
         <kind>archive</kind>
         <file>rtsv7M4_T_le_v4SPD16_eabi.lib</file>
         <name>pre_init.c.obj</name>
      </input_file>
      <input_file id="fl-d5">
         <path>C:\ti\ccsv7\tools\compiler\ti-cgt-arm_18.1.1.LTS\lib\</path>
         <kind>archive</kind>
         <file>rtsv7M4_T_le_v4SPD16_eabi.lib</file>
         <name>cpy_tbl.c.obj</name>
      </input_file>
      <input_file id="fl-d6">
         <path>C:\ti\simplelink_msp432p4_sdk_2_10_00_14\source\ti\devices\msp432p4xx\driverlib\ccs\</path>
         <kind>archive</kind>
         <file>msp432p4xx_driverlib.lib</file>
         <name>adc14_MSP432P4XX.obj</name>
      </input_file>
      <input_file id="fl-d7">
         <path>C:\ti\simplelink_msp432p4_sdk_2_10_00_14\source\ti\devices\msp432p4xx\driverlib\ccs\</path>
         <kind>archive</kind>
         <file>msp432p4xx_driverlib.lib</file>
         <name>gpio_MSP432P4XX.obj</name>
      </input_file>
      <input_file id="fl-d8">
         <path>C:\ti\simplelink_msp432p4_sdk_2_10_00_14\source\ti\devices\msp432p4xx\driverlib\ccs\</path>
         <kind>archive</kind>
         <file>msp432p4xx_driverlib.lib</file>
         <name>interrupt_MSP432P4XX.obj</name>
      </input_file>
      <input_file id="fl-d9">
         <path>C:\ti\simplelink_msp432p4_sdk_2_10_00_14\source\ti\devices\msp432p4xx\driverlib\ccs\</path>
         <kind>archive</kind>
         <file>msp432p4xx_driverlib.lib</file>
         <name>cpu_MSP432P4XX.obj</name>
      </input_file>
   </input_file_list>
   <object_component_list>
      <object_component id="oc-23">
         <name>.intvecs:retain</name>
         <load_address>0x0</load_address>
         <run_address>0x0</run_address>
         <size>0xe4</size>
         <input_file_ref idref="fl-3"/>
      </object_component>
      <object_component id="oc-ae">
         <name>.text</name>
         <load_address>0xe4</load_address>
         <run_address>0xe4</run_address>
         <size>0x32c</size>
         <input_file_ref idref="fl-4"/>
      </object_component>
      <object_component id="oc-6a">
         <name>.text</name>
         <load_address>0x410</load_address>
         <run_address>0x410</run_address>
         <size>0x1c4</size>
         <input_file_ref idref="fl-7"/>
      </object_component>
      <object_component id="oc-131">
         <name>.text</name>
         <load_address>0x5d4</load_address>
         <run_address>0x5d4</run_address>
         <size>0x1b6</size>
         <input_file_ref idref="fl-c5"/>
      </object_component>
      <object_component id="oc-266">
         <name>.text</name>
         <load_address>0x78a</load_address>
         <run_address>0x78a</run_address>
         <size>0x2</size>
         <input_file_ref idref="fl-d1"/>
      </object_component>
      <object_component id="oc-9c">
         <name>.text</name>
         <load_address>0x78c</load_address>
         <run_address>0x78c</run_address>
         <size>0x1a0</size>
         <input_file_ref idref="fl-2"/>
      </object_component>
      <object_component id="oc-70">
         <name>.text</name>
         <load_address>0x92c</load_address>
         <run_address>0x92c</run_address>
         <size>0x184</size>
         <input_file_ref idref="fl-5"/>
      </object_component>
      <object_component id="oc-1cd">
         <name>.text:_getIndexForMemRegister</name>
         <load_address>0xab0</load_address>
         <run_address>0xab0</run_address>
         <size>0x154</size>
         <input_file_ref idref="fl-d6"/>
      </object_component>
      <object_component id="oc-1ea">
         <name>.text</name>
         <load_address>0xc04</load_address>
         <run_address>0xc04</run_address>
         <size>0xfc</size>
         <input_file_ref idref="fl-9"/>
      </object_component>
      <object_component id="oc-12c">
         <name>.text</name>
         <load_address>0xd00</load_address>
         <run_address>0xd00</run_address>
         <size>0xfc</size>
         <input_file_ref idref="fl-c6"/>
      </object_component>
      <object_component id="oc-34">
         <name>.text</name>
         <load_address>0xdfc</load_address>
         <run_address>0xdfc</run_address>
         <size>0x9c</size>
         <input_file_ref idref="fl-c8"/>
      </object_component>
      <object_component id="oc-90">
         <name>.text</name>
         <load_address>0xe98</load_address>
         <run_address>0xe98</run_address>
         <size>0x7a</size>
         <input_file_ref idref="fl-d2"/>
      </object_component>
      <object_component id="oc-fb">
         <name>.text:ADC14_configureMultiSequenceMode</name>
         <load_address>0xf14</load_address>
         <run_address>0xf14</run_address>
         <size>0x78</size>
         <input_file_ref idref="fl-d6"/>
      </object_component>
      <object_component id="oc-136">
         <name>.text</name>
         <load_address>0xf8c</load_address>
         <run_address>0xf8c</run_address>
         <size>0x6e</size>
         <input_file_ref idref="fl-c7"/>
      </object_component>
      <object_component id="oc-d7">
         <name>.text:ADC14_configureConversionMemory</name>
         <load_address>0xffc</load_address>
         <run_address>0xffc</run_address>
         <size>0x6c</size>
         <input_file_ref idref="fl-d6"/>
      </object_component>
      <object_component id="oc-13b">
         <name>.text</name>
         <load_address>0x1068</load_address>
         <run_address>0x1068</run_address>
         <size>0x68</size>
         <input_file_ref idref="fl-6"/>
      </object_component>
      <object_component id="oc-14">
         <name>.text:decompress:lzss:__TI_decompress_lzss</name>
         <load_address>0x10d0</load_address>
         <run_address>0x10d0</run_address>
         <size>0x68</size>
         <input_file_ref idref="fl-cc"/>
      </object_component>
      <object_component id="oc-141">
         <name>.text</name>
         <load_address>0x1138</load_address>
         <run_address>0x1138</run_address>
         <size>0x68</size>
         <input_file_ref idref="fl-8"/>
      </object_component>
      <object_component id="oc-cb">
         <name>.text:GPIO_setAsPeripheralModuleFunctionInputPin</name>
         <load_address>0x11a0</load_address>
         <run_address>0x11a0</run_address>
         <size>0x4c</size>
         <input_file_ref idref="fl-d7"/>
      </object_component>
      <object_component id="oc-d1">
         <name>.text:ADC14_configureSingleSampleMode</name>
         <load_address>0x11ec</load_address>
         <run_address>0x11ec</run_address>
         <size>0x44</size>
         <input_file_ref idref="fl-d6"/>
      </object_component>
      <object_component id="oc-101">
         <name>.text:ADC14_getMultiSequenceResult</name>
         <load_address>0x1230</load_address>
         <run_address>0x1230</run_address>
         <size>0x44</size>
         <input_file_ref idref="fl-d6"/>
      </object_component>
      <object_component id="oc-167">
         <name>.text:__TI_auto_init_nobinit_nopinit:__TI_auto_init_nobinit_nopinit</name>
         <load_address>0x1274</load_address>
         <run_address>0x1274</run_address>
         <size>0x44</size>
         <input_file_ref idref="fl-d3"/>
      </object_component>
      <object_component id="oc-236">
         <name>.text</name>
         <load_address>0x12b8</load_address>
         <run_address>0x12b8</run_address>
         <size>0x40</size>
         <input_file_ref idref="fl-c4"/>
      </object_component>
      <object_component id="oc-c5">
         <name>.text:ADC14_initModule</name>
         <load_address>0x12f8</load_address>
         <run_address>0x12f8</run_address>
         <size>0x38</size>
         <input_file_ref idref="fl-d6"/>
      </object_component>
      <object_component id="oc-52">
         <name>.text:_c_int00_noargs:_c_int00_noargs</name>
         <load_address>0x1330</load_address>
         <run_address>0x1330</run_address>
         <size>0x38</size>
         <input_file_ref idref="fl-cd"/>
      </object_component>
      <object_component id="oc-e3">
         <name>.text:ADC14_enableConversion</name>
         <load_address>0x1368</load_address>
         <run_address>0x1368</run_address>
         <size>0x2c</size>
         <input_file_ref idref="fl-d6"/>
      </object_component>
      <object_component id="oc-dd">
         <name>.text:ADC14_enableSampleTimer</name>
         <load_address>0x1394</load_address>
         <run_address>0x1394</run_address>
         <size>0x28</size>
         <input_file_ref idref="fl-d6"/>
      </object_component>
      <object_component id="oc-e9">
         <name>.text:ADC14_toggleConversionTrigger</name>
         <load_address>0x13bc</load_address>
         <run_address>0x13bc</run_address>
         <size>0x20</size>
         <input_file_ref idref="fl-d6"/>
      </object_component>
      <object_component id="oc-127">
         <name>.text</name>
         <load_address>0x13dc</load_address>
         <run_address>0x13dc</run_address>
         <size>0x20</size>
         <input_file_ref idref="fl-c9"/>
      </object_component>
      <object_component id="oc-f5">
         <name>.text:ADC14_getResult</name>
         <load_address>0x13fc</load_address>
         <run_address>0x13fc</run_address>
         <size>0x18</size>
         <input_file_ref idref="fl-d6"/>
      </object_component>
      <object_component id="oc-ef">
         <name>.text:ADC14_isBusy</name>
         <load_address>0x1414</load_address>
         <run_address>0x1414</run_address>
         <size>0x14</size>
         <input_file_ref idref="fl-d6"/>
      </object_component>
      <object_component id="oc-1b6">
         <name>.text:ADCIsConversionRunning</name>
         <load_address>0x1428</load_address>
         <run_address>0x1428</run_address>
         <size>0x14</size>
         <input_file_ref idref="fl-d6"/>
      </object_component>
      <object_component id="oc-bf">
         <name>.text:ADC14_enableModule</name>
         <load_address>0x143c</load_address>
         <run_address>0x143c</run_address>
         <size>0x10</size>
         <input_file_ref idref="fl-d6"/>
      </object_component>
      <object_component id="oc-147">
         <name>.text:Interrupt_enableMaster</name>
         <load_address>0x144c</load_address>
         <run_address>0x144c</run_address>
         <size>0x10</size>
         <input_file_ref idref="fl-d8"/>
      </object_component>
      <object_component id="oc-1a">
         <name>.text:decompress:none:__TI_decompress_none</name>
         <load_address>0x145c</load_address>
         <run_address>0x145c</run_address>
         <size>0xe</size>
         <input_file_ref idref="fl-cb"/>
      </object_component>
      <object_component id="oc-64">
         <name>.text</name>
         <load_address>0x146a</load_address>
         <run_address>0x146a</run_address>
         <size>0xe</size>
         <input_file_ref idref="fl-3"/>
      </object_component>
      <object_component id="oc-1f6">
         <name>.text:CPU_cpsie</name>
         <load_address>0x1478</load_address>
         <run_address>0x1478</run_address>
         <size>0xc</size>
         <input_file_ref idref="fl-d9"/>
      </object_component>
      <object_component id="oc-46">
         <name>.text:decompress:ZI:__TI_zero_init</name>
         <load_address>0x1484</load_address>
         <run_address>0x1484</run_address>
         <size>0xc</size>
         <input_file_ref idref="fl-ca"/>
      </object_component>
      <object_component id="oc-96">
         <name>.text:_system_pre_init</name>
         <load_address>0x1490</load_address>
         <run_address>0x1490</run_address>
         <size>0x4</size>
         <input_file_ref idref="fl-d4"/>
      </object_component>
      <object_component id="oc-15b">
         <name>.text:abort:abort</name>
         <load_address>0x1494</load_address>
         <run_address>0x1494</run_address>
         <size>0x4</size>
         <input_file_ref idref="fl-ce"/>
      </object_component>
      <object_component id="oc-1d4">
         <name>.const:_ctlRegs</name>
         <load_address>0x1498</load_address>
         <run_address>0x1498</run_address>
         <size>0x80</size>
         <input_file_ref idref="fl-d6"/>
      </object_component>
      <object_component id="oc-1c3">
         <name>.const:GPIO_PORT_TO_BASE</name>
         <load_address>0x1518</load_address>
         <run_address>0x1518</run_address>
         <size>0x30</size>
         <input_file_ref idref="fl-d7"/>
      </object_component>
      <object_component id="oc-2ad">
         <name>.cinit..data.load</name>
         <load_address>0x1548</load_address>
         <run_address>0x1548</run_address>
         <size>0x36</size>
      </object_component>
      <object_component id="oc-2ab">
         <name>__TI_handler_table</name>
         <load_address>0x1580</load_address>
         <run_address>0x1580</run_address>
         <size>0xc</size>
      </object_component>
      <object_component id="oc-2ae">
         <name>.cinit..bss.load</name>
         <load_address>0x1590</load_address>
         <run_address>0x1590</run_address>
         <size>0x8</size>
      </object_component>
      <object_component id="oc-2ac">
         <name>__TI_cinit_table</name>
         <load_address>0x1598</load_address>
         <run_address>0x1598</run_address>
         <size>0x10</size>
      </object_component>
      <object_component id="oc-280">
         <name>.binit</name>
         <load_address>0x0</load_address>
         <run_address>0x0</run_address>
         <size>0x0</size>
      </object_component>
      <object_component id="oc-14e">
         <name>.data:PWMConfig0</name>
         <load_address>0x2000082c</load_address>
         <run_address>0x2000082c</run_address>
         <size>0x18</size>
         <input_file_ref idref="fl-2"/>
      </object_component>
      <object_component id="oc-151">
         <name>.data:PWMConfig1</name>
         <load_address>0x20000844</load_address>
         <run_address>0x20000844</run_address>
         <size>0x18</size>
         <input_file_ref idref="fl-2"/>
      </object_component>
      <object_component id="oc-154">
         <name>.data:PWMConfig2</name>
         <load_address>0x2000085c</load_address>
         <run_address>0x2000085c</run_address>
         <size>0x18</size>
         <input_file_ref idref="fl-2"/>
      </object_component>
      <object_component id="oc-157">
         <name>.data:UpModeConfig</name>
         <load_address>0x20000874</load_address>
         <run_address>0x20000874</run_address>
         <size>0x18</size>
         <input_file_ref idref="fl-2"/>
      </object_component>
      <object_component id="oc-199">
         <name>.data</name>
         <load_address>0x20000898</load_address>
         <run_address>0x20000898</run_address>
         <size>0x4</size>
         <input_file_ref idref="fl-4"/>
      </object_component>
      <object_component id="oc-10c">
         <name>.data</name>
         <load_address>0x20000894</load_address>
         <run_address>0x20000894</run_address>
         <size>0x4</size>
         <input_file_ref idref="fl-5"/>
      </object_component>
      <object_component id="oc-b5">
         <name>.data</name>
         <load_address>0x2000088c</load_address>
         <run_address>0x2000088c</run_address>
         <size>0x8</size>
         <input_file_ref idref="fl-7"/>
      </object_component>
      <object_component id="oc-107">
         <name>.common:ADC_Buffer</name>
         <uninitialized>true</uninitialized>
         <run_address>0x20000810</run_address>
         <size>0xc</size>
      </object_component>
      <object_component id="oc-14d">
         <name>.common:Duty_Cycle</name>
         <uninitialized>true</uninitialized>
         <run_address>0x2000081c</run_address>
         <size>0xc</size>
      </object_component>
      <object_component id="oc-1f0">
         <name>.common:Queue</name>
         <uninitialized>true</uninitialized>
         <run_address>0x20000800</run_address>
         <size>0x10</size>
      </object_component>
      <object_component id="oc-1f3">
         <name>.common:QueueBuffer</name>
         <uninitialized>true</uninitialized>
         <run_address>0x20000000</run_address>
         <size>0x800</size>
      </object_component>
      <object_component id="oc-1f4">
         <name>.common:Message_CallBack</name>
         <uninitialized>true</uninitialized>
         <run_address>0x20000828</run_address>
         <size>0x4</size>
      </object_component>
      <object_component id="oc-26">
         <name>.stack</name>
         <uninitialized>true</uninitialized>
         <run_address>0x20007e00</run_address>
         <size>0x4</size>
         <input_file_ref idref="fl-cd"/>
      </object_component>
      <object_component id="oc-2af">
         <name>.stack</name>
         <uninitialized>true</uninitialized>
         <run_address>0x20007e00</run_address>
         <size>0x0</size>
      </object_component>
      <object_component id="oc-108">
         <name>.debug_info</name>
         <load_address>0x0</load_address>
         <run_address>0x0</run_address>
         <size>0x88f</size>
         <input_file_ref idref="fl-2"/>
      </object_component>
      <object_component id="oc-14f">
         <name>.debug_info</name>
         <load_address>0x88f</load_address>
         <run_address>0x88f</run_address>
         <size>0xd3</size>
         <input_file_ref idref="fl-2"/>
      </object_component>
      <object_component id="oc-152">
         <name>.debug_info</name>
         <load_address>0x962</load_address>
         <run_address>0x962</run_address>
         <size>0xd3</size>
         <input_file_ref idref="fl-2"/>
      </object_component>
      <object_component id="oc-155">
         <name>.debug_info</name>
         <load_address>0xa35</load_address>
         <run_address>0xa35</run_address>
         <size>0xd3</size>
         <input_file_ref idref="fl-2"/>
      </object_component>
      <object_component id="oc-158">
         <name>.debug_info</name>
         <load_address>0xb08</load_address>
         <run_address>0xb08</run_address>
         <size>0xd7</size>
         <input_file_ref idref="fl-2"/>
      </object_component>
      <object_component id="oc-9e">
         <name>.debug_info</name>
         <load_address>0xbdf</load_address>
         <run_address>0xbdf</run_address>
         <size>0x393</size>
         <input_file_ref idref="fl-2"/>
      </object_component>
      <object_component id="oc-112">
         <name>.debug_info</name>
         <load_address>0xf72</load_address>
         <run_address>0xf72</run_address>
         <size>0x26b</size>
         <input_file_ref idref="fl-2"/>
      </object_component>
      <object_component id="oc-1ab">
         <name>.debug_info</name>
         <load_address>0x11dd</load_address>
         <run_address>0x11dd</run_address>
         <size>0x1055</size>
         <input_file_ref idref="fl-2"/>
      </object_component>
      <object_component id="oc-1a6">
         <name>.debug_info</name>
         <load_address>0x2232</load_address>
         <run_address>0x2232</run_address>
         <size>0x37e2</size>
         <input_file_ref idref="fl-2"/>
      </object_component>
      <object_component id="oc-23f">
         <name>.debug_info</name>
         <load_address>0x5a14</load_address>
         <run_address>0x5a14</run_address>
         <size>0x86</size>
         <input_file_ref idref="fl-2"/>
      </object_component>
      <object_component id="oc-1b0">
         <name>.debug_info</name>
         <load_address>0x5a9a</load_address>
         <run_address>0x5a9a</run_address>
         <size>0x341</size>
         <input_file_ref idref="fl-2"/>
      </object_component>
      <object_component id="oc-1bd">
         <name>.debug_info</name>
         <load_address>0x5ddb</load_address>
         <run_address>0x5ddb</run_address>
         <size>0x8b</size>
         <input_file_ref idref="fl-2"/>
      </object_component>
      <object_component id="oc-19f">
         <name>.debug_info</name>
         <load_address>0x5e66</load_address>
         <run_address>0x5e66</run_address>
         <size>0x297</size>
         <input_file_ref idref="fl-2"/>
      </object_component>
      <object_component id="oc-1c7">
         <name>.debug_info</name>
         <load_address>0x60fd</load_address>
         <run_address>0x60fd</run_address>
         <size>0xef</size>
         <input_file_ref idref="fl-2"/>
      </object_component>
      <object_component id="oc-b9">
         <name>.debug_info</name>
         <load_address>0x61ec</load_address>
         <run_address>0x61ec</run_address>
         <size>0xbb</size>
         <input_file_ref idref="fl-2"/>
      </object_component>
      <object_component id="oc-78">
         <name>.debug_info</name>
         <load_address>0x62a7</load_address>
         <run_address>0x62a7</run_address>
         <size>0x2c6</size>
         <input_file_ref idref="fl-3"/>
      </object_component>
      <object_component id="oc-24">
         <name>.debug_info</name>
         <load_address>0x656d</load_address>
         <run_address>0x656d</run_address>
         <size>0xf2</size>
         <input_file_ref idref="fl-3"/>
      </object_component>
      <object_component id="oc-66">
         <name>.debug_info</name>
         <load_address>0x665f</load_address>
         <run_address>0x665f</run_address>
         <size>0x1b9</size>
         <input_file_ref idref="fl-3"/>
      </object_component>
      <object_component id="oc-2f">
         <name>.debug_info</name>
         <load_address>0x6818</load_address>
         <run_address>0x6818</run_address>
         <size>0x84</size>
         <input_file_ref idref="fl-3"/>
      </object_component>
      <object_component id="oc-19a">
         <name>.debug_info</name>
         <load_address>0x689c</load_address>
         <run_address>0x689c</run_address>
         <size>0xeb</size>
         <input_file_ref idref="fl-4"/>
      </object_component>
      <object_component id="oc-af">
         <name>.debug_info</name>
         <load_address>0x6987</load_address>
         <run_address>0x6987</run_address>
         <size>0x25d</size>
         <input_file_ref idref="fl-4"/>
      </object_component>
      <object_component id="oc-10a">
         <name>.debug_info</name>
         <load_address>0x6be4</load_address>
         <run_address>0x6be4</run_address>
         <size>0x8ea</size>
         <input_file_ref idref="fl-5"/>
      </object_component>
      <object_component id="oc-10d">
         <name>.debug_info</name>
         <load_address>0x74ce</load_address>
         <run_address>0x74ce</run_address>
         <size>0xe6</size>
         <input_file_ref idref="fl-5"/>
      </object_component>
      <object_component id="oc-73">
         <name>.debug_info</name>
         <load_address>0x75b4</load_address>
         <run_address>0x75b4</run_address>
         <size>0x999</size>
         <input_file_ref idref="fl-5"/>
      </object_component>
      <object_component id="oc-13c">
         <name>.debug_info</name>
         <load_address>0x7f4d</load_address>
         <run_address>0x7f4d</run_address>
         <size>0x1b0</size>
         <input_file_ref idref="fl-6"/>
      </object_component>
      <object_component id="oc-be">
         <name>.debug_info</name>
         <load_address>0x80fd</load_address>
         <run_address>0x80fd</run_address>
         <size>0x550</size>
         <input_file_ref idref="fl-7"/>
      </object_component>
      <object_component id="oc-b6">
         <name>.debug_info</name>
         <load_address>0x864d</load_address>
         <run_address>0x864d</run_address>
         <size>0x10e</size>
         <input_file_ref idref="fl-7"/>
      </object_component>
      <object_component id="oc-6b">
         <name>.debug_info</name>
         <load_address>0x875b</load_address>
         <run_address>0x875b</run_address>
         <size>0x5dc</size>
         <input_file_ref idref="fl-7"/>
      </object_component>
      <object_component id="oc-1f1">
         <name>.debug_info</name>
         <load_address>0x8d37</load_address>
         <run_address>0x8d37</run_address>
         <size>0x3b7</size>
         <input_file_ref idref="fl-8"/>
      </object_component>
      <object_component id="oc-143">
         <name>.debug_info</name>
         <load_address>0x90ee</load_address>
         <run_address>0x90ee</run_address>
         <size>0x373</size>
         <input_file_ref idref="fl-8"/>
      </object_component>
      <object_component id="oc-23c">
         <name>.debug_info</name>
         <load_address>0x9461</load_address>
         <run_address>0x9461</run_address>
         <size>0x26c</size>
         <input_file_ref idref="fl-9"/>
      </object_component>
      <object_component id="oc-1ec">
         <name>.debug_info</name>
         <load_address>0x96cd</load_address>
         <run_address>0x96cd</run_address>
         <size>0x4b7</size>
         <input_file_ref idref="fl-9"/>
      </object_component>
      <object_component id="oc-238">
         <name>.debug_info</name>
         <load_address>0x9b84</load_address>
         <run_address>0x9b84</run_address>
         <size>0x13a</size>
         <input_file_ref idref="fl-c4"/>
      </object_component>
      <object_component id="oc-132">
         <name>.debug_info</name>
         <load_address>0x9cbe</load_address>
         <run_address>0x9cbe</run_address>
         <size>0x144</size>
         <input_file_ref idref="fl-c5"/>
      </object_component>
      <object_component id="oc-12d">
         <name>.debug_info</name>
         <load_address>0x9e02</load_address>
         <run_address>0x9e02</run_address>
         <size>0x132</size>
         <input_file_ref idref="fl-c6"/>
      </object_component>
      <object_component id="oc-138">
         <name>.debug_info</name>
         <load_address>0x9f34</load_address>
         <run_address>0x9f34</run_address>
         <size>0x136</size>
         <input_file_ref idref="fl-c7"/>
      </object_component>
      <object_component id="oc-37">
         <name>.debug_info</name>
         <load_address>0xa06a</load_address>
         <run_address>0xa06a</run_address>
         <size>0x111</size>
         <input_file_ref idref="fl-c8"/>
      </object_component>
      <object_component id="oc-128">
         <name>.debug_info</name>
         <load_address>0xa17b</load_address>
         <run_address>0xa17b</run_address>
         <size>0x126</size>
         <input_file_ref idref="fl-c9"/>
      </object_component>
      <object_component id="oc-8f">
         <name>.debug_info</name>
         <load_address>0xa2a1</load_address>
         <run_address>0xa2a1</run_address>
         <size>0x313</size>
         <input_file_ref idref="fl-ca"/>
      </object_component>
      <object_component id="oc-47">
         <name>.debug_info</name>
         <load_address>0xa5b4</load_address>
         <run_address>0xa5b4</run_address>
         <size>0x1aa</size>
         <input_file_ref idref="fl-ca"/>
      </object_component>
      <object_component id="oc-8a">
         <name>.debug_info</name>
         <load_address>0xa75e</load_address>
         <run_address>0xa75e</run_address>
         <size>0x46</size>
         <input_file_ref idref="fl-ca"/>
      </object_component>
      <object_component id="oc-11e">
         <name>.debug_info</name>
         <load_address>0xa7a4</load_address>
         <run_address>0xa7a4</run_address>
         <size>0x2c</size>
         <input_file_ref idref="fl-ca"/>
      </object_component>
      <object_component id="oc-3f">
         <name>.debug_info</name>
         <load_address>0xa7d0</load_address>
         <run_address>0xa7d0</run_address>
         <size>0x29d</size>
         <input_file_ref idref="fl-cb"/>
      </object_component>
      <object_component id="oc-1b">
         <name>.debug_info</name>
         <load_address>0xaa6d</load_address>
         <run_address>0xaa6d</run_address>
         <size>0x1df</size>
         <input_file_ref idref="fl-cb"/>
      </object_component>
      <object_component id="oc-3a">
         <name>.debug_info</name>
         <load_address>0xac4c</load_address>
         <run_address>0xac4c</run_address>
         <size>0x46</size>
         <input_file_ref idref="fl-cb"/>
      </object_component>
      <object_component id="oc-82">
         <name>.debug_info</name>
         <load_address>0xac92</load_address>
         <run_address>0xac92</run_address>
         <size>0x2c</size>
         <input_file_ref idref="fl-cb"/>
      </object_component>
      <object_component id="oc-80">
         <name>.debug_info</name>
         <load_address>0xacbe</load_address>
         <run_address>0xacbe</run_address>
         <size>0x293</size>
         <input_file_ref idref="fl-cc"/>
      </object_component>
      <object_component id="oc-15">
         <name>.debug_info</name>
         <load_address>0xaf51</load_address>
         <run_address>0xaf51</run_address>
         <size>0x245</size>
         <input_file_ref idref="fl-cc"/>
      </object_component>
      <object_component id="oc-2a">
         <name>.debug_info</name>
         <load_address>0xb196</load_address>
         <run_address>0xb196</run_address>
         <size>0x60</size>
         <input_file_ref idref="fl-cc"/>
      </object_component>
      <object_component id="oc-117">
         <name>.debug_info</name>
         <load_address>0xb1f6</load_address>
         <run_address>0xb1f6</run_address>
         <size>0x46</size>
         <input_file_ref idref="fl-cc"/>
      </object_component>
      <object_component id="oc-7b">
         <name>.debug_info</name>
         <load_address>0xb23c</load_address>
         <run_address>0xb23c</run_address>
         <size>0x39</size>
         <input_file_ref idref="fl-cc"/>
      </object_component>
      <object_component id="oc-27">
         <name>.debug_info</name>
         <load_address>0xb275</load_address>
         <run_address>0xb275</run_address>
         <size>0x100</size>
         <input_file_ref idref="fl-cd"/>
      </object_component>
      <object_component id="oc-53">
         <name>.debug_info</name>
         <load_address>0xb375</load_address>
         <run_address>0xb375</run_address>
         <size>0x1a4</size>
         <input_file_ref idref="fl-cd"/>
      </object_component>
      <object_component id="oc-15c">
         <name>.debug_info</name>
         <load_address>0xb519</load_address>
         <run_address>0xb519</run_address>
         <size>0x117</size>
         <input_file_ref idref="fl-ce"/>
      </object_component>
      <object_component id="oc-267">
         <name>.debug_info</name>
         <load_address>0xb630</load_address>
         <run_address>0xb630</run_address>
         <size>0x10d</size>
         <input_file_ref idref="fl-d1"/>
      </object_component>
      <object_component id="oc-91">
         <name>.debug_info</name>
         <load_address>0xb73d</load_address>
         <run_address>0xb73d</run_address>
         <size>0x13f</size>
         <input_file_ref idref="fl-d2"/>
      </object_component>
      <object_component id="oc-210">
         <name>.debug_info</name>
         <load_address>0xb87c</load_address>
         <run_address>0xb87c</run_address>
         <size>0x547</size>
         <input_file_ref idref="fl-d3"/>
      </object_component>
      <object_component id="oc-168">
         <name>.debug_info</name>
         <load_address>0xbdc3</load_address>
         <run_address>0xbdc3</run_address>
         <size>0x19b</size>
         <input_file_ref idref="fl-d3"/>
      </object_component>
      <object_component id="oc-255">
         <name>.debug_info</name>
         <load_address>0xbf5e</load_address>
         <run_address>0xbf5e</run_address>
         <size>0x39</size>
         <input_file_ref idref="fl-d3"/>
      </object_component>
      <object_component id="oc-271">
         <name>.debug_info</name>
         <load_address>0xbf97</load_address>
         <run_address>0xbf97</run_address>
         <size>0x39</size>
         <input_file_ref idref="fl-d3"/>
      </object_component>
      <object_component id="oc-25a">
         <name>.debug_info</name>
         <load_address>0xbfd0</load_address>
         <run_address>0xbfd0</run_address>
         <size>0x39</size>
         <input_file_ref idref="fl-d3"/>
      </object_component>
      <object_component id="oc-25f">
         <name>.debug_info</name>
         <load_address>0xc009</load_address>
         <run_address>0xc009</run_address>
         <size>0xcd</size>
         <input_file_ref idref="fl-d3"/>
      </object_component>
      <object_component id="oc-97">
         <name>.debug_info</name>
         <load_address>0xc0d6</load_address>
         <run_address>0xc0d6</run_address>
         <size>0x148</size>
         <input_file_ref idref="fl-d4"/>
      </object_component>
      <object_component id="oc-1c2">
         <name>.debug_info</name>
         <load_address>0xc21e</load_address>
         <run_address>0xc21e</run_address>
         <size>0x715</size>
         <input_file_ref idref="fl-d6"/>
      </object_component>
      <object_component id="oc-1d5">
         <name>.debug_info</name>
         <load_address>0xc933</load_address>
         <run_address>0xc933</run_address>
         <size>0x11f</size>
         <input_file_ref idref="fl-d6"/>
      </object_component>
      <object_component id="oc-ea">
         <name>.debug_info</name>
         <load_address>0xca52</load_address>
         <run_address>0xca52</run_address>
         <size>0x1c5</size>
         <input_file_ref idref="fl-d6"/>
      </object_component>
      <object_component id="oc-1b7">
         <name>.debug_info</name>
         <load_address>0xcc17</load_address>
         <run_address>0xcc17</run_address>
         <size>0x1b3</size>
         <input_file_ref idref="fl-d6"/>
      </object_component>
      <object_component id="oc-f0">
         <name>.debug_info</name>
         <load_address>0xcdca</load_address>
         <run_address>0xcdca</run_address>
         <size>0x1a3</size>
         <input_file_ref idref="fl-d6"/>
      </object_component>
      <object_component id="oc-c6">
         <name>.debug_info</name>
         <load_address>0xcf6d</load_address>
         <run_address>0xcf6d</run_address>
         <size>0x2f1</size>
         <input_file_ref idref="fl-d6"/>
      </object_component>
      <object_component id="oc-1ce">
         <name>.debug_info</name>
         <load_address>0xd25e</load_address>
         <run_address>0xd25e</run_address>
         <size>0x284</size>
         <input_file_ref idref="fl-d6"/>
      </object_component>
      <object_component id="oc-f6">
         <name>.debug_info</name>
         <load_address>0xd4e2</load_address>
         <run_address>0xd4e2</run_address>
         <size>0x1e8</size>
         <input_file_ref idref="fl-d6"/>
      </object_component>
      <object_component id="oc-102">
         <name>.debug_info</name>
         <load_address>0xd6ca</load_address>
         <run_address>0xd6ca</run_address>
         <size>0x20f</size>
         <input_file_ref idref="fl-d6"/>
      </object_component>
      <object_component id="oc-de">
         <name>.debug_info</name>
         <load_address>0xd8d9</load_address>
         <run_address>0xd8d9</run_address>
         <size>0x22d</size>
         <input_file_ref idref="fl-d6"/>
      </object_component>
      <object_component id="oc-c0">
         <name>.debug_info</name>
         <load_address>0xdb06</load_address>
         <run_address>0xdb06</run_address>
         <size>0x1a8</size>
         <input_file_ref idref="fl-d6"/>
      </object_component>
      <object_component id="oc-e4">
         <name>.debug_info</name>
         <load_address>0xdcae</load_address>
         <run_address>0xdcae</run_address>
         <size>0x1da</size>
         <input_file_ref idref="fl-d6"/>
      </object_component>
      <object_component id="oc-d2">
         <name>.debug_info</name>
         <load_address>0xde88</load_address>
         <run_address>0xde88</run_address>
         <size>0x294</size>
         <input_file_ref idref="fl-d6"/>
      </object_component>
      <object_component id="oc-fc">
         <name>.debug_info</name>
         <load_address>0xe11c</load_address>
         <run_address>0xe11c</run_address>
         <size>0x2d2</size>
         <input_file_ref idref="fl-d6"/>
      </object_component>
      <object_component id="oc-d8">
         <name>.debug_info</name>
         <load_address>0xe3ee</load_address>
         <run_address>0xe3ee</run_address>
         <size>0x332</size>
         <input_file_ref idref="fl-d6"/>
      </object_component>
      <object_component id="oc-22a">
         <name>.debug_info</name>
         <load_address>0xe720</load_address>
         <run_address>0xe720</run_address>
         <size>0x431a</size>
         <input_file_ref idref="fl-d6"/>
      </object_component>
      <object_component id="oc-1cc">
         <name>.debug_info</name>
         <load_address>0x12a3a</load_address>
         <run_address>0x12a3a</run_address>
         <size>0x707</size>
         <input_file_ref idref="fl-d7"/>
      </object_component>
      <object_component id="oc-1c4">
         <name>.debug_info</name>
         <load_address>0x13141</load_address>
         <run_address>0x13141</run_address>
         <size>0x131</size>
         <input_file_ref idref="fl-d7"/>
      </object_component>
      <object_component id="oc-cc">
         <name>.debug_info</name>
         <load_address>0x13272</load_address>
         <run_address>0x13272</run_address>
         <size>0x28a</size>
         <input_file_ref idref="fl-d7"/>
      </object_component>
      <object_component id="oc-149">
         <name>.debug_info</name>
         <load_address>0x134fc</load_address>
         <run_address>0x134fc</run_address>
         <size>0x1d1</size>
         <input_file_ref idref="fl-d8"/>
      </object_component>
      <object_component id="oc-1f7">
         <name>.debug_info</name>
         <load_address>0x136cd</load_address>
         <run_address>0x136cd</run_address>
         <size>0x196</size>
         <input_file_ref idref="fl-d9"/>
      </object_component>
      <object_component id="oc-2b0">
         <name>.debug_info</name>
         <load_address>0x13863</load_address>
         <run_address>0x13863</run_address>
         <size>0xa1</size>
      </object_component>
      <object_component id="oc-1e0">
         <name>.debug_line</name>
         <load_address>0x0</load_address>
         <run_address>0x0</run_address>
         <size>0xfd</size>
         <input_file_ref idref="fl-2"/>
      </object_component>
      <object_component id="oc-1fe">
         <name>.debug_line</name>
         <load_address>0xfd</load_address>
         <run_address>0xfd</run_address>
         <size>0x2d</size>
         <input_file_ref idref="fl-2"/>
      </object_component>
      <object_component id="oc-200">
         <name>.debug_line</name>
         <load_address>0x12a</load_address>
         <run_address>0x12a</run_address>
         <size>0x2d</size>
         <input_file_ref idref="fl-2"/>
      </object_component>
      <object_component id="oc-202">
         <name>.debug_line</name>
         <load_address>0x157</load_address>
         <run_address>0x157</run_address>
         <size>0x2d</size>
         <input_file_ref idref="fl-2"/>
      </object_component>
      <object_component id="oc-204">
         <name>.debug_line</name>
         <load_address>0x184</load_address>
         <run_address>0x184</run_address>
         <size>0x2d</size>
         <input_file_ref idref="fl-2"/>
      </object_component>
      <object_component id="oc-9d">
         <name>.debug_line</name>
         <load_address>0x1b1</load_address>
         <run_address>0x1b1</run_address>
         <size>0x88</size>
         <input_file_ref idref="fl-2"/>
      </object_component>
      <object_component id="oc-115">
         <name>.debug_line</name>
         <load_address>0x239</load_address>
         <run_address>0x239</run_address>
         <size>0x69</size>
         <input_file_ref idref="fl-2"/>
      </object_component>
      <object_component id="oc-1ae">
         <name>.debug_line</name>
         <load_address>0x2a2</load_address>
         <run_address>0x2a2</run_address>
         <size>0x55</size>
         <input_file_ref idref="fl-2"/>
      </object_component>
      <object_component id="oc-1a9">
         <name>.debug_line</name>
         <load_address>0x2f7</load_address>
         <run_address>0x2f7</run_address>
         <size>0x7b</size>
         <input_file_ref idref="fl-2"/>
      </object_component>
      <object_component id="oc-242">
         <name>.debug_line</name>
         <load_address>0x372</load_address>
         <run_address>0x372</run_address>
         <size>0x39</size>
         <input_file_ref idref="fl-2"/>
      </object_component>
      <object_component id="oc-1b3">
         <name>.debug_line</name>
         <load_address>0x3ab</load_address>
         <run_address>0x3ab</run_address>
         <size>0x7d</size>
         <input_file_ref idref="fl-2"/>
      </object_component>
      <object_component id="oc-1c0">
         <name>.debug_line</name>
         <load_address>0x428</load_address>
         <run_address>0x428</run_address>
         <size>0x20</size>
         <input_file_ref idref="fl-2"/>
      </object_component>
      <object_component id="oc-1a2">
         <name>.debug_line</name>
         <load_address>0x448</load_address>
         <run_address>0x448</run_address>
         <size>0x6d</size>
         <input_file_ref idref="fl-2"/>
      </object_component>
      <object_component id="oc-1ca">
         <name>.debug_line</name>
         <load_address>0x4b5</load_address>
         <run_address>0x4b5</run_address>
         <size>0x69</size>
         <input_file_ref idref="fl-2"/>
      </object_component>
      <object_component id="oc-bc">
         <name>.debug_line</name>
         <load_address>0x51e</load_address>
         <run_address>0x51e</run_address>
         <size>0x6a</size>
         <input_file_ref idref="fl-2"/>
      </object_component>
      <object_component id="oc-111">
         <name>.debug_line</name>
         <load_address>0x588</load_address>
         <run_address>0x588</run_address>
         <size>0x40</size>
         <input_file_ref idref="fl-3"/>
      </object_component>
      <object_component id="oc-77">
         <name>.debug_line</name>
         <load_address>0x5c8</load_address>
         <run_address>0x5c8</run_address>
         <size>0x40</size>
         <input_file_ref idref="fl-3"/>
      </object_component>
      <object_component id="oc-65">
         <name>.debug_line</name>
         <load_address>0x608</load_address>
         <run_address>0x608</run_address>
         <size>0x71</size>
         <input_file_ref idref="fl-3"/>
      </object_component>
      <object_component id="oc-32">
         <name>.debug_line</name>
         <load_address>0x679</load_address>
         <run_address>0x679</run_address>
         <size>0x20</size>
         <input_file_ref idref="fl-3"/>
      </object_component>
      <object_component id="oc-226">
         <name>.debug_line</name>
         <load_address>0x699</load_address>
         <run_address>0x699</run_address>
         <size>0x3b</size>
         <input_file_ref idref="fl-4"/>
      </object_component>
      <object_component id="oc-b3">
         <name>.debug_line</name>
         <load_address>0x6d4</load_address>
         <run_address>0x6d4</run_address>
         <size>0x146</size>
         <input_file_ref idref="fl-4"/>
      </object_component>
      <object_component id="oc-1e2">
         <name>.debug_line</name>
         <load_address>0x81a</load_address>
         <run_address>0x81a</run_address>
         <size>0xf1</size>
         <input_file_ref idref="fl-5"/>
      </object_component>
      <object_component id="oc-1e4">
         <name>.debug_line</name>
         <load_address>0x90b</load_address>
         <run_address>0x90b</run_address>
         <size>0x3c</size>
         <input_file_ref idref="fl-5"/>
      </object_component>
      <object_component id="oc-71">
         <name>.debug_line</name>
         <load_address>0x947</load_address>
         <run_address>0x947</run_address>
         <size>0x145</size>
         <input_file_ref idref="fl-5"/>
      </object_component>
      <object_component id="oc-13f">
         <name>.debug_line</name>
         <load_address>0xa8c</load_address>
         <run_address>0xa8c</run_address>
         <size>0x6c</size>
         <input_file_ref idref="fl-6"/>
      </object_component>
      <object_component id="oc-1a5">
         <name>.debug_line</name>
         <load_address>0xaf8</load_address>
         <run_address>0xaf8</run_address>
         <size>0x20</size>
         <input_file_ref idref="fl-7"/>
      </object_component>
      <object_component id="oc-19e">
         <name>.debug_line</name>
         <load_address>0xb18</load_address>
         <run_address>0xb18</run_address>
         <size>0x3f</size>
         <input_file_ref idref="fl-7"/>
      </object_component>
      <object_component id="oc-6e">
         <name>.debug_line</name>
         <load_address>0xb57</load_address>
         <run_address>0xb57</run_address>
         <size>0x131</size>
         <input_file_ref idref="fl-7"/>
      </object_component>
      <object_component id="oc-23e">
         <name>.debug_line</name>
         <load_address>0xc88</load_address>
         <run_address>0xc88</run_address>
         <size>0x54</size>
         <input_file_ref idref="fl-8"/>
      </object_component>
      <object_component id="oc-142">
         <name>.debug_line</name>
         <load_address>0xcdc</load_address>
         <run_address>0xcdc</run_address>
         <size>0xa7</size>
         <input_file_ref idref="fl-8"/>
      </object_component>
      <object_component id="oc-26d">
         <name>.debug_line</name>
         <load_address>0xd83</load_address>
         <run_address>0xd83</run_address>
         <size>0x20</size>
         <input_file_ref idref="fl-9"/>
      </object_component>
      <object_component id="oc-1ee">
         <name>.debug_line</name>
         <load_address>0xda3</load_address>
         <run_address>0xda3</run_address>
         <size>0xe1</size>
         <input_file_ref idref="fl-9"/>
      </object_component>
      <object_component id="oc-23a">
         <name>.debug_line</name>
         <load_address>0xe84</load_address>
         <run_address>0xe84</run_address>
         <size>0x5b</size>
         <input_file_ref idref="fl-c4"/>
      </object_component>
      <object_component id="oc-135">
         <name>.debug_line</name>
         <load_address>0xedf</load_address>
         <run_address>0xedf</run_address>
         <size>0xd2</size>
         <input_file_ref idref="fl-c5"/>
      </object_component>
      <object_component id="oc-130">
         <name>.debug_line</name>
         <load_address>0xfb1</load_address>
         <run_address>0xfb1</run_address>
         <size>0x8e</size>
         <input_file_ref idref="fl-c6"/>
      </object_component>
      <object_component id="oc-13a">
         <name>.debug_line</name>
         <load_address>0x103f</load_address>
         <run_address>0x103f</run_address>
         <size>0x67</size>
         <input_file_ref idref="fl-c7"/>
      </object_component>
      <object_component id="oc-35">
         <name>.debug_line</name>
         <load_address>0x10a6</load_address>
         <run_address>0x10a6</run_address>
         <size>0x88</size>
         <input_file_ref idref="fl-c8"/>
      </object_component>
      <object_component id="oc-12b">
         <name>.debug_line</name>
         <load_address>0x112e</load_address>
         <run_address>0x112e</run_address>
         <size>0x4c</size>
         <input_file_ref idref="fl-c9"/>
      </object_component>
      <object_component id="oc-124">
         <name>.debug_line</name>
         <load_address>0x117a</load_address>
         <run_address>0x117a</run_address>
         <size>0x9e</size>
         <input_file_ref idref="fl-ca"/>
      </object_component>
      <object_component id="oc-4b">
         <name>.debug_line</name>
         <load_address>0x1218</load_address>
         <run_address>0x1218</run_address>
         <size>0x4f</size>
         <input_file_ref idref="fl-ca"/>
      </object_component>
      <object_component id="oc-8d">
         <name>.debug_line</name>
         <load_address>0x1267</load_address>
         <run_address>0x1267</run_address>
         <size>0x34</size>
         <input_file_ref idref="fl-ca"/>
      </object_component>
      <object_component id="oc-121">
         <name>.debug_line</name>
         <load_address>0x129b</load_address>
         <run_address>0x129b</run_address>
         <size>0x8a</size>
         <input_file_ref idref="fl-ca"/>
      </object_component>
      <object_component id="oc-88">
         <name>.debug_line</name>
         <load_address>0x1325</load_address>
         <run_address>0x1325</run_address>
         <size>0x20</size>
         <input_file_ref idref="fl-cb"/>
      </object_component>
      <object_component id="oc-1e">
         <name>.debug_line</name>
         <load_address>0x1345</load_address>
         <run_address>0x1345</run_address>
         <size>0x55</size>
         <input_file_ref idref="fl-cb"/>
      </object_component>
      <object_component id="oc-3d">
         <name>.debug_line</name>
         <load_address>0x139a</load_address>
         <run_address>0x139a</run_address>
         <size>0x3a</size>
         <input_file_ref idref="fl-cb"/>
      </object_component>
      <object_component id="oc-85">
         <name>.debug_line</name>
         <load_address>0x13d4</load_address>
         <run_address>0x13d4</run_address>
         <size>0x8a</size>
         <input_file_ref idref="fl-cb"/>
      </object_component>
      <object_component id="oc-11d">
         <name>.debug_line</name>
         <load_address>0x145e</load_address>
         <run_address>0x145e</run_address>
         <size>0x20</size>
         <input_file_ref idref="fl-cc"/>
      </object_component>
      <object_component id="oc-18">
         <name>.debug_line</name>
         <load_address>0x147e</load_address>
         <run_address>0x147e</run_address>
         <size>0xa9</size>
         <input_file_ref idref="fl-cc"/>
      </object_component>
      <object_component id="oc-2d">
         <name>.debug_line</name>
         <load_address>0x1527</load_address>
         <run_address>0x1527</run_address>
         <size>0x3a</size>
         <input_file_ref idref="fl-cc"/>
      </object_component>
      <object_component id="oc-11a">
         <name>.debug_line</name>
         <load_address>0x1561</load_address>
         <run_address>0x1561</run_address>
         <size>0x92</size>
         <input_file_ref idref="fl-cc"/>
      </object_component>
      <object_component id="oc-7e">
         <name>.debug_line</name>
         <load_address>0x15f3</load_address>
         <run_address>0x15f3</run_address>
         <size>0x8e</size>
         <input_file_ref idref="fl-cc"/>
      </object_component>
      <object_component id="oc-7a">
         <name>.debug_line</name>
         <load_address>0x1681</load_address>
         <run_address>0x1681</run_address>
         <size>0x33</size>
         <input_file_ref idref="fl-cd"/>
      </object_component>
      <object_component id="oc-56">
         <name>.debug_line</name>
         <load_address>0x16b4</load_address>
         <run_address>0x16b4</run_address>
         <size>0x56</size>
         <input_file_ref idref="fl-cd"/>
      </object_component>
      <object_component id="oc-15f">
         <name>.debug_line</name>
         <load_address>0x170a</load_address>
         <run_address>0x170a</run_address>
         <size>0x3c</size>
         <input_file_ref idref="fl-ce"/>
      </object_component>
      <object_component id="oc-26a">
         <name>.debug_line</name>
         <load_address>0x1746</load_address>
         <run_address>0x1746</run_address>
         <size>0x37</size>
         <input_file_ref idref="fl-d1"/>
      </object_component>
      <object_component id="oc-94">
         <name>.debug_line</name>
         <load_address>0x177d</load_address>
         <run_address>0x177d</run_address>
         <size>0x79</size>
         <input_file_ref idref="fl-d2"/>
      </object_component>
      <object_component id="oc-254">
         <name>.debug_line</name>
         <load_address>0x17f6</load_address>
         <run_address>0x17f6</run_address>
         <size>0xb7</size>
         <input_file_ref idref="fl-d3"/>
      </object_component>
      <object_component id="oc-16c">
         <name>.debug_line</name>
         <load_address>0x18ad</load_address>
         <run_address>0x18ad</run_address>
         <size>0x6c</size>
         <input_file_ref idref="fl-d3"/>
      </object_component>
      <object_component id="oc-258">
         <name>.debug_line</name>
         <load_address>0x1919</load_address>
         <run_address>0x1919</run_address>
         <size>0x2e</size>
         <input_file_ref idref="fl-d3"/>
      </object_component>
      <object_component id="oc-274">
         <name>.debug_line</name>
         <load_address>0x1947</load_address>
         <run_address>0x1947</run_address>
         <size>0x92</size>
         <input_file_ref idref="fl-d3"/>
      </object_component>
      <object_component id="oc-25d">
         <name>.debug_line</name>
         <load_address>0x19d9</load_address>
         <run_address>0x19d9</run_address>
         <size>0x8f</size>
         <input_file_ref idref="fl-d3"/>
      </object_component>
      <object_component id="oc-262">
         <name>.debug_line</name>
         <load_address>0x1a68</load_address>
         <run_address>0x1a68</run_address>
         <size>0x8b</size>
         <input_file_ref idref="fl-d3"/>
      </object_component>
      <object_component id="oc-9a">
         <name>.debug_line</name>
         <load_address>0x1af3</load_address>
         <run_address>0x1af3</run_address>
         <size>0x40</size>
         <input_file_ref idref="fl-d4"/>
      </object_component>
      <object_component id="oc-229">
         <name>.debug_line</name>
         <load_address>0x1b33</load_address>
         <run_address>0x1b33</run_address>
         <size>0x56</size>
         <input_file_ref idref="fl-d6"/>
      </object_component>
      <object_component id="oc-235">
         <name>.debug_line</name>
         <load_address>0x1b89</load_address>
         <run_address>0x1b89</run_address>
         <size>0x52</size>
         <input_file_ref idref="fl-d6"/>
      </object_component>
      <object_component id="oc-ed">
         <name>.debug_line</name>
         <load_address>0x1bdb</load_address>
         <run_address>0x1bdb</run_address>
         <size>0x74</size>
         <input_file_ref idref="fl-d6"/>
      </object_component>
      <object_component id="oc-1ba">
         <name>.debug_line</name>
         <load_address>0x1c4f</load_address>
         <run_address>0x1c4f</run_address>
         <size>0x67</size>
         <input_file_ref idref="fl-d6"/>
      </object_component>
      <object_component id="oc-f3">
         <name>.debug_line</name>
         <load_address>0x1cb6</load_address>
         <run_address>0x1cb6</run_address>
         <size>0x67</size>
         <input_file_ref idref="fl-d6"/>
      </object_component>
      <object_component id="oc-c9">
         <name>.debug_line</name>
         <load_address>0x1d1d</load_address>
         <run_address>0x1d1d</run_address>
         <size>0x74</size>
         <input_file_ref idref="fl-d6"/>
      </object_component>
      <object_component id="oc-1d1">
         <name>.debug_line</name>
         <load_address>0x1d91</load_address>
         <run_address>0x1d91</run_address>
         <size>0x89</size>
         <input_file_ref idref="fl-d6"/>
      </object_component>
      <object_component id="oc-f9">
         <name>.debug_line</name>
         <load_address>0x1e1a</load_address>
         <run_address>0x1e1a</run_address>
         <size>0x67</size>
         <input_file_ref idref="fl-d6"/>
      </object_component>
      <object_component id="oc-105">
         <name>.debug_line</name>
         <load_address>0x1e81</load_address>
         <run_address>0x1e81</run_address>
         <size>0x80</size>
         <input_file_ref idref="fl-d6"/>
      </object_component>
      <object_component id="oc-e1">
         <name>.debug_line</name>
         <load_address>0x1f01</load_address>
         <run_address>0x1f01</run_address>
         <size>0x73</size>
         <input_file_ref idref="fl-d6"/>
      </object_component>
      <object_component id="oc-c3">
         <name>.debug_line</name>
         <load_address>0x1f74</load_address>
         <run_address>0x1f74</run_address>
         <size>0x67</size>
         <input_file_ref idref="fl-d6"/>
      </object_component>
      <object_component id="oc-e7">
         <name>.debug_line</name>
         <load_address>0x1fdb</load_address>
         <run_address>0x1fdb</run_address>
         <size>0x6c</size>
         <input_file_ref idref="fl-d6"/>
      </object_component>
      <object_component id="oc-d5">
         <name>.debug_line</name>
         <load_address>0x2047</load_address>
         <run_address>0x2047</run_address>
         <size>0x75</size>
         <input_file_ref idref="fl-d6"/>
      </object_component>
      <object_component id="oc-ff">
         <name>.debug_line</name>
         <load_address>0x20bc</load_address>
         <run_address>0x20bc</run_address>
         <size>0x8f</size>
         <input_file_ref idref="fl-d6"/>
      </object_component>
      <object_component id="oc-db">
         <name>.debug_line</name>
         <load_address>0x214b</load_address>
         <run_address>0x214b</run_address>
         <size>0xa4</size>
         <input_file_ref idref="fl-d6"/>
      </object_component>
      <object_component id="oc-22d">
         <name>.debug_line</name>
         <load_address>0x21ef</load_address>
         <run_address>0x21ef</run_address>
         <size>0x51</size>
         <input_file_ref idref="fl-d6"/>
      </object_component>
      <object_component id="oc-232">
         <name>.debug_line</name>
         <load_address>0x2240</load_address>
         <run_address>0x2240</run_address>
         <size>0x56</size>
         <input_file_ref idref="fl-d7"/>
      </object_component>
      <object_component id="oc-230">
         <name>.debug_line</name>
         <load_address>0x2296</load_address>
         <run_address>0x2296</run_address>
         <size>0x51</size>
         <input_file_ref idref="fl-d7"/>
      </object_component>
      <object_component id="oc-cf">
         <name>.debug_line</name>
         <load_address>0x22e7</load_address>
         <run_address>0x22e7</run_address>
         <size>0x75</size>
         <input_file_ref idref="fl-d7"/>
      </object_component>
      <object_component id="oc-148">
         <name>.debug_line</name>
         <load_address>0x235c</load_address>
         <run_address>0x235c</run_address>
         <size>0x6b</size>
         <input_file_ref idref="fl-d8"/>
      </object_component>
      <object_component id="oc-1fb">
         <name>.debug_line</name>
         <load_address>0x23c7</load_address>
         <run_address>0x23c7</run_address>
         <size>0x65</size>
         <input_file_ref idref="fl-d9"/>
      </object_component>
      <object_component id="oc-a1">
         <name>.debug_frame</name>
         <load_address>0x0</load_address>
         <run_address>0x0</run_address>
         <size>0x74</size>
         <input_file_ref idref="fl-2"/>
      </object_component>
      <object_component id="oc-69">
         <name>.debug_frame</name>
         <load_address>0x74</load_address>
         <run_address>0x74</run_address>
         <size>0x6c</size>
         <input_file_ref idref="fl-3"/>
      </object_component>
      <object_component id="oc-b2">
         <name>.debug_frame</name>
         <load_address>0xe0</load_address>
         <run_address>0xe0</run_address>
         <size>0x70</size>
         <input_file_ref idref="fl-4"/>
      </object_component>
      <object_component id="oc-72">
         <name>.debug_frame</name>
         <load_address>0x150</load_address>
         <run_address>0x150</run_address>
         <size>0x110</size>
         <input_file_ref idref="fl-5"/>
      </object_component>
      <object_component id="oc-140">
         <name>.debug_frame</name>
         <load_address>0x260</load_address>
         <run_address>0x260</run_address>
         <size>0x70</size>
         <input_file_ref idref="fl-6"/>
      </object_component>
      <object_component id="oc-6f">
         <name>.debug_frame</name>
         <load_address>0x2d0</load_address>
         <run_address>0x2d0</run_address>
         <size>0xe0</size>
         <input_file_ref idref="fl-7"/>
      </object_component>
      <object_component id="oc-146">
         <name>.debug_frame</name>
         <load_address>0x3b0</load_address>
         <run_address>0x3b0</run_address>
         <size>0xa0</size>
         <input_file_ref idref="fl-8"/>
      </object_component>
      <object_component id="oc-1ef">
         <name>.debug_frame</name>
         <load_address>0x450</load_address>
         <run_address>0x450</run_address>
         <size>0xd8</size>
         <input_file_ref idref="fl-9"/>
      </object_component>
      <object_component id="oc-4a">
         <name>.debug_frame</name>
         <load_address>0x528</load_address>
         <run_address>0x528</run_address>
         <size>0x54</size>
         <input_file_ref idref="fl-ca"/>
      </object_component>
      <object_component id="oc-1f">
         <name>.debug_frame</name>
         <load_address>0x57c</load_address>
         <run_address>0x57c</run_address>
         <size>0x54</size>
         <input_file_ref idref="fl-cb"/>
      </object_component>
      <object_component id="oc-19">
         <name>.debug_frame</name>
         <load_address>0x5d0</load_address>
         <run_address>0x5d0</run_address>
         <size>0x60</size>
         <input_file_ref idref="fl-cc"/>
      </object_component>
      <object_component id="oc-57">
         <name>.debug_frame</name>
         <load_address>0x630</load_address>
         <run_address>0x630</run_address>
         <size>0x58</size>
         <input_file_ref idref="fl-cd"/>
      </object_component>
      <object_component id="oc-160">
         <name>.debug_frame</name>
         <load_address>0x688</load_address>
         <run_address>0x688</run_address>
         <size>0x54</size>
         <input_file_ref idref="fl-ce"/>
      </object_component>
      <object_component id="oc-16b">
         <name>.debug_frame</name>
         <load_address>0x6dc</load_address>
         <run_address>0x6dc</run_address>
         <size>0x5c</size>
         <input_file_ref idref="fl-d3"/>
      </object_component>
      <object_component id="oc-9b">
         <name>.debug_frame</name>
         <load_address>0x738</load_address>
         <run_address>0x738</run_address>
         <size>0x54</size>
         <input_file_ref idref="fl-d4"/>
      </object_component>
      <object_component id="oc-ee">
         <name>.debug_frame</name>
         <load_address>0x78c</load_address>
         <run_address>0x78c</run_address>
         <size>0x54</size>
         <input_file_ref idref="fl-d6"/>
      </object_component>
      <object_component id="oc-1bb">
         <name>.debug_frame</name>
         <load_address>0x7e0</load_address>
         <run_address>0x7e0</run_address>
         <size>0x54</size>
         <input_file_ref idref="fl-d6"/>
      </object_component>
      <object_component id="oc-f4">
         <name>.debug_frame</name>
         <load_address>0x834</load_address>
         <run_address>0x834</run_address>
         <size>0x54</size>
         <input_file_ref idref="fl-d6"/>
      </object_component>
      <object_component id="oc-ca">
         <name>.debug_frame</name>
         <load_address>0x888</load_address>
         <run_address>0x888</run_address>
         <size>0x5c</size>
         <input_file_ref idref="fl-d6"/>
      </object_component>
      <object_component id="oc-1d2">
         <name>.debug_frame</name>
         <load_address>0x8e4</load_address>
         <run_address>0x8e4</run_address>
         <size>0x94</size>
         <input_file_ref idref="fl-d6"/>
      </object_component>
      <object_component id="oc-fa">
         <name>.debug_frame</name>
         <load_address>0x978</load_address>
         <run_address>0x978</run_address>
         <size>0x58</size>
         <input_file_ref idref="fl-d6"/>
      </object_component>
      <object_component id="oc-106">
         <name>.debug_frame</name>
         <load_address>0x9d0</load_address>
         <run_address>0x9d0</run_address>
         <size>0x5c</size>
         <input_file_ref idref="fl-d6"/>
      </object_component>
      <object_component id="oc-e2">
         <name>.debug_frame</name>
         <load_address>0xa2c</load_address>
         <run_address>0xa2c</run_address>
         <size>0x58</size>
         <input_file_ref idref="fl-d6"/>
      </object_component>
      <object_component id="oc-c4">
         <name>.debug_frame</name>
         <load_address>0xa84</load_address>
         <run_address>0xa84</run_address>
         <size>0x54</size>
         <input_file_ref idref="fl-d6"/>
      </object_component>
      <object_component id="oc-e8">
         <name>.debug_frame</name>
         <load_address>0xad8</load_address>
         <run_address>0xad8</run_address>
         <size>0x5c</size>
         <input_file_ref idref="fl-d6"/>
      </object_component>
      <object_component id="oc-d6">
         <name>.debug_frame</name>
         <load_address>0xb34</load_address>
         <run_address>0xb34</run_address>
         <size>0x58</size>
         <input_file_ref idref="fl-d6"/>
      </object_component>
      <object_component id="oc-100">
         <name>.debug_frame</name>
         <load_address>0xb8c</load_address>
         <run_address>0xb8c</run_address>
         <size>0x60</size>
         <input_file_ref idref="fl-d6"/>
      </object_component>
      <object_component id="oc-dc">
         <name>.debug_frame</name>
         <load_address>0xbec</load_address>
         <run_address>0xbec</run_address>
         <size>0x64</size>
         <input_file_ref idref="fl-d6"/>
      </object_component>
      <object_component id="oc-d0">
         <name>.debug_frame</name>
         <load_address>0xc50</load_address>
         <run_address>0xc50</run_address>
         <size>0x58</size>
         <input_file_ref idref="fl-d7"/>
      </object_component>
      <object_component id="oc-14c">
         <name>.debug_frame</name>
         <load_address>0xca8</load_address>
         <run_address>0xca8</run_address>
         <size>0x58</size>
         <input_file_ref idref="fl-d8"/>
      </object_component>
      <object_component id="oc-1fa">
         <name>.debug_frame</name>
         <load_address>0xd00</load_address>
         <run_address>0xd00</run_address>
         <size>0x54</size>
         <input_file_ref idref="fl-d9"/>
      </object_component>
      <object_component id="oc-1df">
         <name>.debug_abbrev</name>
         <load_address>0x0</load_address>
         <run_address>0x0</run_address>
         <size>0xe7</size>
         <input_file_ref idref="fl-2"/>
      </object_component>
      <object_component id="oc-1fd">
         <name>.debug_abbrev</name>
         <load_address>0xe7</load_address>
         <run_address>0xe7</run_address>
         <size>0x29</size>
         <input_file_ref idref="fl-2"/>
      </object_component>
      <object_component id="oc-1ff">
         <name>.debug_abbrev</name>
         <load_address>0x110</load_address>
         <run_address>0x110</run_address>
         <size>0x29</size>
         <input_file_ref idref="fl-2"/>
      </object_component>
      <object_component id="oc-201">
         <name>.debug_abbrev</name>
         <load_address>0x139</load_address>
         <run_address>0x139</run_address>
         <size>0x29</size>
         <input_file_ref idref="fl-2"/>
      </object_component>
      <object_component id="oc-203">
         <name>.debug_abbrev</name>
         <load_address>0x162</load_address>
         <run_address>0x162</run_address>
         <size>0x29</size>
         <input_file_ref idref="fl-2"/>
      </object_component>
      <object_component id="oc-15a">
         <name>.debug_abbrev</name>
         <load_address>0x18b</load_address>
         <run_address>0x18b</run_address>
         <size>0x89</size>
         <input_file_ref idref="fl-2"/>
      </object_component>
      <object_component id="oc-114">
         <name>.debug_abbrev</name>
         <load_address>0x214</load_address>
         <run_address>0x214</run_address>
         <size>0x69</size>
         <input_file_ref idref="fl-2"/>
      </object_component>
      <object_component id="oc-1ad">
         <name>.debug_abbrev</name>
         <load_address>0x27d</load_address>
         <run_address>0x27d</run_address>
         <size>0x97</size>
         <input_file_ref idref="fl-2"/>
      </object_component>
      <object_component id="oc-1a8">
         <name>.debug_abbrev</name>
         <load_address>0x314</load_address>
         <run_address>0x314</run_address>
         <size>0xbd</size>
         <input_file_ref idref="fl-2"/>
      </object_component>
      <object_component id="oc-241">
         <name>.debug_abbrev</name>
         <load_address>0x3d1</load_address>
         <run_address>0x3d1</run_address>
         <size>0x49</size>
         <input_file_ref idref="fl-2"/>
      </object_component>
      <object_component id="oc-1b2">
         <name>.debug_abbrev</name>
         <load_address>0x41a</load_address>
         <run_address>0x41a</run_address>
         <size>0x4b</size>
         <input_file_ref idref="fl-2"/>
      </object_component>
      <object_component id="oc-1bf">
         <name>.debug_abbrev</name>
         <load_address>0x465</load_address>
         <run_address>0x465</run_address>
         <size>0x1f</size>
         <input_file_ref idref="fl-2"/>
      </object_component>
      <object_component id="oc-1a1">
         <name>.debug_abbrev</name>
         <load_address>0x484</load_address>
         <run_address>0x484</run_address>
         <size>0x5c</size>
         <input_file_ref idref="fl-2"/>
      </object_component>
      <object_component id="oc-1c9">
         <name>.debug_abbrev</name>
         <load_address>0x4e0</load_address>
         <run_address>0x4e0</run_address>
         <size>0x24</size>
         <input_file_ref idref="fl-2"/>
      </object_component>
      <object_component id="oc-bb">
         <name>.debug_abbrev</name>
         <load_address>0x504</load_address>
         <run_address>0x504</run_address>
         <size>0x24</size>
         <input_file_ref idref="fl-2"/>
      </object_component>
      <object_component id="oc-110">
         <name>.debug_abbrev</name>
         <load_address>0x528</load_address>
         <run_address>0x528</run_address>
         <size>0x7c</size>
         <input_file_ref idref="fl-3"/>
      </object_component>
      <object_component id="oc-76">
         <name>.debug_abbrev</name>
         <load_address>0x5a4</load_address>
         <run_address>0x5a4</run_address>
         <size>0x29</size>
         <input_file_ref idref="fl-3"/>
      </object_component>
      <object_component id="oc-b4">
         <name>.debug_abbrev</name>
         <load_address>0x5cd</load_address>
         <run_address>0x5cd</run_address>
         <size>0x89</size>
         <input_file_ref idref="fl-3"/>
      </object_component>
      <object_component id="oc-31">
         <name>.debug_abbrev</name>
         <load_address>0x656</load_address>
         <run_address>0x656</run_address>
         <size>0x1f</size>
         <input_file_ref idref="fl-3"/>
      </object_component>
      <object_component id="oc-225">
         <name>.debug_abbrev</name>
         <load_address>0x675</load_address>
         <run_address>0x675</run_address>
         <size>0x29</size>
         <input_file_ref idref="fl-4"/>
      </object_component>
      <object_component id="oc-19c">
         <name>.debug_abbrev</name>
         <load_address>0x69e</load_address>
         <run_address>0x69e</run_address>
         <size>0x8b</size>
         <input_file_ref idref="fl-4"/>
      </object_component>
      <object_component id="oc-1e1">
         <name>.debug_abbrev</name>
         <load_address>0x729</load_address>
         <run_address>0x729</run_address>
         <size>0xff</size>
         <input_file_ref idref="fl-5"/>
      </object_component>
      <object_component id="oc-1e3">
         <name>.debug_abbrev</name>
         <load_address>0x828</load_address>
         <run_address>0x828</run_address>
         <size>0x29</size>
         <input_file_ref idref="fl-5"/>
      </object_component>
      <object_component id="oc-10f">
         <name>.debug_abbrev</name>
         <load_address>0x851</load_address>
         <run_address>0x851</run_address>
         <size>0xb8</size>
         <input_file_ref idref="fl-5"/>
      </object_component>
      <object_component id="oc-1e9">
         <name>.debug_abbrev</name>
         <load_address>0x909</load_address>
         <run_address>0x909</run_address>
         <size>0x5f</size>
         <input_file_ref idref="fl-6"/>
      </object_component>
      <object_component id="oc-1a4">
         <name>.debug_abbrev</name>
         <load_address>0x968</load_address>
         <run_address>0x968</run_address>
         <size>0x8a</size>
         <input_file_ref idref="fl-7"/>
      </object_component>
[...]
      </symbol>
      <symbol id="sm-8f">
         <name>ADC_Buffer</name>
         <value>0x20000810</value>
      </symbol>
      <symbol id="sm-90">
         <name>Duty_Cycle</name>
         <value>0x2000081c</value>
      </symbol>
      <symbol id="sm-91">
         <name>EventCallback</name>
         <value>0x78d</value>
         <object_component_ref idref="oc-9c"/>
      </symbol>
      <symbol id="sm-92">
         <name>main</name>
         <value>0x80b</value>
         <object_component_ref idref="oc-9c"/>
      </symbol>
      <symbol id="sm-93">
         <name>UpModeConfig</name>
         <value>0x20000874</value>
         <object_component_ref idref="oc-157"/>
      </symbol>
      <symbol id="sm-94">
         <name>PWMConfig1</name>
         <value>0x20000844</value>
         <object_component_ref idref="oc-151"/>
      </symbol>
      <symbol id="sm-95">
         <name>PWMConfig0</name>
         <value>0x2000082c</value>
         <object_component_ref idref="oc-14e"/>
      </symbol>
      <symbol id="sm-96">
         <name>PWMConfig2</name>
         <value>0x2000085c</value>
         <object_component_ref idref="oc-154"/>
      </symbol>
      <symbol id="sm-b0">
         <name>Reset_Handler</name>
         <value>0x146b</value>
         <object_component_ref idref="oc-64"/>
      </symbol>
      <symbol id="sm-b1">
         <name>Default_Handler</name>
         <value>0x1477</value>
         <object_component_ref idref="oc-64"/>
      </symbol>
      <symbol id="sm-b2">
         <name>interruptVectors</name>
         <value>0x0</value>
         <object_component_ref idref="oc-23"/>
      </symbol>
      <symbol id="sm-f8">
         <name>SystemInit</name>
         <value>0x359</value>
         <object_component_ref idref="oc-ae"/>
      </symbol>
      <symbol id="sm-f9">
         <name>SystemCoreClockUpdate</name>
         <value>0xe5</value>
         <object_component_ref idref="oc-ae"/>
      </symbol>
      <symbol id="sm-fa">
         <name>SystemCoreClock</name>
         <value>0x20000898</value>
         <object_component_ref idref="oc-199"/>
      </symbol>
      <symbol id="sm-125">
         <name>ADC_ReadMultiple</name>
         <value>0xa33</value>
         <object_component_ref idref="oc-70"/>
      </symbol>
      <symbol id="sm-126">
         <name>ADC_RegisterCallback</name>
         <value>0xa4f</value>
         <object_component_ref idref="oc-70"/>
      </symbol>
      <symbol id="sm-127">
         <name>ADC_GetBuffer</name>
         <value>0xa4b</value>
         <object_component_ref idref="oc-70"/>
      </symbol>
      <symbol id="sm-128">
         <name>ADC14_IRQHandler</name>
         <value>0xa5f</value>
         <object_component_ref idref="oc-70"/>
      </symbol>
      <symbol id="sm-129">
         <name>ADC_Callback</name>
         <value>0x20000894</value>
         <object_component_ref idref="oc-10c"/>
      </symbol>
      <symbol id="sm-12a">
         <name>ADC_InitMultiple</name>
         <value>0x9d9</value>
         <object_component_ref idref="oc-70"/>
      </symbol>
      <symbol id="sm-12b">
         <name>ADC_InitSingle</name>
         <value>0x949</value>
         <object_component_ref idref="oc-70"/>
      </symbol>
      <symbol id="sm-12c">
         <name>ADC_Read</name>
         <value>0x9b9</value>
         <object_component_ref idref="oc-70"/>
      </symbol>
      <symbol id="sm-12d">
         <name>ADC_Enable</name>
         <value>0x92d</value>
         <object_component_ref idref="oc-70"/>
      </symbol>
      <symbol id="sm-13c">
         <name>CS_Init</name>
         <value>0x1069</value>
         <object_component_ref idref="oc-13b"/>
      </symbol>
      <symbol id="sm-13d">
         <name>CS_PWM_Init</name>
         <value>0x10a3</value>
         <object_component_ref idref="oc-13b"/>
      </symbol>
      <symbol id="sm-172">
         <name>TA0_0_IRQHandler</name>
         <value>0x577</value>
         <object_component_ref idref="oc-6a"/>
      </symbol>
      <symbol id="sm-173">
         <name>TIMERA_DutyCycle</name>
         <value>0x559</value>
         <object_component_ref idref="oc-6a"/>
      </symbol>
      <symbol id="sm-174">
         <name>TIMERA_Init</name>
         <value>0x411</value>
         <object_component_ref idref="oc-6a"/>
      </symbol>
      <symbol id="sm-175">
         <name>TIMER_A1_CB</name>
         <value>0x20000890</value>
         <object_component_ref idref="oc-b5"/>
      </symbol>
      <symbol id="sm-176">
         <name>TIMERA_RegisterCallback</name>
         <value>0x4ed</value>
         <object_component_ref idref="oc-6a"/>
      </symbol>
      <symbol id="sm-177">
         <name>TIMER_A0_CB</name>
         <value>0x2000088c</value>
         <object_component_ref idref="oc-b5"/>
      </symbol>
      <symbol id="sm-178">
         <name>TA1_0_IRQHandler</name>
         <value>0x59b</value>
         <object_component_ref idref="oc-6a"/>
      </symbol>
      <symbol id="sm-179">
         <name>TIMERA_StartTimer</name>
         <value>0x51f</value>
         <object_component_ref idref="oc-6a"/>
      </symbol>
      <symbol id="sm-190">
         <name>Queue</name>
         <value>0x20000800</value>
      </symbol>
      <symbol id="sm-191">
         <name>QueueBuffer</name>
         <value>0x20000000</value>
      </symbol>
      <symbol id="sm-192">
         <name>Message_CallBack</name>
         <value>0x20000828</value>
      </symbol>
      <symbol id="sm-193">
         <name>GetMessage</name>
         <value>0x1139</value>
         <object_component_ref idref="oc-141"/>
      </symbol>
      <symbol id="sm-194">
         <name>Hardware_Callback</name>
         <value>0x1183</value>
         <object_component_ref idref="oc-141"/>
      </symbol>
      <symbol id="sm-195">
         <name>RegisterMessageCallback</name>
         <value>0x1155</value>
         <object_component_ref idref="oc-141"/>
      </symbol>
      <symbol id="sm-196">
         <name>DispatchMessage</name>
         <value>0x116d</value>
         <object_component_ref idref="oc-141"/>
      </symbol>
      <symbol id="sm-1b2">
         <name>QueueInit</name>
         <value>0xc05</value>
         <object_component_ref idref="oc-1ea"/>
      </symbol>
      <symbol id="sm-1b3">
         <name>Enqueue</name>
         <value>0xc2b</value>
         <object_component_ref idref="oc-1ea"/>
      </symbol>
      <symbol id="sm-1b4">
         <name>QueueCount</name>
         <value>0xced</value>
         <object_component_ref idref="oc-1ea"/>
      </symbol>
      <symbol id="sm-1b5">
         <name>QueueFull</name>
         <value>0xcc9</value>
         <object_component_ref idref="oc-1ea"/>
      </symbol>
      <symbol id="sm-1b6">
         <name>Dequeue</name>
         <value>0xc69</value>
         <object_component_ref idref="oc-1ea"/>
      </symbol>
      <symbol id="sm-1b7">
         <name>QueueEmpty</name>
         <value>0xca7</value>
         <object_component_ref idref="oc-1ea"/>
      </symbol>
      <symbol id="sm-1c6">
         <name>__aeabi_uidivmod</name>
         <value>0x12b9</value>
         <object_component_ref idref="oc-236"/>
      </symbol>
      <symbol id="sm-1c7">
         <name>__aeabi_uidiv</name>
         <value>0x12b9</value>
         <object_component_ref idref="oc-236"/>
      </symbol>
      <symbol id="sm-1de">
         <name>__aeabi_dsub</name>
         <value>0x5d5</value>
         <object_component_ref idref="oc-131"/>
      </symbol>
      <symbol id="sm-1df">
         <name>__aeabi_dadd</name>
         <value>0x5df</value>
         <object_component_ref idref="oc-131"/>
      </symbol>
      <symbol id="sm-1ea">
         <name>__aeabi_dmul</name>
         <value>0xd01</value>
         <object_component_ref idref="oc-12c"/>
      </symbol>
      <symbol id="sm-1f6">
         <name>__aeabi_d2f</name>
         <value>0xf8d</value>
         <object_component_ref idref="oc-136"/>
      </symbol>
      <symbol id="sm-211">
         <name>memcpy</name>
         <value>0xdfd</value>
         <object_component_ref idref="oc-34"/>
      </symbol>
      <symbol id="sm-212">
         <name>__aeabi_memcpy</name>
         <value>0xdfd</value>
         <object_component_ref idref="oc-34"/>
      </symbol>
      <symbol id="sm-213">
         <name>__aeabi_memcpy8</name>
         <value>0xdfd</value>
         <object_component_ref idref="oc-34"/>
      </symbol>
      <symbol id="sm-214">
         <name>__aeabi_memcpy4</name>
         <value>0xdfd</value>
         <object_component_ref idref="oc-34"/>
      </symbol>
      <symbol id="sm-21e">
         <name>__aeabi_ui2d</name>
         <value>0x13dd</value>
         <object_component_ref idref="oc-127"/>
      </symbol>
      <symbol id="sm-235">
         <name>__TI_zero_init</name>
         <value>0x1485</value>
         <object_component_ref idref="oc-46"/>
      </symbol>
      <symbol id="sm-24c">
         <name>__TI_decompress_none</name>
         <value>0x145d</value>
         <object_component_ref idref="oc-1a"/>
      </symbol>
      <symbol id="sm-26f">
         <name>__TI_decompress_lzss</name>
         <value>0x10d1</value>
         <object_component_ref idref="oc-14"/>
      </symbol>
      <symbol id="sm-282">
         <name>__stack</name>
         <value>0x20007e00</value>
         <object_component_ref idref="oc-26"/>
      </symbol>
      <symbol id="sm-283">
         <name>_c_int00_noargs</name>
         <value>0x1331</value>
         <object_component_ref idref="oc-52"/>
      </symbol>
      <symbol id="sm-28e">
         <name>C$$EXIT</name>
         <value>0x1495</value>
         <object_component_ref idref="oc-15b"/>
      </symbol>
      <symbol id="sm-28f">
         <name>abort</name>
         <value>0x1495</value>
         <object_component_ref idref="oc-15b"/>
      </symbol>
      <symbol id="sm-29b">
         <name>__aeabi_idiv0</name>
         <value>0x78b</value>
         <object_component_ref idref="oc-266"/>
      </symbol>
      <symbol id="sm-29c">
         <name>__aeabi_ldiv0</name>
         <value>0x78b</value>
         <object_component_ref idref="oc-266"/>
      </symbol>
      <symbol id="sm-2ab">
         <name>__aeabi_memset</name>
         <value>0xe9b</value>
         <object_component_ref idref="oc-90"/>
      </symbol>
      <symbol id="sm-2ac">
         <name>memset</name>
         <value>0xea1</value>
         <object_component_ref idref="oc-90"/>
      </symbol>
      <symbol id="sm-2ad">
         <name>__aeabi_memset8</name>
         <value>0xe9b</value>
         <object_component_ref idref="oc-90"/>
      </symbol>
      <symbol id="sm-2ae">
         <name>__aeabi_memset4</name>
         <value>0xe9b</value>
         <object_component_ref idref="oc-90"/>
      </symbol>
      <symbol id="sm-2af">
         <name>__aeabi_memclr8</name>
         <value>0xe99</value>
         <object_component_ref idref="oc-90"/>
      </symbol>
      <symbol id="sm-2b0">
         <name>__aeabi_memclr4</name>
         <value>0xe99</value>
         <object_component_ref idref="oc-90"/>
      </symbol>
      <symbol id="sm-2b1">
         <name>__aeabi_memclr</name>
         <value>0xe99</value>
         <object_component_ref idref="oc-90"/>
      </symbol>
      <symbol id="sm-2d9">
         <name>__TI_auto_init_nobinit_nopinit</name>
         <value>0x1275</value>
         <object_component_ref idref="oc-167"/>
      </symbol>
      <symbol id="sm-2e3">
         <name>_system_pre_init</name>
         <value>0x1491</value>
         <object_component_ref idref="oc-96"/>
      </symbol>
      <symbol id="sm-3ba">
         <name>ADC14_configureSingleSampleMode</name>
         <value>0x11ed</value>
         <object_component_ref idref="oc-d1"/>
      </symbol>
      <symbol id="sm-3bb">
         <name>ADC14_enableSampleTimer</name>
         <value>0x1395</value>
         <object_component_ref idref="oc-dd"/>
      </symbol>
      <symbol id="sm-3bc">
         <name>ADC14_enableConversion</name>
         <value>0x1369</value>
         <object_component_ref idref="oc-e3"/>
      </symbol>
      <symbol id="sm-3bd">
         <name>ADC14_toggleConversionTrigger</name>
         <value>0x13bd</value>
         <object_component_ref idref="oc-e9"/>
      </symbol>
      <symbol id="sm-3be">
         <name>ADC14_isBusy</name>
         <value>0x1415</value>
         <object_component_ref idref="oc-ef"/>
      </symbol>
      <symbol id="sm-3bf">
         <name>ADC14_getMultiSequenceResult</name>
         <value>0x1231</value>
         <object_component_ref idref="oc-101"/>
      </symbol>
      <symbol id="sm-3c0">
         <name>ADC14_initModule</name>
         <value>0x12f9</value>
         <object_component_ref idref="oc-c5"/>
      </symbol>
      <symbol id="sm-3c1">
         <name>ADC14_configureMultiSequenceMode</name>
         <value>0xf15</value>
         <object_component_ref idref="oc-fb"/>
      </symbol>
      <symbol id="sm-3c2">
         <name>ADC14_configureConversionMemory</name>
         <value>0xffd</value>
         <object_component_ref idref="oc-d7"/>
      </symbol>
      <symbol id="sm-3c3">
         <name>ADC14_enableModule</name>
         <value>0x143d</value>
         <object_component_ref idref="oc-bf"/>
      </symbol>
      <symbol id="sm-3c4">
         <name>ADC14_getResult</name>
         <value>0x13fd</value>
         <object_component_ref idref="oc-f5"/>
      </symbol>
      <symbol id="sm-3df">
         <name>GPIO_setAsPeripheralModuleFunctionInputPin</name>
         <value>0x11a1</value>
         <object_component_ref idref="oc-cb"/>
      </symbol>
      <symbol id="sm-3ea">
         <name>Interrupt_enableMaster</name>
         <value>0x144d</value>
         <object_component_ref idref="oc-147"/>
      </symbol>
      <symbol id="sm-3f4">
         <name>CPU_cpsie</name>
         <value>0x1479</value>
         <object_component_ref idref="oc-1f6"/>
      </symbol>
      <symbol id="sm-3f5">
         <name>__TI_static_base__</name>
         <value>0x0</value>
      </symbol>
      <symbol id="sm-3f8">
         <name>__mpu_init</name>
         <value>0x0</value>
      </symbol>
      <symbol id="sm-3f9">
         <name>_system_post_cinit</name>
         <value>0x0</value>
      </symbol>
      <symbol id="sm-3fa">
         <name>NMI_Handler</name>
         <value>0x1477</value>
      </symbol>
      <symbol id="sm-3fb">
         <name>HardFault_Handler</name>
         <value>0x1477</value>
      </symbol>
      <symbol id="sm-3fc">
         <name>MemManage_Handler</name>
         <value>0x1477</value>
      </symbol>
      <symbol id="sm-3fd">
         <name>BusFault_Handler</name>
         <value>0x1477</value>
      </symbol>
      <symbol id="sm-3fe">
         <name>UsageFault_Handler</name>
         <value>0x1477</value>
      </symbol>
      <symbol id="sm-3ff">
         <name>SVC_Handler</name>
         <value>0x1477</value>
      </symbol>
      <symbol id="sm-400">
         <name>DebugMon_Handler</name>
         <value>0x1477</value>
      </symbol>
      <symbol id="sm-401">
         <name>PendSV_Handler</name>
         <value>0x1477</value>
      </symbol>
      <symbol id="sm-402">
         <name>SysTick_Handler</name>
         <value>0x1477</value>
      </symbol>
      <symbol id="sm-403">
         <name>PSS_IRQHandler</name>
         <value>0x1477</value>
      </symbol>
      <symbol id="sm-404">
         <name>CS_IRQHandler</name>
         <value>0x1477</value>
      </symbol>
      <symbol id="sm-405">
         <name>PCM_IRQHandler</name>
         <value>0x1477</value>
      </symbol>
      <symbol id="sm-406">
         <name>WDT_A_IRQHandler</name>
         <value>0x1477</value>
      </symbol>
      <symbol id="sm-407">
         <name>FPU_IRQHandler</name>
         <value>0x1477</value>
      </symbol>
      <symbol id="sm-408">
         <name>FLCTL_IRQHandler</name>
         <value>0x1477</value>
      </symbol>
      <symbol id="sm-409">
         <name>COMP_E0_IRQHandler</name>
         <value>0x1477</value>
      </symbol>
      <symbol id="sm-40a">
         <name>COMP_E1_IRQHandler</name>
         <value>0x1477</value>
      </symbol>
      <symbol id="sm-40b">
         <name>TA0_0_IRQHandler</name>
         <value>0x577</value>
      </symbol>
      <symbol id="sm-40c">
         <name>TA0_N_IRQHandler</name>
         <value>0x1477</value>
      </symbol>
      <symbol id="sm-40d">
         <name>TA1_0_IRQHandler</name>
         <value>0x59b</value>
      </symbol>
      <symbol id="sm-40e">
         <name>TA1_N_IRQHandler</name>
         <value>0x1477</value>
      </symbol>
      <symbol id="sm-40f">
         <name>TA2_0_IRQHandler</name>
         <value>0x1477</value>
      </symbol>
      <symbol id="sm-410">
         <name>TA2_N_IRQHandler</name>
         <value>0x1477</value>
      </symbol>
      <symbol id="sm-411">
         <name>TA3_0_IRQHandler</name>
         <value>0x1477</value>
      </symbol>
      <symbol id="sm-412">
         <name>TA3_N_IRQHandler</name>
         <value>0x1477</value>
      </symbol>
      <symbol id="sm-413">
         <name>EUSCIA0_IRQHandler</name>
         <value>0x1477</value>
      </symbol>
      <symbol id="sm-414">
         <name>EUSCIA1_IRQHandler</name>
         <value>0x1477</value>
      </symbol>
      <symbol id="sm-415">
         <name>EUSCIA2_IRQHandler</name>
         <value>0x1477</value>
      </symbol>
      <symbol id="sm-416">
         <name>EUSCIA3_IRQHandler</name>
         <value>0x1477</value>
      </symbol>
      <symbol id="sm-417">
         <name>EUSCIB0_IRQHandler</name>
         <value>0x1477</value>
      </symbol>
      <symbol id="sm-418">
         <name>EUSCIB1_IRQHandler</name>
         <value>0x1477</value>
      </symbol>
      <symbol id="sm-419">
         <name>EUSCIB2_IRQHandler</name>
         <value>0x1477</value>
      </symbol>
      <symbol id="sm-41a">
         <name>EUSCIB3_IRQHandler</name>
         <value>0x1477</value>
      </symbol>
      <symbol id="sm-41b">
         <name>ADC14_IRQHandler</name>
         <value>0xa5f</value>
      </symbol>
      <symbol id="sm-41c">
         <name>T32_INT1_IRQHandler</name>
         <value>0x1477</value>
      </symbol>
      <symbol id="sm-41d">
         <name>T32_INT2_IRQHandler</name>
         <value>0x1477</value>
      </symbol>
      <symbol id="sm-41e">
         <name>T32_INTC_IRQHandler</name>
         <value>0x1477</value>
      </symbol>
      <symbol id="sm-41f">
         <name>AES256_IRQHandler</name>
         <value>0x1477</value>
      </symbol>
      <symbol id="sm-420">
         <name>RTC_C_IRQHandler</name>
         <value>0x1477</value>
      </symbol>
      <symbol id="sm-421">
         <name>DMA_ERR_IRQHandler</name>
         <value>0x1477</value>
      </symbol>
      <symbol id="sm-422">
         <name>DMA_INT3_IRQHandler</name>
         <value>0x1477</value>
      </symbol>
      <symbol id="sm-423">
         <name>DMA_INT2_IRQHandler</name>
         <value>0x1477</value>
      </symbol>
      <symbol id="sm-424">
         <name>DMA_INT1_IRQHandler</name>
         <value>0x1477</value>
      </symbol>
      <symbol id="sm-425">
         <name>DMA_INT0_IRQHandler</name>
         <value>0x1477</value>
      </symbol>
      <symbol id="sm-426">
         <name>PORT1_IRQHandler</name>
         <value>0x1477</value>
      </symbol>
      <symbol id="sm-427">
         <name>PORT2_IRQHandler</name>
         <value>0x1477</value>
      </symbol>
      <symbol id="sm-428">
         <name>PORT3_IRQHandler</name>
         <value>0x1477</value>
      </symbol>
      <symbol id="sm-429">
         <name>PORT4_IRQHandler</name>
         <value>0x1477</value>
      </symbol>
      <symbol id="sm-42a">
         <name>PORT5_IRQHandler</name>
         <value>0x1477</value>
      </symbol>
      <symbol id="sm-42b">
         <name>PORT6_IRQHandler</name>
         <value>0x1477</value>
      </symbol>
   </symbol_table>
   <title>Link successful</title>
</link_info>
