******************************************************************************
                  TI ARM Linker PC v18.1.1                     
******************************************************************************
>> Linked Tue May  1 11:50:25 2018

OUTPUT FILE NAME:   <Servo_ADC_MPS432.out>
ENTRY POINT SYMBOL: "_c_int00_noargs"  address: 00001331


MEMORY CONFIGURATION

         name            origin    length      used     unused   attr    fill
----------------------  --------  ---------  --------  --------  ----  --------
  MAIN                  00000000   00020000  000015a8  0001ea58  R  X
  INFO                  00200000   00004000  00000000  00004000  R  X
  SRAM_CODE             01000000   00008000  00000a9c  00007564  RW X
  SRAM_DATA             20000000   00008000  00000a9c  00007564  RW  


SEGMENT ALLOCATION MAP

run origin  load origin   length   init length attrs members
----------  ----------- ---------- ----------- ----- -------
00000000    00000000    000015a8   000015a8    r-x
  00000000    00000000    000000e4   000000e4    r-- .intvecs
  000000e4    000000e4    000013b4   000013b4    r-x .text
  00001498    00001498    000000b0   000000b0    r-- .const
  00001548    00001548    00000060   00000060    r-- .cinit
20000000    20000000    0000089c   00000000    rw-
  20000000    20000000    0000082c   00000000    rw- .bss
  2000082c    2000082c    00000070   00000000    rw- .data
20007e00    20007e00    00000200   00000000    rw-
  20007e00    20007e00    00000200   00000000    rw- .stack


SECTION ALLOCATION MAP

 output                                  attributes/
section   page    origin      length       input sections
--------  ----  ----------  ----------   ----------------
.intvecs   0    00000000    000000e4     
                  00000000    000000e4     startup_msp432p401m_ccs.obj (.intvecs:retain)

.text      0    000000e4    000013b4     
                  000000e4    0000032c     system_msp432p401m.obj (.text)
                  00000410    000001c4     TIMERA_Driver.obj (.text)
                  000005d4    000001b6     rtsv7M4_T_le_v4SPD16_eabi.lib : fd_add_t2.asm.obj (.text)
                  0000078a    00000002                                   : div0.asm.obj (.text)
                  0000078c    000001a0     main.obj (.text)
                  0000092c    00000184     ADC_Driver.obj (.text)
                  00000ab0    00000154     msp432p4xx_driverlib.lib : adc14_MSP432P4XX.obj (.text:_getIndexForMemRegister)
                  00000c04    000000fc     queue.obj (.text)
                  00000d00    000000fc     rtsv7M4_T_le_v4SPD16_eabi.lib : fd_mul_t2.asm.obj (.text)
                  00000dfc    0000009c                                   : memcpy_t2.asm.obj (.text)
                  00000e98    0000007a                                   : memset_t2.asm.obj (.text)
                  00000f12    00000002     --HOLE-- [fill = 0]
                  00000f14    00000078     msp432p4xx_driverlib.lib : adc14_MSP432P4XX.obj (.text:ADC14_configureMultiSequenceMode)
                  00000f8c    0000006e     rtsv7M4_T_le_v4SPD16_eabi.lib : fd_tos_t2.asm.obj (.text)
                  00000ffa    00000002     --HOLE-- [fill = 0]
                  00000ffc    0000006c     msp432p4xx_driverlib.lib : adc14_MSP432P4XX.obj (.text:ADC14_configureConversionMemory)
                  00001068    00000068     CS_Driver.obj (.text)
                  000010d0    00000068     rtsv7M4_T_le_v4SPD16_eabi.lib : copy_decompress_lzss.c.obj (.text:decompress:lzss:__TI_decompress_lzss)
                  00001138    00000068     message.obj (.text)
                  000011a0    0000004c     msp432p4xx_driverlib.lib : gpio_MSP432P4XX.obj (.text:GPIO_setAsPeripheralModuleFunctionInputPin)
                  000011ec    00000044                              : adc14_MSP432P4XX.obj (.text:ADC14_configureSingleSampleMode)
                  00001230    00000044                              : adc14_MSP432P4XX.obj (.text:ADC14_getMultiSequenceResult)
                  00001274    00000044     rtsv7M4_T_le_v4SPD16_eabi.lib : autoinit.c.obj (.text:__TI_auto_init_nobinit_nopinit:__TI_auto_init_nobinit_nopinit)
                  000012b8    00000040                                   : u_divt2.asm.obj (.text)
                  000012f8    00000038     msp432p4xx_driverlib.lib : adc14_MSP432P4XX.obj (.text:ADC14_initModule)
                  00001330    00000038     rtsv7M4_T_le_v4SPD16_eabi.lib : boot_cortex_m.c.obj (.text:_c_int00_noargs:_c_int00_noargs)
                  00001368    0000002c     msp432p4xx_driverlib.lib : adc14_MSP432P4XX.obj (.text:ADC14_enableConversion)
                  00001394    00000028                              : adc14_MSP432P4XX.obj (.text:ADC14_enableSampleTimer)
                  000013bc    00000020                              : adc14_MSP432P4XX.obj (.text:ADC14_toggleConversionTrigger)
                  000013dc    00000020     rtsv7M4_T_le_v4SPD16_eabi.lib : u_tofd_t2.asm.obj (.text)
                  000013fc    00000018     msp432p4xx_driverlib.lib : adc14_MSP432P4XX.obj (.text:ADC14_getResult)
                  00001414    00000014                              : adc14_MSP432P4XX.obj (.text:ADC14_isBusy)
                  00001428    00000014                              : adc14_MSP432P4XX.obj (.text:ADCIsConversionRunning)
                  0000143c    00000010                              : adc14_MSP432P4XX.obj (.text:ADC14_enableModule)
                  0000144c    00000010                              : interrupt_MSP432P4XX.obj (.text:Interrupt_enableMaster)
                  0000145c    0000000e     rtsv7M4_T_le_v4SPD16_eabi.lib : copy_decompress_none.c.obj (.text:decompress:none:__TI_decompress_none)
                  0000146a    0000000e     startup_msp432p401m_ccs.obj (.text)
                  00001478    0000000c     msp432p4xx_driverlib.lib : cpu_MSP432P4XX.obj (.text:CPU_cpsie)
                  00001484    0000000c     rtsv7M4_T_le_v4SPD16_eabi.lib : copy_zero_init.c.obj (.text:decompress:ZI:__TI_zero_init)
                  00001490    00000004                                   : pre_init.c.obj (.text:_system_pre_init)
                  00001494    00000004                                   : exit.c.obj (.text:abort:abort)

.const     0    00001498    000000b0     
                  00001498    00000080     msp432p4xx_driverlib.lib : adc14_MSP432P4XX.obj (.const:_ctlRegs)
                  00001518    00000030                              : gpio_MSP432P4XX.obj (.const:GPIO_PORT_TO_BASE)

.cinit     0    00001548    00000060     
                  00001548    00000036     (.cinit..data.load) [load image, compression = lzss]
                  0000157e    00000002     --HOLE-- [fill = 0]
                  00001580    0000000c     (__TI_handler_table)
                  0000158c    00000004     --HOLE-- [fill = 0]
                  00001590    00000008     (.cinit..bss.load) [load image, compression = zero_init]
                  00001598    00000010     (__TI_cinit_table)

.init_array 
*          0    00000000    00000000     UNINITIALIZED

.binit     0    00000000    00000000     

.bss       0    20000000    0000082c     UNINITIALIZED
                  20000000    00000800     (.common:QueueBuffer)
                  20000800    00000010     (.common:Queue)
                  20000810    0000000c     (.common:ADC_Buffer)
                  2000081c    0000000c     (.common:Duty_Cycle)
                  20000828    00000004     (.common:Message_CallBack)

.data      0    2000082c    00000070     UNINITIALIZED
                  2000082c    00000018     main.obj (.data:PWMConfig0)
                  20000844    00000018     main.obj (.data:PWMConfig1)
                  2000085c    00000018     main.obj (.data:PWMConfig2)
                  20000874    00000018     main.obj (.data:UpModeConfig)
                  2000088c    00000008     TIMERA_Driver.obj (.data)
                  20000894    00000004     ADC_Driver.obj (.data)
                  20000898    00000004     system_msp432p401m.obj (.data)

.stack     0    20007e00    00000200     UNINITIALIZED
                  20007e00    00000004     rtsv7M4_T_le_v4SPD16_eabi.lib : boot_cortex_m.c.obj (.stack)
                  20007e04    000001fc     --HOLE--

MODULE SUMMARY

       Module                        code   ro data   rw data
       ------                        ----   -------   -------
    .\
       system_msp432p401m.obj        812    0         8      
       main.obj                      416    0         240    
       startup_msp432p401m_ccs.obj   14     228       0      
    +--+-----------------------------+------+---------+---------+
       Total:                        1242   228       248    
                                                             
    .\Hardware\
       TIMERA_Driver.obj             452    0         16     
       ADC_Driver.obj                388    0         8      
       CS_Driver.obj                 104    0         0      
    +--+-----------------------------+------+---------+---------+
       Total:                        944    0         24     
                                                             
    .\Structures\
       message.obj                   104    0         4136   
       queue.obj                     252    0         0      
    +--+-----------------------------+------+---------+---------+
       Total:                        356    0         4136   
                                                             
    C:/ti/simplelink_msp432p4_sdk_2_10_00_14/source/ti/devices/msp432p4xx/driverlib/ccs/msp432p4xx_driverlib.lib
       adc14_MSP432P4XX.obj          956    128       0      
       gpio_MSP432P4XX.obj           76     48        0      
       interrupt_MSP432P4XX.obj      16     0         0      
       cpu_MSP432P4XX.obj            12     0         0      
    +--+-----------------------------+------+---------+---------+
       Total:                        1060   176       0      
                                                             
    C:\ti\ccsv7\tools\compiler\ti-cgt-arm_18.1.1.LTS\lib\rtsv7M4_T_le_v4SPD16_eabi.lib
       fd_add_t2.asm.obj             438    0         0      
       fd_mul_t2.asm.obj             252    0         0      
       memcpy_t2.asm.obj             156    0         0      
       memset_t2.asm.obj             122    0         0      
       fd_tos_t2.asm.obj             110    0         0      
       copy_decompress_lzss.c.obj    104    0         0      
       autoinit.c.obj                68     0         0      
       u_divt2.asm.obj               64     0         0      
       boot_cortex_m.c.obj           56     0         0      
       u_tofd_t2.asm.obj             32     0         0      
       copy_decompress_none.c.obj    14     0         0      
       copy_zero_init.c.obj          12     0         0      
       exit.c.obj                    4      0         0      
       pre_init.c.obj                4      0         0      
       div0.asm.obj                  2      0         0      
    +--+-----------------------------+------+---------+---------+
       Total:                        1438   0         0      
                                                             
       Stack:                        0      0         1024   
       Linker Generated:             0      90        0      
    +--+-----------------------------+------+---------+---------+
       Grand Total:                  5040   494       5432   


LINKER GENERATED COPY TABLES

__TI_cinit_table @ 00001598 records: 2, size/record: 8, table size: 16
	.data: load addr=00001548, load size=00000036 bytes, run addr=2000082c, run size=00000070 bytes, compression=lzss
	.bss: load addr=00001590, load size=00000008 bytes, run addr=20000000, run size=0000082c bytes, compression=zero_init


LINKER GENERATED HANDLER TABLE

__TI_handler_table @ 00001580 records: 3, size/record: 4, table size: 12
	index: 0, handler: __TI_decompress_lzss
	index: 1, handler: __TI_decompress_none
	index: 2, handler: __TI_zero_init


GLOBAL SYMBOLS: SORTED ALPHABETICALLY BY Name 

address   name                                      
-------   ----                                      
00000a5f  ADC14_IRQHandler                          
00000a5f  ADC14_IRQHandler                          
00000ffd  ADC14_configureConversionMemory           
00000f15  ADC14_configureMultiSequenceMode          
000011ed  ADC14_configureSingleSampleMode           
00001369  ADC14_enableConversion                    
0000143d  ADC14_enableModule                        
00001395  ADC14_enableSampleTimer                   
00001231  ADC14_getMultiSequenceResult              
000013fd  ADC14_getResult                           
000012f9  ADC14_initModule                          
00001415  ADC14_isBusy                              
000013bd  ADC14_toggleConversionTrigger             
20000810  ADC_Buffer                                
20000894  ADC_Callback                              
0000092d  ADC_Enable                                
00000a4b  ADC_GetBuffer                             
000009d9  ADC_InitMultiple                          
00000949  ADC_InitSingle                            
000009b9  ADC_Read                                  
00000a33  ADC_ReadMultiple                          
00000a4f  ADC_RegisterCallback                      
00001477  AES256_IRQHandler                         
00001477  BusFault_Handler                          
00001495  C$$EXIT                                   
00001477  COMP_E0_IRQHandler                        
00001477  COMP_E1_IRQHandler                        
00001479  CPU_cpsie                                 
00001477  CS_IRQHandler                             
00001069  CS_Init                                   
000010a3  CS_PWM_Init                               
00001477  DMA_ERR_IRQHandler                        
00001477  DMA_INT0_IRQHandler                       
00001477  DMA_INT1_IRQHandler                       
00001477  DMA_INT2_IRQHandler                       
00001477  DMA_INT3_IRQHandler                       
00001477  DebugMon_Handler                          
00001477  Default_Handler                           
00000c69  Dequeue                                   
0000116d  DispatchMessage                           
2000081c  Duty_Cycle                                
00001477  EUSCIA0_IRQHandler                        
00001477  EUSCIA1_IRQHandler                        
00001477  EUSCIA2_IRQHandler                        
00001477  EUSCIA3_IRQHandler                        
00001477  EUSCIB0_IRQHandler                        
00001477  EUSCIB1_IRQHandler                        
00001477  EUSCIB2_IRQHandler                        
00001477  EUSCIB3_IRQHandler                        
00000c2b  Enqueue                                   
0000078d  EventCallback                             
00001477  FLCTL_IRQHandler                          
00001477  FPU_IRQHandler                            
000011a1  GPIO_setAsPeripheralModuleFunctionInputPin
00001139  GetMessage                                
00001477  HardFault_Handler                         
00001183  Hardware_Callback                         
0000144d  Interrupt_enableMaster                    
00001477  MemManage_Handler                         
20000828  Message_CallBack                          
00001477  NMI_Handler                               
00001477  PCM_IRQHandler                            
00001477  PORT1_IRQHandler                          
00001477  PORT2_IRQHandler                          
00001477  PORT3_IRQHandler                          
00001477  PORT4_IRQHandler                          
00001477  PORT5_IRQHandler                          
00001477  PORT6_IRQHandler                          
00001477  PSS_IRQHandler                            
2000082c  PWMConfig0                                
20000844  PWMConfig1                                
2000085c  PWMConfig2                                
00001477  PendSV_Handler                            
20000800  Queue                                     
20000000  QueueBuffer                               
00000ced  QueueCount                                
00000ca7  QueueEmpty                                
00000cc9  QueueFull                                 
00000c05  QueueInit                                 
00001477  RTC_C_IRQHandler                          
00001155  RegisterMessageCallback                   
0000146b  Reset_Handler                             
00001477  SVC_Handler                               
00001477  SysTick_Handler                           
20000898  SystemCoreClock                           
000000e5  SystemCoreClockUpdate                     
00000359  SystemInit                                
00001477  T32_INT1_IRQHandler                       
00001477  T32_INT2_IRQHandler                       
00001477  T32_INTC_IRQHandler                       
00000577  TA0_0_IRQHandler                          
00000577  TA0_0_IRQHandler                          
00001477  TA0_N_IRQHandler                          
0000059b  TA1_0_IRQHandler                          
0000059b  TA1_0_IRQHandler                          
00001477  TA1_N_IRQHandler                          
00001477  TA2_0_IRQHandler                          
00001477  TA2_N_IRQHandler                          
00001477  TA3_0_IRQHandler                          
00001477  TA3_N_IRQHandler                          
00000559  TIMERA_DutyCycle                          
00000411  TIMERA_Init                               
000004ed  TIMERA_RegisterCallback                   
0000051f  TIMERA_StartTimer                         
2000088c  TIMER_A0_CB                               
20000890  TIMER_A1_CB                               
20000874  UpModeConfig                              
00001477  UsageFault_Handler                        
4000480c  WDTCTL_SYM                                
00001477  WDT_A_IRQHandler                          
20008000  __STACK_END                               
00000200  __STACK_SIZE                              
00001598  __TI_CINIT_Base                           
000015a8  __TI_CINIT_Limit                          
00001580  __TI_Handler_Table_Base                   
0000158c  __TI_Handler_Table_Limit                  
00001275  __TI_auto_init_nobinit_nopinit            
000010d1  __TI_decompress_lzss                      
0000145d  __TI_decompress_none                      
ffffffff  __TI_pprof_out_hndl                       
ffffffff  __TI_prof_data_size                       
ffffffff  __TI_prof_data_start                      
00000000  __TI_static_base__                        
00001485  __TI_zero_init                            
00000f8d  __aeabi_d2f                               
000005df  __aeabi_dadd                              
00000d01  __aeabi_dmul                              
000005d5  __aeabi_dsub                              
0000078b  __aeabi_idiv0                             
0000078b  __aeabi_ldiv0                             
00000e99  __aeabi_memclr                            
00000e99  __aeabi_memclr4                           
00000e99  __aeabi_memclr8                           
00000dfd  __aeabi_memcpy                            
00000dfd  __aeabi_memcpy4                           
00000dfd  __aeabi_memcpy8                           
00000e9b  __aeabi_memset                            
00000e9b  __aeabi_memset4                           
00000e9b  __aeabi_memset8                           
000013dd  __aeabi_ui2d                              
000012b9  __aeabi_uidiv                             
000012b9  __aeabi_uidivmod                          
ffffffff  __binit__                                 
ffffffff  __c_args__                                
UNDEFED   __mpu_init                                
20007e00  __stack                                   
00001331  _c_int00_noargs                           
UNDEFED   _system_post_cinit                        
00001491  _system_pre_init                          
00001495  abort                                     
ffffffff  binit                                     
00000000  interruptVectors                          
0000080b  main                                      
00000dfd  memcpy                                    
00000ea1  memset                                    


GLOBAL SYMBOLS: SORTED BY Symbol Address 

address   name                                      
-------   ----                                      
00000000  __TI_static_base__                        
00000000  interruptVectors                          
000000e5  SystemCoreClockUpdate                     
00000200  __STACK_SIZE                              
00000359  SystemInit                                
00000411  TIMERA_Init                               
000004ed  TIMERA_RegisterCallback                   
0000051f  TIMERA_StartTimer                         
00000559  TIMERA_DutyCycle                          
00000577  TA0_0_IRQHandler                          
00000577  TA0_0_IRQHandler                          
0000059b  TA1_0_IRQHandler                          
0000059b  TA1_0_IRQHandler                          
000005d5  __aeabi_dsub                              
000005df  __aeabi_dadd                              
0000078b  __aeabi_idiv0                             
0000078b  __aeabi_ldiv0                             
0000078d  EventCallback                             
0000080b  main                                      
0000092d  ADC_Enable                                
00000949  ADC_InitSingle                            
000009b9  ADC_Read                                  
000009d9  ADC_InitMultiple                          
00000a33  ADC_ReadMultiple                          
00000a4b  ADC_GetBuffer                             
00000a4f  ADC_RegisterCallback                      
00000a5f  ADC14_IRQHandler                          
00000a5f  ADC14_IRQHandler                          
00000c05  QueueInit                                 
00000c2b  Enqueue                                   
00000c69  Dequeue                                   
00000ca7  QueueEmpty                                
00000cc9  QueueFull                                 
00000ced  QueueCount                                
00000d01  __aeabi_dmul                              
00000dfd  __aeabi_memcpy                            
00000dfd  __aeabi_memcpy4                           
00000dfd  __aeabi_memcpy8                           
00000dfd  memcpy                                    
00000e99  __aeabi_memclr                            
00000e99  __aeabi_memclr4                           
00000e99  __aeabi_memclr8                           
00000e9b  __aeabi_memset                            
00000e9b  __aeabi_memset4                           
00000e9b  __aeabi_memset8                           
00000ea1  memset                                    
00000f15  ADC14_configureMultiSequenceMode          
00000f8d  __aeabi_d2f                               
00000ffd  ADC14_configureConversionMemory           
00001069  CS_Init                                   
000010a3  CS_PWM_Init                               
000010d1  __TI_decompress_lzss                      
00001139  GetMessage                                
00001155  RegisterMessageCallback                   
0000116d  DispatchMessage                           
00001183  Hardware_Callback                         
000011a1  GPIO_setAsPeripheralModuleFunctionInputPin
000011ed  ADC14_configureSingleSampleMode           
00001231  ADC14_getMultiSequenceResult              
00001275  __TI_auto_init_nobinit_nopinit            
000012b9  __aeabi_uidiv                             
000012b9  __aeabi_uidivmod                          
000012f9  ADC14_initModule                          
00001331  _c_int00_noargs                           
00001369  ADC14_enableConversion                    
00001395  ADC14_enableSampleTimer                   
000013bd  ADC14_toggleConversionTrigger             
000013dd  __aeabi_ui2d                              
000013fd  ADC14_getResult                           
00001415  ADC14_isBusy                              
0000143d  ADC14_enableModule                        
0000144d  Interrupt_enableMaster                    
0000145d  __TI_decompress_none                      
0000146b  Reset_Handler                             
00001477  AES256_IRQHandler                         
00001477  BusFault_Handler                          
00001477  COMP_E0_IRQHandler                        
00001477  COMP_E1_IRQHandler                        
00001477  CS_IRQHandler                             
00001477  DMA_ERR_IRQHandler                        
00001477  DMA_INT0_IRQHandler                       
00001477  DMA_INT1_IRQHandler                       
00001477  DMA_INT2_IRQHandler                       
00001477  DMA_INT3_IRQHandler                       
00001477  DebugMon_Handler                          
00001477  Default_Handler                           
00001477  EUSCIA0_IRQHandler                        
00001477  EUSCIA1_IRQHandler                        
00001477  EUSCIA2_IRQHandler                        
00001477  EUSCIA3_IRQHandler                        
00001477  EUSCIB0_IRQHandler                        
00001477  EUSCIB1_IRQHandler                        
00001477  EUSCIB2_IRQHandler                        
00001477  EUSCIB3_IRQHandler                        
00001477  FLCTL_IRQHandler                          
00001477  FPU_IRQHandler                            
00001477  HardFault_Handler                         
00001477  MemManage_Handler                         
00001477  NMI_Handler                               
00001477  PCM_IRQHandler                            
00001477  PORT1_IRQHandler                          
00001477  PORT2_IRQHandler                          
00001477  PORT3_IRQHandler                          
00001477  PORT4_IRQHandler                          
00001477  PORT5_IRQHandler                          
00001477  PORT6_IRQHandler                          
00001477  PSS_IRQHandler                            
00001477  PendSV_Handler                            
00001477  RTC_C_IRQHandler                          
00001477  SVC_Handler                               
00001477  SysTick_Handler                           
00001477  T32_INT1_IRQHandler                       
00001477  T32_INT2_IRQHandler                       
00001477  T32_INTC_IRQHandler                       
00001477  TA0_N_IRQHandler                          
00001477  TA1_N_IRQHandler                          
00001477  TA2_0_IRQHandler                          
00001477  TA2_N_IRQHandler                          
00001477  TA3_0_IRQHandler                          
00001477  TA3_N_IRQHandler                          
00001477  UsageFault_Handler                        
00001477  WDT_A_IRQHandler                          
00001479  CPU_cpsie                                 
00001485  __TI_zero_init                            
00001491  _system_pre_init                          
00001495  C$$EXIT                                   
00001495  abort                                     
00001580  __TI_Handler_Table_Base                   
0000158c  __TI_Handler_Table_Limit                  
00001598  __TI_CINIT_Base                           
000015a8  __TI_CINIT_Limit                          
20000000  QueueBuffer                               
20000800  Queue                                     
20000810  ADC_Buffer                                
2000081c  Duty_Cycle                                
20000828  Message_CallBack                          
2000082c  PWMConfig0                                
20000844  PWMConfig1                                
2000085c  PWMConfig2                                
20000874  UpModeConfig                              
2000088c  TIMER_A0_CB                               
20000890  TIMER_A1_CB                               
20000894  ADC_Callback                              
20000898  SystemCoreClock                           
20007e00  __stack                                   
20008000  __STACK_END                               
4000480c  WDTCTL_SYM                                
ffffffff  __TI_pprof_out_hndl                       
ffffffff  __TI_prof_data_size                       
ffffffff  __TI_prof_data_start                      
ffffffff  __binit__                                 
ffffffff  __c_args__                                
ffffffff  binit                                     
UNDEFED   __mpu_init                                
UNDEFED   _system_post_cinit                        

[155 symbols]
