******************************************************************************
                  TI ARM Linker PC v18.1.1                     
******************************************************************************
>> Linked Tue May  1 00:12:16 2018

OUTPUT FILE NAME:   <Servo_ADC_MPS432.out>
ENTRY POINT SYMBOL: "_c_int00_noargs"  address: 00000f85


MEMORY CONFIGURATION

         name            origin    length      used     unused   attr    fill
----------------------  --------  ---------  --------  --------  ----  --------
  MAIN                  00000000   00020000  000011d4  0001ee2c  R  X
  INFO                  00200000   00004000  00000000  00004000  R  X
  SRAM_CODE             01000000   00008000  00000a94  0000756c  RW X
  SRAM_DATA             20000000   00008000  00000a94  0000756c  RW  


SEGMENT ALLOCATION MAP

run origin  load origin   length   init length attrs members
----------  ----------- ---------- ----------- ----- -------
00000000    00000000    000011d8   000011d8    r-x
  00000000    00000000    000000e4   000000e4    r-- .intvecs
  000000e4    000000e4    00000fe8   00000fe8    r-x .text
  000010cc    000010cc    000000b0   000000b0    r-- .const
  00001180    00001180    00000058   00000058    r-- .cinit
20000000    20000000    00000894   00000000    rw-
  20000000    20000000    00000824   00000000    rw- .bss
  20000824    20000824    00000070   00000000    rw- .data
20007e00    20007e00    00000200   00000000    rw-
  20007e00    20007e00    00000200   00000000    rw- .stack


SECTION ALLOCATION MAP

 output                                  attributes/
section   page    origin      length       input sections
--------  ----  ----------  ----------   ----------------
.intvecs   0    00000000    000000e4     
                  00000000    000000e4     startup_msp432p401m_ccs.obj (.intvecs:retain)

.text      0    000000e4    00000fe8     
                  000000e4    0000032c     system_msp432p401m.obj (.text)
                  00000410    000001c4     TIMERA_Driver.obj (.text)
                  000005d4    00000184     ADC_Driver.obj (.text)
                  00000758    00000154     msp432p4xx_driverlib.lib : adc14_MSP432P4XX.obj (.text:_getIndexForMemRegister)
                  000008ac    00000134     queue.obj (.text)
                  000009e0    00000120     main.obj (.text)
                  00000b00    0000009c     rtsv7M4_T_le_v4SPD16_eabi.lib : memcpy_t2.asm.obj (.text)
                  00000b9c    0000007a                                   : memset_t2.asm.obj (.text)
                  00000c16    00000002     --HOLE-- [fill = 0]
                  00000c18    00000078     msp432p4xx_driverlib.lib : adc14_MSP432P4XX.obj (.text:ADC14_configureMultiSequenceMode)
                  00000c90    0000006c                              : adc14_MSP432P4XX.obj (.text:ADC14_configureConversionMemory)
                  00000cfc    00000068     CS_Driver.obj (.text)
                  00000d64    00000068     rtsv7M4_T_le_v4SPD16_eabi.lib : copy_decompress_lzss.c.obj (.text:decompress:lzss:__TI_decompress_lzss)
                  00000dcc    00000068     message.obj (.text)
                  00000e34    0000004c     msp432p4xx_driverlib.lib : gpio_MSP432P4XX.obj (.text:GPIO_setAsPeripheralModuleFunctionInputPin)
                  00000e80    00000044                              : adc14_MSP432P4XX.obj (.text:ADC14_configureSingleSampleMode)
                  00000ec4    00000044                              : adc14_MSP432P4XX.obj (.text:ADC14_getMultiSequenceResult)
                  00000f08    00000044     rtsv7M4_T_le_v4SPD16_eabi.lib : autoinit.c.obj (.text:__TI_auto_init_nobinit_nopinit:__TI_auto_init_nobinit_nopinit)
                  00000f4c    00000038     msp432p4xx_driverlib.lib : adc14_MSP432P4XX.obj (.text:ADC14_initModule)
                  00000f84    00000038     rtsv7M4_T_le_v4SPD16_eabi.lib : boot_cortex_m.c.obj (.text:_c_int00_noargs:_c_int00_noargs)
                  00000fbc    0000002c     msp432p4xx_driverlib.lib : adc14_MSP432P4XX.obj (.text:ADC14_enableConversion)
                  00000fe8    00000028                              : adc14_MSP432P4XX.obj (.text:ADC14_enableSampleTimer)
                  00001010    00000020                              : adc14_MSP432P4XX.obj (.text:ADC14_toggleConversionTrigger)
                  00001030    00000018                              : adc14_MSP432P4XX.obj (.text:ADC14_getResult)
                  00001048    00000014                              : adc14_MSP432P4XX.obj (.text:ADC14_isBusy)
                  0000105c    00000014                              : adc14_MSP432P4XX.obj (.text:ADCIsConversionRunning)
                  00001070    00000010                              : adc14_MSP432P4XX.obj (.text:ADC14_enableModule)
                  00001080    00000010                              : interrupt_MSP432P4XX.obj (.text:Interrupt_enableMaster)
                  00001090    0000000e     rtsv7M4_T_le_v4SPD16_eabi.lib : copy_decompress_none.c.obj (.text:decompress:none:__TI_decompress_none)
                  0000109e    0000000e     startup_msp432p401m_ccs.obj (.text)
                  000010ac    0000000c     msp432p4xx_driverlib.lib : cpu_MSP432P4XX.obj (.text:CPU_cpsie)
                  000010b8    0000000c     rtsv7M4_T_le_v4SPD16_eabi.lib : copy_zero_init.c.obj (.text:decompress:ZI:__TI_zero_init)
                  000010c4    00000004                                   : pre_init.c.obj (.text:_system_pre_init)
                  000010c8    00000004                                   : exit.c.obj (.text:abort:abort)

.const     0    000010cc    000000b0     
                  000010cc    00000080     msp432p4xx_driverlib.lib : adc14_MSP432P4XX.obj (.const:_ctlRegs)
                  0000114c    00000030                              : gpio_MSP432P4XX.obj (.const:GPIO_PORT_TO_BASE)

.cinit     0    00001180    00000058     
                  00001180    00000032     (.cinit..data.load) [load image, compression = lzss]
                  000011b2    00000002     --HOLE-- [fill = 0]
                  000011b4    0000000c     (__TI_handler_table)
                  000011c0    00000008     (.cinit..bss.load) [load image, compression = zero_init]
                  000011c8    00000010     (__TI_cinit_table)

.init_array 
*          0    00000000    00000000     UNINITIALIZED

.binit     0    00000000    00000000     

.bss       0    20000000    00000824     UNINITIALIZED
                  20000000    00000800     (.common:QueueBuffer)
                  20000800    00000014     (.common:Queue)
                  20000814    0000000c     (.common:ADC_Buffer)
                  20000820    00000004     (.common:Message_CallBack)

.data      0    20000824    00000070     UNINITIALIZED
                  20000824    00000018     main.obj (.data:PWMConfig0)
                  2000083c    00000018     main.obj (.data:PWMConfig1)
                  20000854    00000018     main.obj (.data:PWMConfig2)
                  2000086c    00000018     main.obj (.data:UpModeConfig)
                  20000884    00000008     TIMERA_Driver.obj (.data)
                  2000088c    00000004     ADC_Driver.obj (.data)
                  20000890    00000004     system_msp432p401m.obj (.data)

.stack     0    20007e00    00000200     UNINITIALIZED
                  20007e00    00000004     rtsv7M4_T_le_v4SPD16_eabi.lib : boot_cortex_m.c.obj (.stack)
                  20007e04    000001fc     --HOLE--

MODULE SUMMARY

       Module                        code   ro data   rw data
       ------                        ----   -------   -------
    .\
       system_msp432p401m.obj        812    0         8      
       main.obj                      288    0         216    
       startup_msp432p401m_ccs.obj   14     228       0      
    +--+-----------------------------+------+---------+---------+
       Total:                        1114   228       224    
                                                             
    .\Hardware\
       TIMERA_Driver.obj             452    0         16     
       ADC_Driver.obj                388    0         8      
       CS_Driver.obj                 104    0         0      
    +--+-----------------------------+------+---------+---------+
       Total:                        944    0         24     
                                                             
    .\Structures\
       message.obj                   104    0         4144   
       queue.obj                     308    0         0      
    +--+-----------------------------+------+---------+---------+
       Total:                        412    0         4144   
                                                             
    C:/ti/simplelink_msp432p4_sdk_2_10_00_14/source/ti/devices/msp432p4xx/driverlib/ccs/msp432p4xx_driverlib.lib
       adc14_MSP432P4XX.obj          956    128       0      
       gpio_MSP432P4XX.obj           76     48        0      
       interrupt_MSP432P4XX.obj      16     0         0      
       cpu_MSP432P4XX.obj            12     0         0      
    +--+-----------------------------+------+---------+---------+
       Total:                        1060   176       0      
                                                             
    C:\ti\ccsv7\tools\compiler\ti-cgt-arm_18.1.1.LTS\lib\rtsv7M4_T_le_v4SPD16_eabi.lib
       memcpy_t2.asm.obj             156    0         0      
       memset_t2.asm.obj             122    0         0      
       copy_decompress_lzss.c.obj    104    0         0      
       autoinit.c.obj                68     0         0      
       boot_cortex_m.c.obj           56     0         0      
       copy_decompress_none.c.obj    14     0         0      
       copy_zero_init.c.obj          12     0         0      
       exit.c.obj                    4      0         0      
       pre_init.c.obj                4      0         0      
    +--+-----------------------------+------+---------+---------+
       Total:                        540    0         0      
                                                             
       Stack:                        0      0         1024   
       Linker Generated:             0      86        0      
    +--+-----------------------------+------+---------+---------+
       Grand Total:                  4070   490       5416   


LINKER GENERATED COPY TABLES

__TI_cinit_table @ 000011c8 records: 2, size/record: 8, table size: 16
	.data: load addr=00001180, load size=00000032 bytes, run addr=20000824, run size=00000070 bytes, compression=lzss
	.bss: load addr=000011c0, load size=00000008 bytes, run addr=20000000, run size=00000824 bytes, compression=zero_init


LINKER GENERATED HANDLER TABLE

__TI_handler_table @ 000011b4 records: 3, size/record: 4, table size: 12
	index: 0, handler: __TI_decompress_lzss
	index: 1, handler: __TI_decompress_none
	index: 2, handler: __TI_zero_init


GLOBAL SYMBOLS: SORTED ALPHABETICALLY BY Name 

address   name                                      
-------   ----                                      
00000707  ADC14_IRQHandler                          
00000707  ADC14_IRQHandler                          
00000c91  ADC14_configureConversionMemory           
00000c19  ADC14_configureMultiSequenceMode          
00000e81  ADC14_configureSingleSampleMode           
00000fbd  ADC14_enableConversion                    
00001071  ADC14_enableModule                        
00000fe9  ADC14_enableSampleTimer                   
00000ec5  ADC14_getMultiSequenceResult              
00001031  ADC14_getResult                           
00000f4d  ADC14_initModule                          
00001049  ADC14_isBusy                              
00001011  ADC14_toggleConversionTrigger             
20000814  ADC_Buffer                                
2000088c  ADC_Callback                              
000005d5  ADC_Enable                                
000006f3  ADC_GetBuffer                             
00000681  ADC_InitMultiple                          
000005f1  ADC_InitSingle                            
00000661  ADC_Read                                  
000006db  ADC_ReadMultiple                          
000006f7  ADC_RegisterCallback                      
000010ab  AES256_IRQHandler                         
000010ab  BusFault_Handler                          
000010c9  C$$EXIT                                   
000010ab  COMP_E0_IRQHandler                        
000010ab  COMP_E1_IRQHandler                        
000010ad  CPU_cpsie                                 
000010ab  CS_IRQHandler                             
00000cfd  CS_Init                                   
00000d37  CS_PWM_Init                               
000010ab  DMA_ERR_IRQHandler                        
000010ab  DMA_INT0_IRQHandler                       
000010ab  DMA_INT1_IRQHandler                       
000010ab  DMA_INT2_IRQHandler                       
000010ab  DMA_INT3_IRQHandler                       
000010ab  DebugMon_Handler                          
000010ab  Default_Handler                           
00000937  Dequeue                                   
00000e01  DispatchMessage                           
000010ab  EUSCIA0_IRQHandler                        
000010ab  EUSCIA1_IRQHandler                        
000010ab  EUSCIA2_IRQHandler                        
000010ab  EUSCIA3_IRQHandler                        
000010ab  EUSCIB0_IRQHandler                        
000010ab  EUSCIB1_IRQHandler                        
000010ab  EUSCIB2_IRQHandler                        
000010ab  EUSCIB3_IRQHandler                        
000008db  Enqueue                                   
000009e1  EventCallback                             
000010ab  FLCTL_IRQHandler                          
000010ab  FPU_IRQHandler                            
00000e35  GPIO_setAsPeripheralModuleFunctionInputPin
00000dcd  GetMessage                                
000010ab  HardFault_Handler                         
00000e17  Hardware_Callback                         
00001081  Interrupt_enableMaster                    
000010ab  MemManage_Handler                         
20000820  Message_CallBack                          
000010ab  NMI_Handler                               
000010ab  PCM_IRQHandler                            
000010ab  PORT1_IRQHandler                          
000010ab  PORT2_IRQHandler                          
000010ab  PORT3_IRQHandler                          
000010ab  PORT4_IRQHandler                          
000010ab  PORT5_IRQHandler                          
000010ab  PORT6_IRQHandler                          
000010ab  PSS_IRQHandler                            
20000824  PWMConfig0                                
2000083c  PWMConfig1                                
20000854  PWMConfig2                                
000010ab  PendSV_Handler                            
20000800  Queue                                     
20000000  QueueBuffer                               
000009cd  QueueCount                                
0000098f  QueueEmpty                                
000009ab  QueueFull                                 
000008ad  QueueInit                                 
000010ab  RTC_C_IRQHandler                          
00000de9  RegisterMessageCallback                   
0000109f  Reset_Handler                             
000010ab  SVC_Handler                               
000010ab  SysTick_Handler                           
20000890  SystemCoreClock                           
000000e5  SystemCoreClockUpdate                     
00000359  SystemInit                                
000010ab  T32_INT1_IRQHandler                       
000010ab  T32_INT2_IRQHandler                       
000010ab  T32_INTC_IRQHandler                       
00000577  TA0_0_IRQHandler                          
00000577  TA0_0_IRQHandler                          
000010ab  TA0_N_IRQHandler                          
0000059b  TA1_0_IRQHandler                          
0000059b  TA1_0_IRQHandler                          
000010ab  TA1_N_IRQHandler                          
000010ab  TA2_0_IRQHandler                          
000010ab  TA2_N_IRQHandler                          
000010ab  TA3_0_IRQHandler                          
000010ab  TA3_N_IRQHandler                          
00000559  TIMERA_DutyCycle                          
00000411  TIMERA_Init                               
000004ed  TIMERA_RegisterCallback                   
0000051f  TIMERA_StartTimer                         
20000884  TIMER_A0_CB                               
20000888  TIMER_A1_CB                               
2000086c  UpModeConfig                              
000010ab  UsageFault_Handler                        
4000480c  WDTCTL_SYM                                
000010ab  WDT_A_IRQHandler                          
20008000  __STACK_END                               
00000200  __STACK_SIZE                              
000011c8  __TI_CINIT_Base                           
000011d8  __TI_CINIT_Limit                          
000011b4  __TI_Handler_Table_Base                   
000011c0  __TI_Handler_Table_Limit                  
00000f09  __TI_auto_init_nobinit_nopinit            
00000d65  __TI_decompress_lzss                      
00001091  __TI_decompress_none                      
ffffffff  __TI_pprof_out_hndl                       
ffffffff  __TI_prof_data_size                       
ffffffff  __TI_prof_data_start                      
00000000  __TI_static_base__                        
000010b9  __TI_zero_init                            
00000b9d  __aeabi_memclr                            
00000b9d  __aeabi_memclr4                           
00000b9d  __aeabi_memclr8                           
00000b01  __aeabi_memcpy                            
00000b01  __aeabi_memcpy4                           
00000b01  __aeabi_memcpy8                           
00000b9f  __aeabi_memset                            
00000b9f  __aeabi_memset4                           
00000b9f  __aeabi_memset8                           
ffffffff  __binit__                                 
ffffffff  __c_args__                                
UNDEFED   __mpu_init                                
20007e00  __stack                                   
00000f85  _c_int00_noargs                           
UNDEFED   _system_post_cinit                        
000010c5  _system_pre_init                          
000010c9  abort                                     
ffffffff  binit                                     
00000000  interruptVectors                          
00000a0d  main                                      
00000b01  memcpy                                    
00000ba5  memset                                    


GLOBAL SYMBOLS: SORTED BY Symbol Address 

address   name                                      
-------   ----                                      
00000000  __TI_static_base__                        
00000000  interruptVectors                          
000000e5  SystemCoreClockUpdate                     
00000200  __STACK_SIZE                              
00000359  SystemInit                                
00000411  TIMERA_Init                               
000004ed  TIMERA_RegisterCallback                   
0000051f  TIMERA_StartTimer                         
00000559  TIMERA_DutyCycle                          
00000577  TA0_0_IRQHandler                          
00000577  TA0_0_IRQHandler                          
0000059b  TA1_0_IRQHandler                          
0000059b  TA1_0_IRQHandler                          
000005d5  ADC_Enable                                
000005f1  ADC_InitSingle                            
00000661  ADC_Read                                  
00000681  ADC_InitMultiple                          
000006db  ADC_ReadMultiple                          
000006f3  ADC_GetBuffer                             
000006f7  ADC_RegisterCallback                      
00000707  ADC14_IRQHandler                          
00000707  ADC14_IRQHandler                          
000008ad  QueueInit                                 
000008db  Enqueue                                   
00000937  Dequeue                                   
0000098f  QueueEmpty                                
000009ab  QueueFull                                 
000009cd  QueueCount                                
000009e1  EventCallback                             
00000a0d  main                                      
00000b01  __aeabi_memcpy                            
00000b01  __aeabi_memcpy4                           
00000b01  __aeabi_memcpy8                           
00000b01  memcpy                                    
00000b9d  __aeabi_memclr                            
00000b9d  __aeabi_memclr4                           
00000b9d  __aeabi_memclr8                           
00000b9f  __aeabi_memset                            
00000b9f  __aeabi_memset4                           
00000b9f  __aeabi_memset8                           
00000ba5  memset                                    
00000c19  ADC14_configureMultiSequenceMode          
00000c91  ADC14_configureConversionMemory           
00000cfd  CS_Init                                   
00000d37  CS_PWM_Init                               
00000d65  __TI_decompress_lzss                      
00000dcd  GetMessage                                
00000de9  RegisterMessageCallback                   
00000e01  DispatchMessage                           
00000e17  Hardware_Callback                         
00000e35  GPIO_setAsPeripheralModuleFunctionInputPin
00000e81  ADC14_configureSingleSampleMode           
00000ec5  ADC14_getMultiSequenceResult              
00000f09  __TI_auto_init_nobinit_nopinit            
00000f4d  ADC14_initModule                          
00000f85  _c_int00_noargs                           
00000fbd  ADC14_enableConversion                    
00000fe9  ADC14_enableSampleTimer                   
00001011  ADC14_toggleConversionTrigger             
00001031  ADC14_getResult                           
00001049  ADC14_isBusy                              
00001071  ADC14_enableModule                        
00001081  Interrupt_enableMaster                    
00001091  __TI_decompress_none                      
0000109f  Reset_Handler                             
000010ab  AES256_IRQHandler                         
000010ab  BusFault_Handler                          
000010ab  COMP_E0_IRQHandler                        
000010ab  COMP_E1_IRQHandler                        
000010ab  CS_IRQHandler                             
000010ab  DMA_ERR_IRQHandler                        
000010ab  DMA_INT0_IRQHandler                       
000010ab  DMA_INT1_IRQHandler                       
000010ab  DMA_INT2_IRQHandler                       
000010ab  DMA_INT3_IRQHandler                       
000010ab  DebugMon_Handler                          
000010ab  Default_Handler                           
000010ab  EUSCIA0_IRQHandler                        
000010ab  EUSCIA1_IRQHandler                        
000010ab  EUSCIA2_IRQHandler                        
000010ab  EUSCIA3_IRQHandler                        
000010ab  EUSCIB0_IRQHandler                        
000010ab  EUSCIB1_IRQHandler                        
000010ab  EUSCIB2_IRQHandler                        
000010ab  EUSCIB3_IRQHandler                        
000010ab  FLCTL_IRQHandler                          
000010ab  FPU_IRQHandler                            
000010ab  HardFault_Handler                         
000010ab  MemManage_Handler                         
000010ab  NMI_Handler                               
000010ab  PCM_IRQHandler                            
000010ab  PORT1_IRQHandler                          
000010ab  PORT2_IRQHandler                          
000010ab  PORT3_IRQHandler                          
000010ab  PORT4_IRQHandler                          
000010ab  PORT5_IRQHandler                          
000010ab  PORT6_IRQHandler                          
000010ab  PSS_IRQHandler                            
000010ab  PendSV_Handler                            
000010ab  RTC_C_IRQHandler                          
000010ab  SVC_Handler                               
000010ab  SysTick_Handler                           
000010ab  T32_INT1_IRQHandler                       
000010ab  T32_INT2_IRQHandler                       
000010ab  T32_INTC_IRQHandler                       
000010ab  TA0_N_IRQHandler                          
000010ab  TA1_N_IRQHandler                          
000010ab  TA2_0_IRQHandler                          
000010ab  TA2_N_IRQHandler                          
000010ab  TA3_0_IRQHandler                          
000010ab  TA3_N_IRQHandler                          
000010ab  UsageFault_Handler                        
000010ab  WDT_A_IRQHandler                          
000010ad  CPU_cpsie                                 
000010b9  __TI_zero_init                            
000010c5  _system_pre_init                          
000010c9  C$$EXIT                                   
000010c9  abort                                     
000011b4  __TI_Handler_Table_Base                   
000011c0  __TI_Handler_Table_Limit                  
000011c8  __TI_CINIT_Base                           
000011d8  __TI_CINIT_Limit                          
20000000  QueueBuffer                               
20000800  Queue                                     
20000814  ADC_Buffer                                
20000820  Message_CallBack                          
20000824  PWMConfig0                                
2000083c  PWMConfig1                                
20000854  PWMConfig2                                
2000086c  UpModeConfig                              
20000884  TIMER_A0_CB                               
20000888  TIMER_A1_CB                               
2000088c  ADC_Callback                              
20000890  SystemCoreClock                           
20007e00  __stack                                   
20008000  __STACK_END                               
4000480c  WDTCTL_SYM                                
ffffffff  __TI_pprof_out_hndl                       
ffffffff  __TI_prof_data_size                       
ffffffff  __TI_prof_data_start                      
ffffffff  __binit__                                 
ffffffff  __c_args__                                
ffffffff  binit                                     
UNDEFED   __mpu_init                                
UNDEFED   _system_post_cinit                        

[145 symbols]
