******************************************************************************
                  TI ARM Linker PC v18.1.1                     
******************************************************************************
>> Linked Mon Apr 16 16:59:03 2018

OUTPUT FILE NAME:   <Servo_ADC_MPS432.out>
ENTRY POINT SYMBOL: "_c_int00_noargs"  address: 00000d51


MEMORY CONFIGURATION

         name            origin    length      used     unused   attr    fill
----------------------  --------  ---------  --------  --------  ----  --------
  MAIN                  00000000   00020000  00000ea6  0001f15a  R  X
  INFO                  00200000   00004000  00000000  00004000  R  X
  SRAM_CODE             01000000   00008000  00000231  00007dcf  RW X
  SRAM_DATA             20000000   00008000  00000231  00007dcf  RW  


SEGMENT ALLOCATION MAP

run origin  load origin   length   init length attrs members
----------  ----------- ---------- ----------- ----- -------
00000000    00000000    00000ea8   00000ea8    r-x
  00000000    00000000    000000e4   000000e4    r-- .intvecs
  000000e4    000000e4    00000cfa   00000cfa    r-x .text
  00000de0    00000de0    00000080   00000080    r-- .const
  00000e60    00000e60    00000048   00000048    r-- .cinit
20000000    20000000    00000032   00000000    rw-
  20000000    20000000    00000025   00000000    rw- .data
  20000026    20000026    0000000c   00000000    rw- .bss
20007e00    20007e00    00000200   00000000    rw-
  20007e00    20007e00    00000200   00000000    rw- .stack


SECTION ALLOCATION MAP

 output                                  attributes/
section   page    origin      length       input sections
--------  ----  ----------  ----------   ----------------
.intvecs   0    00000000    000000e4     
                  00000000    000000e4     startup_msp432p401m_ccs.obj (.intvecs:retain)

.text      0    000000e4    00000cfa     
                  000000e4    0000032c     system_msp432p401m.obj (.text)
                  00000410    000001c4     ADC_Driver.obj (.text)
                  000005d4    000001b6     rtsv7M4_T_le_v4SPD16_eabi.lib : fd_add_t2.asm.obj (.text)
                  0000078a    00000002     --HOLE-- [fill = 0]
                  0000078c    00000198     TIMERA_Driver.obj (.text)
                  00000924    000000fc     rtsv7M4_T_le_v4SPD16_eabi.lib : fd_mul_t2.asm.obj (.text)
                  00000a20    000000b0     main.obj (.text)
                  00000ad0    0000009c     rtsv7M4_T_le_v4SPD16_eabi.lib : memcpy_t2.asm.obj (.text)
                  00000b6c    00000084     CS_Driver.obj (.text)
                  00000bf0    0000006e     rtsv7M4_T_le_v4SPD16_eabi.lib : fd_tos_t2.asm.obj (.text)
                  00000c5e    00000068                                   : copy_decompress_lzss.c.obj (.text:decompress:lzss:__TI_decompress_lzss)
                  00000cc6    00000002     --HOLE-- [fill = 0]
                  00000cc8    00000044     msp432p4xx_driverlib.lib : adc14_MSP432P4XX.obj (.text:ADC14_getMultiSequenceResult)
                  00000d0c    00000044     rtsv7M4_T_le_v4SPD16_eabi.lib : autoinit.c.obj (.text:__TI_auto_init_nobinit_nopinit:__TI_auto_init_nobinit_nopinit)
                  00000d50    00000038                                   : boot_cortex_m.c.obj (.text:_c_int00_noargs:_c_int00_noargs)
                  00000d88    00000020                                   : u_tofd_t2.asm.obj (.text)
                  00000da8    00000012                                   : copy_zero_init.c.obj (.text:decompress:ZI:__TI_zero_init_nomemset:__TI_zero_init_nomemset)
                  00000dba    0000000e                                   : copy_decompress_none.c.obj (.text:decompress:none:__TI_decompress_none)
                  00000dc8    0000000e     startup_msp432p401m_ccs.obj (.text)
                  00000dd6    00000004     rtsv7M4_T_le_v4SPD16_eabi.lib : pre_init.c.obj (.text:_system_pre_init)
                  00000dda    00000004                                   : exit.c.obj (.text:abort:abort)

.const     0    00000de0    00000080     
                  00000de0    00000080     msp432p4xx_driverlib.lib : adc14_MSP432P4XX.obj (.const:_ctlRegs)

.cinit     0    00000e60    00000048     
                  00000e60    00000021     (.cinit..data.load) [load image, compression = lzss]
                  00000e81    00000003     --HOLE-- [fill = 0]
                  00000e84    0000000c     (__TI_handler_table)
                  00000e90    00000008     (.cinit..bss.load) [load image, compression = zero_init]
                  00000e98    00000010     (__TI_cinit_table)

.init_array 
*          0    00000000    00000000     UNINITIALIZED

.binit     0    00000000    00000000     

.data      0    20000000    00000025     UNINITIALIZED
                  20000000    00000018     main.obj (.data:PWMConfig)
                  20000018    00000008     TIMERA_Driver.obj (.data)
                  20000020    00000004     system_msp432p401m.obj (.data)
                  20000024    00000001     ADC_Driver.obj (.data)

.bss       0    20000026    0000000c     UNINITIALIZED
                  20000026    0000000c     (.common:ADC_Buffer)

.stack     0    20007e00    00000200     UNINITIALIZED
                  20007e00    00000004     rtsv7M4_T_le_v4SPD16_eabi.lib : boot_cortex_m.c.obj (.stack)
                  20007e04    000001fc     --HOLE--

MODULE SUMMARY

       Module                        code   ro data   rw data
       ------                        ----   -------   -------
    .\
       system_msp432p401m.obj        812    0         8      
       startup_msp432p401m_ccs.obj   14     228       0      
       main.obj                      176    0         48     
    +--+-----------------------------+------+---------+---------+
       Total:                        1002   228       56     
                                                             
    .\Hardware\
       ADC_Driver.obj                452    0         26     
       TIMERA_Driver.obj             408    0         16     
       CS_Driver.obj                 132    0         0      
    +--+-----------------------------+------+---------+---------+
       Total:                        992    0         42     
                                                             
    C:/ti/simplelink_msp432p4_sdk_2_10_00_14/source/ti/devices/msp432p4xx/driverlib/ccs/msp432p4xx_driverlib.lib
       adc14_MSP432P4XX.obj          68     128       0      
    +--+-----------------------------+------+---------+---------+
       Total:                        68     128       0      
                                                             
    C:\ti\ccsv7\tools\compiler\ti-cgt-arm_18.1.1.LTS\lib\rtsv7M4_T_le_v4SPD16_eabi.lib
       fd_add_t2.asm.obj             438    0         0      
       fd_mul_t2.asm.obj             252    0         0      
       memcpy_t2.asm.obj             156    0         0      
       fd_tos_t2.asm.obj             110    0         0      
       copy_decompress_lzss.c.obj    104    0         0      
       autoinit.c.obj                68     0         0      
       boot_cortex_m.c.obj           56     0         0      
       u_tofd_t2.asm.obj             32     0         0      
       copy_zero_init.c.obj          18     0         0      
       copy_decompress_none.c.obj    14     0         0      
       exit.c.obj                    4      0         0      
       pre_init.c.obj                4      0         0      
    +--+-----------------------------+------+---------+---------+
       Total:                        1256   0         0      
                                                             
       Stack:                        0      0         1024   
       Linker Generated:             0      69        0      
    +--+-----------------------------+------+---------+---------+
       Grand Total:                  3318   425       1122   


LINKER GENERATED COPY TABLES

__TI_cinit_table @ 00000e98 records: 2, size/record: 8, table size: 16
	.data: load addr=00000e60, load size=00000021 bytes, run addr=20000000, run size=00000025 bytes, compression=lzss
	.bss: load addr=00000e90, load size=00000008 bytes, run addr=20000026, run size=0000000c bytes, compression=zero_init


LINKER GENERATED HANDLER TABLE

__TI_handler_table @ 00000e84 records: 3, size/record: 4, table size: 12
	index: 0, handler: __TI_decompress_lzss
	index: 1, handler: __TI_decompress_none
	index: 2, handler: __TI_zero_init


GLOBAL SYMBOLS: SORTED ALPHABETICALLY BY Name 

address   name                          
-------   ----                          
0000057d  ADC14_IRQHandler              
0000057d  ADC14_IRQHandler              
00000cc9  ADC14_getMultiSequenceResult  
20000026  ADC_Buffer                    
00000579  ADC_GetBuffer                 
00000411  ADC_Init                      
00000499  ADC_InitMultiple              
00000569  ADC_WaitSample                
00000dd5  AES256_IRQHandler             
00000dd5  BusFault_Handler              
00000ddb  C$$EXIT                       
00000dd5  COMP_E0_IRQHandler            
00000dd5  COMP_E1_IRQHandler            
00000dd5  CS_IRQHandler                 
00000b6d  CS_Init                       
00000ba7  CS_PWM_Init                   
00000dd5  DMA_ERR_IRQHandler            
00000dd5  DMA_INT0_IRQHandler           
00000dd5  DMA_INT1_IRQHandler           
00000dd5  DMA_INT2_IRQHandler           
00000dd5  DMA_INT3_IRQHandler           
00000dd5  DebugMon_Handler              
00000dd5  Default_Handler               
00000dd5  EUSCIA0_IRQHandler            
00000dd5  EUSCIA1_IRQHandler            
00000dd5  EUSCIA2_IRQHandler            
00000dd5  EUSCIA3_IRQHandler            
00000dd5  EUSCIB0_IRQHandler            
00000dd5  EUSCIB1_IRQHandler            
00000dd5  EUSCIB2_IRQHandler            
00000dd5  EUSCIB3_IRQHandler            
00000dd5  FLCTL_IRQHandler              
00000dd5  FPU_IRQHandler                
00000dd5  HardFault_Handler             
00000dd5  MemManage_Handler             
00000dd5  NMI_Handler                   
00000dd5  PCM_IRQHandler                
00000dd5  PORT1_IRQHandler              
00000dd5  PORT2_IRQHandler              
00000dd5  PORT3_IRQHandler              
00000dd5  PORT4_IRQHandler              
00000dd5  PORT5_IRQHandler              
00000dd5  PORT6_IRQHandler              
00000dd5  PSS_IRQHandler                
20000000  PWMConfig                     
00000dd5  PendSV_Handler                
00000dd5  RTC_C_IRQHandler              
00000dc9  Reset_Handler                 
00000dd5  SVC_Handler                   
20000024  Sample_Ready                  
00000dd5  SysTick_Handler               
20000020  SystemCoreClock               
000000e5  SystemCoreClockUpdate         
00000359  SystemInit                    
00000dd5  T32_INT1_IRQHandler           
00000dd5  T32_INT2_IRQHandler           
00000dd5  T32_INTC_IRQHandler           
000008cd  TA0_0_IRQHandler              
000008cd  TA0_0_IRQHandler              
00000dd5  TA0_N_IRQHandler              
000008ed  TA1_0_IRQHandler              
000008ed  TA1_0_IRQHandler              
00000dd5  TA1_N_IRQHandler              
00000dd5  TA2_0_IRQHandler              
00000dd5  TA2_N_IRQHandler              
00000dd5  TA3_0_IRQHandler              
00000dd5  TA3_N_IRQHandler              
000008af  TIMERA_DutyCycle              
0000078d  TIMERA_Init                   
00000843  TIMERA_RegisterCallback       
00000875  TIMERA_StartTimer             
20000018  TIMER_A0_CB                   
2000001c  TIMER_A1_CB                   
00000dd5  UsageFault_Handler            
4000480c  WDTCTL_SYM                    
00000dd5  WDT_A_IRQHandler              
20008000  __STACK_END                   
00000200  __STACK_SIZE                  
00000e98  __TI_CINIT_Base               
00000ea8  __TI_CINIT_Limit              
00000e84  __TI_Handler_Table_Base       
00000e90  __TI_Handler_Table_Limit      
00000d0d  __TI_auto_init_nobinit_nopinit
00000c5f  __TI_decompress_lzss          
00000dbb  __TI_decompress_none          
ffffffff  __TI_pprof_out_hndl           
ffffffff  __TI_prof_data_size           
ffffffff  __TI_prof_data_start          
00000000  __TI_static_base__            
00000da9  __TI_zero_init_nomemset       
00000bf1  __aeabi_d2f                   
000005df  __aeabi_dadd                  
00000925  __aeabi_dmul                  
000005d5  __aeabi_dsub                  
00000ad1  __aeabi_memcpy                
00000ad1  __aeabi_memcpy4               
00000ad1  __aeabi_memcpy8               
00000d89  __aeabi_ui2d                  
ffffffff  __binit__                     
ffffffff  __c_args__                    
UNDEFED   __mpu_init                    
20007e00  __stack                       
00000d51  _c_int00_noargs               
UNDEFED   _system_post_cinit            
00000dd7  _system_pre_init              
00000ddb  abort                         
ffffffff  binit                         
00000000  interruptVectors              
00000a21  main                          
00000ad1  memcpy                        


GLOBAL SYMBOLS: SORTED BY Symbol Address 

address   name                          
-------   ----                          
00000000  __TI_static_base__            
00000000  interruptVectors              
000000e5  SystemCoreClockUpdate         
00000200  __STACK_SIZE                  
00000359  SystemInit                    
00000411  ADC_Init                      
00000499  ADC_InitMultiple              
00000569  ADC_WaitSample                
00000579  ADC_GetBuffer                 
0000057d  ADC14_IRQHandler              
0000057d  ADC14_IRQHandler              
000005d5  __aeabi_dsub                  
000005df  __aeabi_dadd                  
0000078d  TIMERA_Init                   
00000843  TIMERA_RegisterCallback       
00000875  TIMERA_StartTimer             
000008af  TIMERA_DutyCycle              
000008cd  TA0_0_IRQHandler              
000008cd  TA0_0_IRQHandler              
000008ed  TA1_0_IRQHandler              
000008ed  TA1_0_IRQHandler              
00000925  __aeabi_dmul                  
00000a21  main                          
00000ad1  __aeabi_memcpy                
00000ad1  __aeabi_memcpy4               
00000ad1  __aeabi_memcpy8               
00000ad1  memcpy                        
00000b6d  CS_Init                       
00000ba7  CS_PWM_Init                   
00000bf1  __aeabi_d2f                   
00000c5f  __TI_decompress_lzss          
00000cc9  ADC14_getMultiSequenceResult  
00000d0d  __TI_auto_init_nobinit_nopinit
00000d51  _c_int00_noargs               
00000d89  __aeabi_ui2d                  
00000da9  __TI_zero_init_nomemset       
00000dbb  __TI_decompress_none          
00000dc9  Reset_Handler                 
00000dd5  AES256_IRQHandler             
00000dd5  BusFault_Handler              
00000dd5  COMP_E0_IRQHandler            
00000dd5  COMP_E1_IRQHandler            
00000dd5  CS_IRQHandler                 
00000dd5  DMA_ERR_IRQHandler            
00000dd5  DMA_INT0_IRQHandler           
00000dd5  DMA_INT1_IRQHandler           
00000dd5  DMA_INT2_IRQHandler           
00000dd5  DMA_INT3_IRQHandler           
00000dd5  DebugMon_Handler              
00000dd5  Default_Handler               
00000dd5  EUSCIA0_IRQHandler            
00000dd5  EUSCIA1_IRQHandler            
00000dd5  EUSCIA2_IRQHandler            
00000dd5  EUSCIA3_IRQHandler            
00000dd5  EUSCIB0_IRQHandler            
00000dd5  EUSCIB1_IRQHandler            
00000dd5  EUSCIB2_IRQHandler            
00000dd5  EUSCIB3_IRQHandler            
00000dd5  FLCTL_IRQHandler              
00000dd5  FPU_IRQHandler                
00000dd5  HardFault_Handler             
00000dd5  MemManage_Handler             
00000dd5  NMI_Handler                   
00000dd5  PCM_IRQHandler                
00000dd5  PORT1_IRQHandler              
00000dd5  PORT2_IRQHandler              
00000dd5  PORT3_IRQHandler              
00000dd5  PORT4_IRQHandler              
00000dd5  PORT5_IRQHandler              
00000dd5  PORT6_IRQHandler              
00000dd5  PSS_IRQHandler                
00000dd5  PendSV_Handler                
00000dd5  RTC_C_IRQHandler              
00000dd5  SVC_Handler                   
00000dd5  SysTick_Handler               
00000dd5  T32_INT1_IRQHandler           
00000dd5  T32_INT2_IRQHandler           
00000dd5  T32_INTC_IRQHandler           
00000dd5  TA0_N_IRQHandler              
00000dd5  TA1_N_IRQHandler              
00000dd5  TA2_0_IRQHandler              
00000dd5  TA2_N_IRQHandler              
00000dd5  TA3_0_IRQHandler              
00000dd5  TA3_N_IRQHandler              
00000dd5  UsageFault_Handler            
00000dd5  WDT_A_IRQHandler              
00000dd7  _system_pre_init              
00000ddb  C$$EXIT                       
00000ddb  abort                         
00000e84  __TI_Handler_Table_Base       
00000e90  __TI_Handler_Table_Limit      
00000e98  __TI_CINIT_Base               
00000ea8  __TI_CINIT_Limit              
20000000  PWMConfig                     
20000018  TIMER_A0_CB                   
2000001c  TIMER_A1_CB                   
20000020  SystemCoreClock               
20000024  Sample_Ready                  
20000026  ADC_Buffer                    
20007e00  __stack                       
20008000  __STACK_END                   
4000480c  WDTCTL_SYM                    
ffffffff  __TI_pprof_out_hndl           
ffffffff  __TI_prof_data_size           
ffffffff  __TI_prof_data_start          
ffffffff  __binit__                     
ffffffff  __c_args__                    
ffffffff  binit                         
UNDEFED   __mpu_init                    
UNDEFED   _system_post_cinit            

[110 symbols]
